Archive member included to satisfy reference by file (symbol)

C:/ST/STM32CubeIDE_1.15.1/STM32CubeIDE/plugins/com.st.stm32cube.ide.mcu.externaltools.gnu-tools-for-stm32.12.3.rel1.win32_1.0.200.202406191623/tools/bin/../lib/gcc/arm-none-eabi/12.3.1/../../../../arm-none-eabi/lib/thumb/v7e-m+fp/hard\libc_nano.a(libc_a-calloc.o)
                              ./Core/Src/main.o (calloc)
C:/ST/STM32CubeIDE_1.15.1/STM32CubeIDE/plugins/com.st.stm32cube.ide.mcu.externaltools.gnu-tools-for-stm32.12.3.rel1.win32_1.0.200.202406191623/tools/bin/../lib/gcc/arm-none-eabi/12.3.1/../../../../arm-none-eabi/lib/thumb/v7e-m+fp/hard\libc_nano.a(libc_a-callocr.o)
                              C:/ST/STM32CubeIDE_1.15.1/STM32CubeIDE/plugins/com.st.stm32cube.ide.mcu.externaltools.gnu-tools-for-stm32.12.3.rel1.win32_1.0.200.202406191623/tools/bin/../lib/gcc/arm-none-eabi/12.3.1/../../../../arm-none-eabi/lib/thumb/v7e-m+fp/hard\libc_nano.a(libc_a-calloc.o) (_calloc_r)
C:/ST/STM32CubeIDE_1.15.1/STM32CubeIDE/plugins/com.st.stm32cube.ide.mcu.externaltools.gnu-tools-for-stm32.12.3.rel1.win32_1.0.200.202406191623/tools/bin/../lib/gcc/arm-none-eabi/12.3.1/../../../../arm-none-eabi/lib/thumb/v7e-m+fp/hard\libc_nano.a(libc_a-exit.o)
                              C:/ST/STM32CubeIDE_1.15.1/STM32CubeIDE/plugins/com.st.stm32cube.ide.mcu.externaltools.gnu-tools-for-stm32.12.3.rel1.win32_1.0.200.202406191623/tools/bin/../lib/gcc/arm-none-eabi/12.3.1/../../../../arm-none-eabi/lib/thumb/v7e-m+fp/hard/crt0.o (exit)
C:/ST/STM32CubeIDE_1.15.1/STM32CubeIDE/plugins/com.st.stm32cube.ide.mcu.externaltools.gnu-tools-for-stm32.12.3.rel1.win32_1.0.200.202406191623/tools/bin/../lib/gcc/arm-none-eabi/12.3.1/../../../../arm-none-eabi/lib/thumb/v7e-m+fp/hard\libc_nano.a(libc_a-mallocr.o)
                              C:/ST/STM32CubeIDE_1.15.1/STM32CubeIDE/plugins/com.st.stm32cube.ide.mcu.externaltools.gnu-tools-for-stm32.12.3.rel1.win32_1.0.200.202406191623/tools/bin/../lib/gcc/arm-none-eabi/12.3.1/../../../../arm-none-eabi/lib/thumb/v7e-m+fp/hard\libc_nano.a(libc_a-callocr.o) (_malloc_r)
C:/ST/STM32CubeIDE_1.15.1/STM32CubeIDE/plugins/com.st.stm32cube.ide.mcu.externaltools.gnu-tools-for-stm32.12.3.rel1.win32_1.0.200.202406191623/tools/bin/../lib/gcc/arm-none-eabi/12.3.1/../../../../arm-none-eabi/lib/thumb/v7e-m+fp/hard\libc_nano.a(libc_a-mlock.o)
                              C:/ST/STM32CubeIDE_1.15.1/STM32CubeIDE/plugins/com.st.stm32cube.ide.mcu.externaltools.gnu-tools-for-stm32.12.3.rel1.win32_1.0.200.202406191623/tools/bin/../lib/gcc/arm-none-eabi/12.3.1/../../../../arm-none-eabi/lib/thumb/v7e-m+fp/hard\libc_nano.a(libc_a-mallocr.o) (__malloc_lock)
C:/ST/STM32CubeIDE_1.15.1/STM32CubeIDE/plugins/com.st.stm32cube.ide.mcu.externaltools.gnu-tools-for-stm32.12.3.rel1.win32_1.0.200.202406191623/tools/bin/../lib/gcc/arm-none-eabi/12.3.1/../../../../arm-none-eabi/lib/thumb/v7e-m+fp/hard\libc_nano.a(libc_a-findfp.o)
                              C:/ST/STM32CubeIDE_1.15.1/STM32CubeIDE/plugins/com.st.stm32cube.ide.mcu.externaltools.gnu-tools-for-stm32.12.3.rel1.win32_1.0.200.202406191623/tools/bin/../lib/gcc/arm-none-eabi/12.3.1/../../../../arm-none-eabi/lib/thumb/v7e-m+fp/hard\libc_nano.a(libc_a-exit.o) (__stdio_exit_handler)
C:/ST/STM32CubeIDE_1.15.1/STM32CubeIDE/plugins/com.st.stm32cube.ide.mcu.externaltools.gnu-tools-for-stm32.12.3.rel1.win32_1.0.200.202406191623/tools/bin/../lib/gcc/arm-none-eabi/12.3.1/../../../../arm-none-eabi/lib/thumb/v7e-m+fp/hard\libc_nano.a(libc_a-fwalk.o)
                              C:/ST/STM32CubeIDE_1.15.1/STM32CubeIDE/plugins/com.st.stm32cube.ide.mcu.externaltools.gnu-tools-for-stm32.12.3.rel1.win32_1.0.200.202406191623/tools/bin/../lib/gcc/arm-none-eabi/12.3.1/../../../../arm-none-eabi/lib/thumb/v7e-m+fp/hard\libc_nano.a(libc_a-findfp.o) (_fwalk_sglue)
C:/ST/STM32CubeIDE_1.15.1/STM32CubeIDE/plugins/com.st.stm32cube.ide.mcu.externaltools.gnu-tools-for-stm32.12.3.rel1.win32_1.0.200.202406191623/tools/bin/../lib/gcc/arm-none-eabi/12.3.1/../../../../arm-none-eabi/lib/thumb/v7e-m+fp/hard\libc_nano.a(libc_a-stdio.o)
                              C:/ST/STM32CubeIDE_1.15.1/STM32CubeIDE/plugins/com.st.stm32cube.ide.mcu.externaltools.gnu-tools-for-stm32.12.3.rel1.win32_1.0.200.202406191623/tools/bin/../lib/gcc/arm-none-eabi/12.3.1/../../../../arm-none-eabi/lib/thumb/v7e-m+fp/hard\libc_nano.a(libc_a-findfp.o) (__sread)
C:/ST/STM32CubeIDE_1.15.1/STM32CubeIDE/plugins/com.st.stm32cube.ide.mcu.externaltools.gnu-tools-for-stm32.12.3.rel1.win32_1.0.200.202406191623/tools/bin/../lib/gcc/arm-none-eabi/12.3.1/../../../../arm-none-eabi/lib/thumb/v7e-m+fp/hard\libc_nano.a(libc_a-memset.o)
                              C:/ST/STM32CubeIDE_1.15.1/STM32CubeIDE/plugins/com.st.stm32cube.ide.mcu.externaltools.gnu-tools-for-stm32.12.3.rel1.win32_1.0.200.202406191623/tools/bin/../lib/gcc/arm-none-eabi/12.3.1/../../../../arm-none-eabi/lib/thumb/v7e-m+fp/hard/crt0.o (memset)
[...]
Memory Configuration

Name             Origin             Length             Attributes
RAM              0x20000000         0x00010000         xrw
RAM2             0x10000000         0x00004000         xrw
FLASH            0x08000000         0x00040000         xr
*default*        0x00000000         0xffffffff

Linker script and memory map

LOAD C:/ST/STM32CubeIDE_1.15.1/STM32CubeIDE/plugins/com.st.stm32cube.ide.mcu.externaltools.gnu-tools-for-stm32.12.3.rel1.win32_1.0.200.202406191623/tools/bin/../lib/gcc/arm-none-eabi/12.3.1/thumb/v7e-m+fp/hard/crti.o
LOAD C:/ST/STM32CubeIDE_1.15.1/STM32CubeIDE/plugins/com.st.stm32cube.ide.mcu.externaltools.gnu-tools-for-stm32.12.3.rel1.win32_1.0.200.202406191623/tools/bin/../lib/gcc/arm-none-eabi/12.3.1/thumb/v7e-m+fp/hard/crtbegin.o
LOAD C:/ST/STM32CubeIDE_1.15.1/STM32CubeIDE/plugins/com.st.stm32cube.ide.mcu.externaltools.gnu-tools-for-stm32.12.3.rel1.win32_1.0.200.202406191623/tools/bin/../lib/gcc/arm-none-eabi/12.3.1/../../../../arm-none-eabi/lib/thumb/v7e-m+fp/hard/crt0.o
LOAD ./Core/Src/main.o
LOAD ./Core/Src/stm32l4xx_hal_msp.o
LOAD ./Core/Src/stm32l4xx_it.o
LOAD ./Core/Src/syscalls.o
LOAD ./Core/Src/sysmem.o
LOAD ./Core/Src/system_stm32l4xx.o
LOAD ./Core/Startup/startup_stm32l433rcix.o
LOAD ./Drivers/STM32L4xx_HAL_Driver/Src/stm32l4xx_hal.o
LOAD ./Drivers/STM32L4xx_HAL_Driver/Src/stm32l4xx_hal_cortex.o
LOAD ./Drivers/STM32L4xx_HAL_Driver/Src/stm32l4xx_hal_dma.o
LOAD ./Drivers/STM32L4xx_HAL_Driver/Src/stm32l4xx_hal_dma_ex.o
LOAD ./Drivers/STM32L4xx_HAL_Driver/Src/stm32l4xx_hal_exti.o
LOAD ./Drivers/STM32L4xx_HAL_Driver/Src/stm32l4xx_hal_flash.o
LOAD ./Drivers/STM32L4xx_HAL_Driver/Src/stm32l4xx_hal_flash_ex.o
LOAD ./Drivers/STM32L4xx_HAL_Driver/Src/stm32l4xx_hal_flash_ramfunc.o
LOAD ./Drivers/STM32L4xx_HAL_Driver/Src/stm32l4xx_hal_gpio.o
LOAD ./Drivers/STM32L4xx_HAL_Driver/Src/stm32l4xx_hal_i2c.o
LOAD ./Drivers/STM32L4xx_HAL_Driver/Src/stm32l4xx_hal_i2c_ex.o
LOAD ./Drivers/STM32L4xx_HAL_Driver/Src/stm32l4xx_hal_pcd.o
LOAD ./Drivers/STM32L4xx_HAL_Driver/Src/stm32l4xx_hal_pcd_ex.o
LOAD ./Drivers/STM32L4xx_HAL_Driver/Src/stm32l4xx_hal_pwr.o
LOAD ./Drivers/STM32L4xx_HAL_Driver/Src/stm32l4xx_hal_pwr_ex.o
LOAD ./Drivers/STM32L4xx_HAL_Driver/Src/stm32l4xx_hal_rcc.o
LOAD ./Drivers/STM32L4xx_HAL_Driver/Src/stm32l4xx_hal_rcc_ex.o
LOAD ./Drivers/STM32L4xx_HAL_Driver/Src/stm32l4xx_hal_tim.o
LOAD ./Drivers/STM32L4xx_HAL_Driver/Src/stm32l4xx_hal_tim_ex.o
LOAD ./Drivers/STM32L4xx_HAL_Driver/Src/stm32l4xx_ll_usb.o
LOAD ./Middlewares/ST/STM32_USB_Device_Library/Class/CDC/Src/usbd_cdc.o
LOAD ./Middlewares/ST/STM32_USB_Device_Library/Core/Src/usbd_core.o
LOAD ./Middlewares/ST/STM32_USB_Device_Library/Core/Src/usbd_ctlreq.o
LOAD ./Middlewares/ST/STM32_USB_Device_Library/Core/Src/usbd_ioreq.o
LOAD ./USB_DEVICE/App/usb_device.o
LOAD ./USB_DEVICE/App/usbd_cdc_if.o
LOAD ./USB_DEVICE/App/usbd_desc.o
LOAD ./USB_DEVICE/Target/usbd_conf.o
START GROUP
LOAD C:/ST/STM32CubeIDE_1.15.1/STM32CubeIDE/plugins/com.st.stm32cube.ide.mcu.externaltools.gnu-tools-for-stm32.12.3.rel1.win32_1.0.200.202406191623/tools/bin/../lib/gcc/arm-none-eabi/12.3.1/../../../../arm-none-eabi/lib/thumb/v7e-m+fp/hard\libc_nano.a
LOAD C:/ST/STM32CubeIDE_1.15.1/STM32CubeIDE/plugins/com.st.stm32cube.ide.mcu.externaltools.gnu-tools-for-stm32.12.3.rel1.win32_1.0.200.202406191623/tools/bin/../lib/gcc/arm-none-eabi/12.3.1/../../../../arm-none-eabi/lib/thumb/v7e-m+fp/hard\libm.a
END GROUP
START GROUP
LOAD C:/ST/STM32CubeIDE_1.15.1/STM32CubeIDE/plugins/com.st.stm32cube.ide.mcu.externaltools.gnu-tools-for-stm32.12.3.rel1.win32_1.0.200.202406191623/tools/bin/../lib/gcc/arm-none-eabi/12.3.1/thumb/v7e-m+fp/hard\libgcc.a
LOAD C:/ST/STM32CubeIDE_1.15.1/STM32CubeIDE/plugins/com.st.stm32cube.ide.mcu.externaltools.gnu-tools-for-stm32.12.3.rel1.win32_1.0.200.202406191623/tools/bin/../lib/gcc/arm-none-eabi/12.3.1/../../../../arm-none-eabi/lib/thumb/v7e-m+fp/hard\libc_nano.a
END GROUP
START GROUP
LOAD C:/ST/STM32CubeIDE_1.15.1/STM32CubeIDE/plugins/com.st.stm32cube.ide.mcu.externaltools.gnu-tools-for-stm32.12.3.rel1.win32_1.0.200.202406191623/tools/bin/../lib/gcc/arm-none-eabi/12.3.1/thumb/v7e-m+fp/hard\libgcc.a
LOAD C:/ST/STM32CubeIDE_1.15.1/STM32CubeIDE/plugins/com.st.stm32cube.ide.mcu.externaltools.gnu-tools-for-stm32.12.3.rel1.win32_1.0.200.202406191623/tools/bin/../lib/gcc/arm-none-eabi/12.3.1/../../../../arm-none-eabi/lib/thumb/v7e-m+fp/hard\libc_nano.a
LOAD C:/ST/STM32CubeIDE_1.15.1/STM32CubeIDE/plugins/com.st.stm32cube.ide.mcu.externaltools.gnu-tools-for-stm32.12.3.rel1.win32_1.0.200.202406191623/tools/bin/../lib/gcc/arm-none-eabi/12.3.1/../../../../arm-none-eabi/lib/thumb/v7e-m+fp/hard\libnosys.a
END GROUP
START GROUP
LOAD C:/ST/STM32CubeIDE_1.15.1/STM32CubeIDE/plugins/com.st.stm32cube.ide.mcu.externaltools.gnu-tools-for-stm32.12.3.rel1.win32_1.0.200.202406191623/tools/bin/../lib/gcc/arm-none-eabi/12.3.1/thumb/v7e-m+fp/hard\libgcc.a
LOAD C:/ST/STM32CubeIDE_1.15.1/STM32CubeIDE/plugins/com.st.stm32cube.ide.mcu.externaltools.gnu-tools-for-stm32.12.3.rel1.win32_1.0.200.202406191623/tools/bin/../lib/gcc/arm-none-eabi/12.3.1/../../../../arm-none-eabi/lib/thumb/v7e-m+fp/hard\libc_nano.a
LOAD C:/ST/STM32CubeIDE_1.15.1/STM32CubeIDE/plugins/com.st.stm32cube.ide.mcu.externaltools.gnu-tools-for-stm32.12.3.rel1.win32_1.0.200.202406191623/tools/bin/../lib/gcc/arm-none-eabi/12.3.1/../../../../arm-none-eabi/lib/thumb/v7e-m+fp/hard\libnosys.a
END GROUP
LOAD C:/ST/STM32CubeIDE_1.15.1/STM32CubeIDE/plugins/com.st.stm32cube.ide.mcu.externaltools.gnu-tools-for-stm32.12.3.rel1.win32_1.0.200.202406191623/tools/bin/../lib/gcc/arm-none-eabi/12.3.1/thumb/v7e-m+fp/hard/crtend.o
LOAD C:/ST/STM32CubeIDE_1.15.1/STM32CubeIDE/plugins/com.st.stm32cube.ide.mcu.externaltools.gnu-tools-for-stm32.12.3.rel1.win32_1.0.200.202406191623/tools/bin/../lib/gcc/arm-none-eabi/12.3.1/thumb/v7e-m+fp/hard/crtn.o
                0x20010000                        _estack = (ORIGIN (RAM) + LENGTH (RAM))
                0x00000200                        _Min_Heap_Size = 0x200
                0x00000400                        _Min_Stack_Size = 0x400

.isr_vector     0x08000000      0x18c
                0x08000000                        . = ALIGN (0x4)
 *(.isr_vector)
 .isr_vector    0x08000000      0x18c ./Core/Startup/startup_stm32l433rcix.o
                0x08000000                g_pfnVectors
                0x0800018c                        . = ALIGN (0x4)

.text           0x0800018c     0x9dcc
                0x0800018c                        . = ALIGN (0x4)
 *(.text)
 .text          0x0800018c       0x40 C:/ST/STM32CubeIDE_1.15.1/STM32CubeIDE/plugins/com.st.stm32cube.ide.mcu.externaltools.gnu-tools-for-stm32.12.3.rel1.win32_1.0.200.202406191623/tools/bin/../lib/gcc/arm-none-eabi/12.3.1/thumb/v7e-m+fp/hard/crtbegin.o
 *(.text*)
 .text.main     0x080001cc      0x5f8 ./Core/Src/main.o
                0x080001cc                main
 .text.SystemClock_Config
                0x080007c4       0x8a ./Core/Src/main.o
                0x080007c4                SystemClock_Config
 *fill*         0x0800084e        0x2 
 .text.MX_GPIO_Init
                0x08000850       0x98 ./Core/Src/main.o
 .text.dly      0x080008e8       0x30 ./Core/Src/main.o
                0x080008e8                dly
 .text.I2C_Init
                0x08000918       0x38 ./Core/Src/main.o
                0x08000918                I2C_Init
 .text.I2C_Start
                0x08000950       0x4c ./Core/Src/main.o
                0x08000950                I2C_Start
 .text.I2C_Stop
                0x0800099c       0x3c ./Core/Src/main.o
                0x0800099c                I2C_Stop
 .text.I2C_Read_SDA
                0x080009d8       0x24 ./Core/Src/main.o
                0x080009d8                I2C_Read_SDA
 .text.I2C_Read_SCL
                0x080009fc       0x24 ./Core/Src/main.o
                0x080009fc                I2C_Read_SCL
 .text.Tx       0x08000a20       0xb0 ./Core/Src/main.o
                0x08000a20                Tx
 .text.Rx       0x08000ad0       0xc4 ./Core/Src/main.o
                0x08000ad0                Rx
 .text.I2C_Receive
                0x08000b94       0x9c ./Core/Src/main.o
                0x08000b94                I2C_Receive
 .text.checksum_calculation
                0x08000c30       0x4c ./Core/Src/main.o
                0x08000c30                checksum_calculation
 .text.create_packet
                0x08000c7c      0x170 ./Core/Src/main.o
                0x08000c7c                create_packet
 .text.create_session_payload
                0x08000dec       0xb4 ./Core/Src/main.o
                0x08000dec                create_session_payload
 .text.create_parameter
                0x08000ea0       0x9c ./Core/Src/main.o
                0x08000ea0                create_parameter
 .text.parse_control_session_payload
                0x08000f3c       0x2c ./Core/Src/main.o
                0x08000f3c                parse_control_session_payload
 .text.Error_Handler
                0x08000f68        0xc ./Core/Src/main.o
                0x08000f68                Error_Handler
 .text.HAL_MspInit
                0x08000f74       0x48 ./Core/Src/stm32l4xx_hal_msp.o
                0x08000f74                HAL_MspInit
 .text.NMI_Handler
                0x08000fbc        0x8 ./Core/Src/stm32l4xx_it.o
                0x08000fbc                NMI_Handler
 .text.HardFault_Handler
                0x08000fc4        0x8 ./Core/Src/stm32l4xx_it.o
                0x08000fc4                HardFault_Handler
 .text.MemManage_Handler
                0x08000fcc        0x8 ./Core/Src/stm32l4xx_it.o
                0x08000fcc                MemManage_Handler
 .text.BusFault_Handler
                0x08000fd4        0x8 ./Core/Src/stm32l4xx_it.o
                0x08000fd4                BusFault_Handler
 .text.UsageFault_Handler
                0x08000fdc        0x8 ./Core/Src/stm32l4xx_it.o
                0x08000fdc                UsageFault_Handler
 .text.SVC_Handler
                0x08000fe4        0xe ./Core/Src/stm32l4xx_it.o
                0x08000fe4                SVC_Handler
 .text.DebugMon_Handler
                0x08000ff2        0xe ./Core/Src/stm32l4xx_it.o
                0x08000ff2                DebugMon_Handler
 .text.PendSV_Handler
                0x08001000        0xe ./Core/Src/stm32l4xx_it.o
                0x08001000                PendSV_Handler
 .text.SysTick_Handler
                0x0800100e        0xc ./Core/Src/stm32l4xx_it.o
                0x0800100e                SysTick_Handler
 *fill*         0x0800101a        0x2 
 .text.USB_IRQHandler
                0x0800101c       0x14 ./Core/Src/stm32l4xx_it.o
                0x0800101c                USB_IRQHandler
 .text._sbrk    0x08001030       0x6c ./Core/Src/sysmem.o
                0x08001030                _sbrk
 .text.SystemInit
                0x0800109c       0x24 ./Core/Src/system_stm32l4xx.o
                0x0800109c                SystemInit
 .text.Reset_Handler
                0x080010c0       0x50 ./Core/Startup/startup_stm32l433rcix.o
                0x080010c0                Reset_Handler
 .text.Default_Handler
                0x08001110        0x2 ./Core/Startup/startup_stm32l433rcix.o
                0x08001110                RTC_Alarm_IRQHandler
                0x08001110                EXTI2_IRQHandler
                0x08001110                TIM1_CC_IRQHandler
                0x08001110                TSC_IRQHandler
                0x08001110                TAMP_STAMP_IRQHandler
                0x08001110                EXTI3_IRQHandler
                0x08001110                LPTIM2_IRQHandler
                0x08001110                I2C3_ER_IRQHandler
                0x08001110                EXTI0_IRQHandler
                0x08001110                I2C2_EV_IRQHandler
                0x08001110                CAN1_RX0_IRQHandler
                0x08001110                FPU_IRQHandler
                0x08001110                TIM1_UP_TIM16_IRQHandler
                0x08001110                SPI1_IRQHandler
                0x08001110                TIM6_DAC_IRQHandler
                0x08001110                DMA2_Channel2_IRQHandler
                0x08001110                DMA1_Channel4_IRQHandler
                0x08001110                ADC1_IRQHandler
                0x08001110                USART3_IRQHandler
                0x08001110                DMA1_Channel7_IRQHandler
                0x08001110                CAN1_RX1_IRQHandler
                0x08001110                LCD_IRQHandler
                0x08001110                DMA2_Channel1_IRQHandler
                0x08001110                QUADSPI_IRQHandler
                0x08001110                I2C1_EV_IRQHandler
                0x08001110                DMA1_Channel6_IRQHandler
                0x08001110                DMA2_Channel4_IRQHandler
                0x08001110                RCC_IRQHandler
                0x08001110                TIM1_TRG_COM_IRQHandler
                0x08001110                DMA1_Channel1_IRQHandler
                0x08001110                Default_Handler
                0x08001110                DMA2_Channel7_IRQHandler
                0x08001110                EXTI15_10_IRQHandler
                0x08001110                TIM7_IRQHandler
                0x08001110                SDMMC1_IRQHandler
                0x08001110                I2C3_EV_IRQHandler
                0x08001110                EXTI9_5_IRQHandler
                0x08001110                RTC_WKUP_IRQHandler
                0x08001110                PVD_PVM_IRQHandler
                0x08001110                SPI2_IRQHandler
                0x08001110                CAN1_TX_IRQHandler
                0x08001110                DMA2_Channel5_IRQHandler
                0x08001110                CRS_IRQHandler
                0x08001110                DMA1_Channel5_IRQHandler
                0x08001110                EXTI4_IRQHandler
                0x08001110                RNG_IRQHandler
                0x08001110                DMA1_Channel3_IRQHandler
                0x08001110                COMP_IRQHandler
                0x08001110                WWDG_IRQHandler
                0x08001110                LPUART1_IRQHandler
                0x08001110                DMA2_Channel6_IRQHandler
                0x08001110                TIM2_IRQHandler
                0x08001110                EXTI1_IRQHandler
                0x08001110                USART2_IRQHandler
                0x08001110                I2C2_ER_IRQHandler
                0x08001110                DMA1_Channel2_IRQHandler
                0x08001110                CAN1_SCE_IRQHandler
                0x08001110                FLASH_IRQHandler
                0x08001110                USART1_IRQHandler
                0x08001110                SPI3_IRQHandler
                0x08001110                I2C1_ER_IRQHandler
                0x08001110                SWPMI1_IRQHandler
                0x08001110                LPTIM1_IRQHandler
                0x08001110                SAI1_IRQHandler
                0x08001110                DMA2_Channel3_IRQHandler
                0x08001110                TIM1_BRK_TIM15_IRQHandler
 .text.HAL_Init
                0x08001112       0x30 ./Drivers/STM32L4xx_HAL_Driver/Src/stm32l4xx_hal.o
                0x08001112                HAL_Init
 *fill*         0x08001142        0x2 
 .text.HAL_InitTick
                0x08001144       0x78 ./Drivers/STM32L4xx_HAL_Driver/Src/stm32l4xx_hal.o
                0x08001144                HAL_InitTick
 .text.HAL_IncTick
                0x080011bc       0x28 ./Drivers/STM32L4xx_HAL_Driver/Src/stm32l4xx_hal.o
                0x080011bc                HAL_IncTick
 .text.HAL_GetTick
                0x080011e4       0x18 ./Drivers/STM32L4xx_HAL_Driver/Src/stm32l4xx_hal.o
                0x080011e4                HAL_GetTick
 .text.HAL_Delay
                0x080011fc       0x48 ./Drivers/STM32L4xx_HAL_Driver/Src/stm32l4xx_hal.o
                0x080011fc                HAL_Delay
 .text.__NVIC_SetPriorityGrouping
                0x08001244       0x48 ./Drivers/STM32L4xx_HAL_Driver/Src/stm32l4xx_hal_cortex.o
 .text.__NVIC_GetPriorityGrouping
                0x0800128c       0x1c ./Drivers/STM32L4xx_HAL_Driver/Src/stm32l4xx_hal_cortex.o
 .text.__NVIC_EnableIRQ
                0x080012a8       0x3c ./Drivers/STM32L4xx_HAL_Driver/Src/stm32l4xx_hal_cortex.o
 .text.__NVIC_SetPriority
                0x080012e4       0x54 ./Drivers/STM32L4xx_HAL_Driver/Src/stm32l4xx_hal_cortex.o
 .text.NVIC_EncodePriority
                0x08001338       0x66 ./Drivers/STM32L4xx_HAL_Driver/Src/stm32l4xx_hal_cortex.o
 *fill*         0x0800139e        0x2 
 .text.SysTick_Config
                0x080013a0       0x44 ./Drivers/STM32L4xx_HAL_Driver/Src/stm32l4xx_hal_cortex.o
 .text.HAL_NVIC_SetPriorityGrouping
                0x080013e4       0x16 ./Drivers/STM32L4xx_HAL_Driver/Src/stm32l4xx_hal_cortex.o
                0x080013e4                HAL_NVIC_SetPriorityGrouping
 .text.HAL_NVIC_SetPriority
                0x080013fa       0x38 ./Drivers/STM32L4xx_HAL_Driver/Src/stm32l4xx_hal_cortex.o
                0x080013fa                HAL_NVIC_SetPriority
 .text.HAL_NVIC_EnableIRQ
                0x08001432       0x1c ./Drivers/STM32L4xx_HAL_Driver/Src/stm32l4xx_hal_cortex.o
                0x08001432                HAL_NVIC_EnableIRQ
 .text.HAL_SYSTICK_Config
                0x0800144e       0x18 ./Drivers/STM32L4xx_HAL_Driver/Src/stm32l4xx_hal_cortex.o
                0x0800144e                HAL_SYSTICK_Config
 *fill*         0x08001466        0x2 
 .text.HAL_GPIO_Init
                0x08001468      0x2f4 ./Drivers/STM32L4xx_HAL_Driver/Src/stm32l4xx_hal_gpio.o
                0x08001468                HAL_GPIO_Init
 .text.HAL_GPIO_ReadPin
                0x0800175c       0x30 ./Drivers/STM32L4xx_HAL_Driver/Src/stm32l4xx_hal_gpio.o
                0x0800175c                HAL_GPIO_ReadPin
 .text.HAL_GPIO_WritePin
                0x0800178c       0x30 ./Drivers/STM32L4xx_HAL_Driver/Src/stm32l4xx_hal_gpio.o
                0x0800178c                HAL_GPIO_WritePin
 .text.HAL_PCD_Init
                0x080017bc      0x20c ./Drivers/STM32L4xx_HAL_Driver/Src/stm32l4xx_hal_pcd.o
                0x080017bc                HAL_PCD_Init
 .text.HAL_PCD_Start
                0x080019c8       0x44 ./Drivers/STM32L4xx_HAL_Driver/Src/stm32l4xx_hal_pcd.o
                0x080019c8                HAL_PCD_Start
 .text.HAL_PCD_IRQHandler
                0x08001a0c      0x24e ./Drivers/STM32L4xx_HAL_Driver/Src/stm32l4xx_hal_pcd.o
                0x08001a0c                HAL_PCD_IRQHandler
 .text.HAL_PCD_SetAddress
                0x08001c5a       0x4a ./Drivers/STM32L4xx_HAL_Driver/Src/stm32l4xx_hal_pcd.o
                0x08001c5a                HAL_PCD_SetAddress
 .text.HAL_PCD_EP_Open
                0x08001ca4       0xba ./Drivers/STM32L4xx_HAL_Driver/Src/stm32l4xx_hal_pcd.o
                0x08001ca4                HAL_PCD_EP_Open
 .text.HAL_PCD_EP_Close
                0x08001d5e       0x90 ./Drivers/STM32L4xx_HAL_Driver/Src/stm32l4xx_hal_pcd.o
                0x08001d5e                HAL_PCD_EP_Close
 .text.HAL_PCD_EP_Receive
                0x08001dee       0x62 ./Drivers/STM32L4xx_HAL_Driver/Src/stm32l4xx_hal_pcd.o
                0x08001dee                HAL_PCD_EP_Receive
 .text.HAL_PCD_EP_GetRxCount
                0x08001e50       0x30 ./Drivers/STM32L4xx_HAL_Driver/Src/stm32l4xx_hal_pcd.o
                0x08001e50                HAL_PCD_EP_GetRxCount
 .text.HAL_PCD_EP_Transmit
                0x08001e80       0x6e ./Drivers/STM32L4xx_HAL_Driver/Src/stm32l4xx_hal_pcd.o
                0x08001e80                HAL_PCD_EP_Transmit
 .text.HAL_PCD_EP_SetStall
                0x08001eee       0xc0 ./Drivers/STM32L4xx_HAL_Driver/Src/stm32l4xx_hal_pcd.o
                0x08001eee                HAL_PCD_EP_SetStall
 .text.HAL_PCD_EP_ClrStall
                0x08001fae       0xa8 ./Drivers/STM32L4xx_HAL_Driver/Src/stm32l4xx_hal_pcd.o
                0x08001fae                HAL_PCD_EP_ClrStall
 .text.PCD_EP_ISR_Handler
                0x08002056      0x788 ./Drivers/STM32L4xx_HAL_Driver/Src/stm32l4xx_hal_pcd.o
 .text.HAL_PCD_EP_DB_Receive
                0x080027de      0x212 ./Drivers/STM32L4xx_HAL_Driver/Src/stm32l4xx_hal_pcd.o
 .text.HAL_PCD_EP_DB_Transmit
                0x080029f0      0x7ec ./Drivers/STM32L4xx_HAL_Driver/Src/stm32l4xx_hal_pcd.o
 .text.HAL_PCDEx_PMAConfig
                0x080031dc       0x86 ./Drivers/STM32L4xx_HAL_Driver/Src/stm32l4xx_hal_pcd_ex.o
                0x080031dc                HAL_PCDEx_PMAConfig
 .text.HAL_PCDEx_ActivateLPM
                0x08003262       0x54 ./Drivers/STM32L4xx_HAL_Driver/Src/stm32l4xx_hal_pcd_ex.o
                0x08003262                HAL_PCDEx_ActivateLPM
 *fill*         0x080032b6        0x2 
 .text.HAL_PWREx_GetVoltageRange
                0x080032b8       0x1c ./Drivers/STM32L4xx_HAL_Driver/Src/stm32l4xx_hal_pwr_ex.o
                0x080032b8                HAL_PWREx_GetVoltageRange
 .text.HAL_PWREx_ControlVoltageScaling
                0x080032d4       0xac ./Drivers/STM32L4xx_HAL_Driver/Src/stm32l4xx_hal_pwr_ex.o
                0x080032d4                HAL_PWREx_ControlVoltageScaling
 .text.HAL_PWREx_EnableVddUSB
                0x08003380       0x20 ./Drivers/STM32L4xx_HAL_Driver/Src/stm32l4xx_hal_pwr_ex.o
                0x08003380                HAL_PWREx_EnableVddUSB
 .text.HAL_RCC_OscConfig
                0x080033a0      0x828 ./Drivers/STM32L4xx_HAL_Driver/Src/stm32l4xx_hal_rcc.o
                0x080033a0                HAL_RCC_OscConfig
 .text.HAL_RCC_ClockConfig
                0x08003bc8      0x200 ./Drivers/STM32L4xx_HAL_Driver/Src/stm32l4xx_hal_rcc.o
                0x08003bc8                HAL_RCC_ClockConfig
 .text.HAL_RCC_GetSysClockFreq
                0x08003dc8      0x114 ./Drivers/STM32L4xx_HAL_Driver/Src/stm32l4xx_hal_rcc.o
                0x08003dc8                HAL_RCC_GetSysClockFreq
 .text.RCC_SetFlashLatencyFromMSIRange
                0x08003edc       0xc0 ./Drivers/STM32L4xx_HAL_Driver/Src/stm32l4xx_hal_rcc.o
 .text.HAL_RCCEx_PeriphCLKConfig
                0x08003f9c      0x494 ./Drivers/STM32L4xx_HAL_Driver/Src/stm32l4xx_hal_rcc_ex.o
                0x08003f9c                HAL_RCCEx_PeriphCLKConfig
 .text.RCCEx_PLLSAI1_Config
                0x08004430      0x1e4 ./Drivers/STM32L4xx_HAL_Driver/Src/stm32l4xx_hal_rcc_ex.o
 .text.USB_CoreInit
                0x08004614       0x22 ./Drivers/STM32L4xx_HAL_Driver/Src/stm32l4xx_ll_usb.o
                0x08004614                USB_CoreInit
 .text.USB_EnableGlobalInt
                0x08004636       0x2e ./Drivers/STM32L4xx_HAL_Driver/Src/stm32l4xx_ll_usb.o
                0x08004636                USB_EnableGlobalInt
 .text.USB_DisableGlobalInt
                0x08004664       0x36 ./Drivers/STM32L4xx_HAL_Driver/Src/stm32l4xx_ll_usb.o
                0x08004664                USB_DisableGlobalInt
 .text.USB_SetCurrentMode
                0x0800469a       0x1a ./Drivers/STM32L4xx_HAL_Driver/Src/stm32l4xx_ll_usb.o
                0x0800469a                USB_SetCurrentMode
 .text.USB_DevInit
                0x080046b4       0x42 ./Drivers/STM32L4xx_HAL_Driver/Src/stm32l4xx_ll_usb.o
                0x080046b4                USB_DevInit
 *fill*         0x080046f6        0x2 
 .text.USB_ActivateEndpoint
                0x080046f8      0x7f8 ./Drivers/STM32L4xx_HAL_Driver/Src/stm32l4xx_ll_usb.o
                0x080046f8                USB_ActivateEndpoint
 .text.USB_DeactivateEndpoint
                0x08004ef0      0x44c ./Drivers/STM32L4xx_HAL_Driver/Src/stm32l4xx_ll_usb.o
                0x08004ef0                USB_DeactivateEndpoint
 .text.USB_EPStartXfer
                0x0800533c     0x1762 ./Drivers/STM32L4xx_HAL_Driver/Src/stm32l4xx_ll_usb.o
                0x0800533c                USB_EPStartXfer
 .text.USB_EPSetStall
                0x08006a9e       0xa2 ./Drivers/STM32L4xx_HAL_Driver/Src/stm32l4xx_ll_usb.o
                0x08006a9e                USB_EPSetStall
 .text.USB_EPClearStall
                0x08006b40      0x15c ./Drivers/STM32L4xx_HAL_Driver/Src/stm32l4xx_ll_usb.o
                0x08006b40                USB_EPClearStall
 .text.USB_SetDevAddress
                0x08006c9c       0x28 ./Drivers/STM32L4xx_HAL_Driver/Src/stm32l4xx_ll_usb.o
                0x08006c9c                USB_SetDevAddress
 .text.USB_DevConnect
                0x08006cc4       0x2e ./Drivers/STM32L4xx_HAL_Driver/Src/stm32l4xx_ll_usb.o
                0x08006cc4                USB_DevConnect
 .text.USB_DevDisconnect
                0x08006cf2       0x2a ./Drivers/STM32L4xx_HAL_Driver/Src/stm32l4xx_ll_usb.o
                0x08006cf2                USB_DevDisconnect
 .text.USB_ReadInterrupts
                0x08006d1c       0x20 ./Drivers/STM32L4xx_HAL_Driver/Src/stm32l4xx_ll_usb.o
                0x08006d1c                USB_ReadInterrupts
 .text.USB_EP0_OutStart
                0x08006d3c       0x18 ./Drivers/STM32L4xx_HAL_Driver/Src/stm32l4xx_ll_usb.o
                0x08006d3c                USB_EP0_OutStart
 .text.USB_WritePMA
                0x08006d54       0x84 ./Drivers/STM32L4xx_HAL_Driver/Src/stm32l4xx_ll_usb.o
                0x08006d54                USB_WritePMA
 .text.USB_ReadPMA
                0x08006dd8       0x98 ./Drivers/STM32L4xx_HAL_Driver/Src/stm32l4xx_ll_usb.o
                0x08006dd8                USB_ReadPMA
 .text.USBD_CDC_Init
                0x08006e70      0x1f0 ./Middlewares/ST/STM32_USB_Device_Library/Class/CDC/Src/usbd_cdc.o
 .text.USBD_CDC_DeInit
                0x08007060      0x104 ./Middlewares/ST/STM32_USB_Device_Library/Class/CDC/Src/usbd_cdc.o
 .text.USBD_CDC_Setup
                0x08007164      0x1b8 ./Middlewares/ST/STM32_USB_Device_Library/Class/CDC/Src/usbd_cdc.o
 .text.USBD_CDC_DataIn
                0x0800731c       0xfe ./Middlewares/ST/STM32_USB_Device_Library/Class/CDC/Src/usbd_cdc.o
 .text.USBD_CDC_DataOut
                0x0800741a       0x70 ./Middlewares/ST/STM32_USB_Device_Library/Class/CDC/Src/usbd_cdc.o
 .text.USBD_CDC_EP0_RxReady
                0x0800748a       0x74 ./Middlewares/ST/STM32_USB_Device_Library/Class/CDC/Src/usbd_cdc.o
 *fill*         0x080074fe        0x2 
 .text.USBD_CDC_GetFSCfgDesc
                0x08007500       0x70 ./Middlewares/ST/STM32_USB_Device_Library/Class/CDC/Src/usbd_cdc.o
 .text.USBD_CDC_GetHSCfgDesc
                0x08007570       0x70 ./Middlewares/ST/STM32_USB_Device_Library/Class/CDC/Src/usbd_cdc.o
 .text.USBD_CDC_GetOtherSpeedCfgDesc
                0x080075e0       0x70 ./Middlewares/ST/STM32_USB_Device_Library/Class/CDC/Src/usbd_cdc.o
 .text.USBD_CDC_GetDeviceQualifierDescriptor
                0x08007650       0x20 ./Middlewares/ST/STM32_USB_Device_Library/Class/CDC/Src/usbd_cdc.o
                0x08007650                USBD_CDC_GetDeviceQualifierDescriptor
 .text.USBD_CDC_RegisterInterface
                0x08007670       0x34 ./Middlewares/ST/STM32_USB_Device_Library/Class/CDC/Src/usbd_cdc.o
                0x08007670                USBD_CDC_RegisterInterface
 .text.USBD_CDC_SetTxBuffer
                0x080076a4       0x44 ./Middlewares/ST/STM32_USB_Device_Library/Class/CDC/Src/usbd_cdc.o
                0x080076a4                USBD_CDC_SetTxBuffer
 .text.USBD_CDC_SetRxBuffer
                0x080076e8       0x3a ./Middlewares/ST/STM32_USB_Device_Library/Class/CDC/Src/usbd_cdc.o
                0x080076e8                USBD_CDC_SetRxBuffer
 *fill*         0x08007722        0x2 
 .text.USBD_CDC_TransmitPacket
                0x08007724       0x80 ./Middlewares/ST/STM32_USB_Device_Library/Class/CDC/Src/usbd_cdc.o
                0x08007724                USBD_CDC_TransmitPacket
 .text.USBD_CDC_ReceivePacket
                0x080077a4       0x6c ./Middlewares/ST/STM32_USB_Device_Library/Class/CDC/Src/usbd_cdc.o
                0x080077a4                USBD_CDC_ReceivePacket
 .text.USBD_Init
                0x08007810       0x60 ./Middlewares/ST/STM32_USB_Device_Library/Core/Src/usbd_core.o
                0x08007810                USBD_Init
 .text.USBD_RegisterClass
                0x08007870       0x6c ./Middlewares/ST/STM32_USB_Device_Library/Core/Src/usbd_core.o
                0x08007870                USBD_RegisterClass
 .text.USBD_Start
                0x080078dc       0x18 ./Middlewares/ST/STM32_USB_Device_Library/Core/Src/usbd_core.o
                0x080078dc                USBD_Start
 .text.USBD_RunTestMode
                0x080078f4       0x16 ./Middlewares/ST/STM32_USB_Device_Library/Core/Src/usbd_core.o
                0x080078f4                USBD_RunTestMode
 .text.USBD_SetClassConfig
                0x0800790a       0x38 ./Middlewares/ST/STM32_USB_Device_Library/Core/Src/usbd_core.o
                0x0800790a                USBD_SetClassConfig
 .text.USBD_ClrClassConfig
                0x08007942       0x34 ./Middlewares/ST/STM32_USB_Device_Library/Core/Src/usbd_core.o
                0x08007942                USBD_ClrClassConfig
 .text.USBD_LL_SetupStage
                0x08007976       0xaa ./Middlewares/ST/STM32_USB_Device_Library/Core/Src/usbd_core.o
                0x08007976                USBD_LL_SetupStage
 .text.USBD_LL_DataOutStage
                0x08007a20      0x166 ./Middlewares/ST/STM32_USB_Device_Library/Core/Src/usbd_core.o
                0x08007a20                USBD_LL_DataOutStage
 .text.USBD_LL_DataInStage
                0x08007b86      0x164 ./Middlewares/ST/STM32_USB_Device_Library/Core/Src/usbd_core.o
                0x08007b86                USBD_LL_DataInStage
 .text.USBD_LL_Reset
                0x08007cea       0xa4 ./Middlewares/ST/STM32_USB_Device_Library/Core/Src/usbd_core.o
                0x08007cea                USBD_LL_Reset
 .text.USBD_LL_SetSpeed
                0x08007d8e       0x20 ./Middlewares/ST/STM32_USB_Device_Library/Core/Src/usbd_core.o
                0x08007d8e                USBD_LL_SetSpeed
 .text.USBD_LL_Suspend
                0x08007dae       0x38 ./Middlewares/ST/STM32_USB_Device_Library/Core/Src/usbd_core.o
                0x08007dae                USBD_LL_Suspend
 .text.USBD_LL_Resume
                0x08007de6       0x30 ./Middlewares/ST/STM32_USB_Device_Library/Core/Src/usbd_core.o
                0x08007de6                USBD_LL_Resume
 .text.USBD_LL_SOF
                0x08007e16       0x40 ./Middlewares/ST/STM32_USB_Device_Library/Core/Src/usbd_core.o
                0x08007e16                USBD_LL_SOF
 .text.USBD_CoreFindIF
                0x08007e56       0x1a ./Middlewares/ST/STM32_USB_Device_Library/Core/Src/usbd_core.o
                0x08007e56                USBD_CoreFindIF
 .text.USBD_CoreFindEP
                0x08007e70       0x1a ./Middlewares/ST/STM32_USB_Device_Library/Core/Src/usbd_core.o
                0x08007e70                USBD_CoreFindEP
 .text.USBD_GetEpDesc
                0x08007e8a       0x70 ./Middlewares/ST/STM32_USB_Device_Library/Core/Src/usbd_core.o
                0x08007e8a                USBD_GetEpDesc
 .text.USBD_GetNextDesc
                0x08007efa       0x38 ./Middlewares/ST/STM32_USB_Device_Library/Core/Src/usbd_core.o
                0x08007efa                USBD_GetNextDesc
 .text.SWAPBYTE
                0x08007f32       0x3c ./Middlewares/ST/STM32_USB_Device_Library/Core/Src/usbd_ctlreq.o
 *fill*         0x08007f6e        0x2 
 .text.USBD_StdDevReq
                0x08007f70      0x144 ./Middlewares/ST/STM32_USB_Device_Library/Core/Src/usbd_ctlreq.o
                0x08007f70                USBD_StdDevReq
 .text.USBD_StdItfReq
                0x080080b4      0x138 ./Middlewares/ST/STM32_USB_Device_Library/Core/Src/usbd_ctlreq.o
                0x080080b4                USBD_StdItfReq
 .text.USBD_StdEPReq
                0x080081ec      0x39c ./Middlewares/ST/STM32_USB_Device_Library/Core/Src/usbd_ctlreq.o
                0x080081ec                USBD_StdEPReq
 .text.USBD_GetDescriptor
                0x08008588      0x388 ./Middlewares/ST/STM32_USB_Device_Library/Core/Src/usbd_ctlreq.o
 .text.USBD_SetAddress
                0x08008910       0xf0 ./Middlewares/ST/STM32_USB_Device_Library/Core/Src/usbd_ctlreq.o
 .text.USBD_SetConfig
                0x08008a00      0x1b0 ./Middlewares/ST/STM32_USB_Device_Library/Core/Src/usbd_ctlreq.o
 .text.USBD_GetConfig
                0x08008bb0       0xcc ./Middlewares/ST/STM32_USB_Device_Library/Core/Src/usbd_ctlreq.o
 .text.USBD_GetStatus
                0x08008c7c       0xc8 ./Middlewares/ST/STM32_USB_Device_Library/Core/Src/usbd_ctlreq.o
 .text.USBD_SetFeature
                0x08008d44       0xb0 ./Middlewares/ST/STM32_USB_Device_Library/Core/Src/usbd_ctlreq.o
 .text.USBD_ClrFeature
                0x08008df4       0xa4 ./Middlewares/ST/STM32_USB_Device_Library/Core/Src/usbd_ctlreq.o
 .text.USBD_ParseSetupRequest
                0x08008e98       0x74 ./Middlewares/ST/STM32_USB_Device_Library/Core/Src/usbd_ctlreq.o
                0x08008e98                USBD_ParseSetupRequest
 .text.USBD_CtlError
                0x08008f0c       0x70 ./Middlewares/ST/STM32_USB_Device_Library/Core/Src/usbd_ctlreq.o
                0x08008f0c                USBD_CtlError
 .text.USBD_GetString
                0x08008f7c       0x8c ./Middlewares/ST/STM32_USB_Device_Library/Core/Src/usbd_ctlreq.o
                0x08008f7c                USBD_GetString
 .text.USBD_GetLen
                0x08009008       0x34 ./Middlewares/ST/STM32_USB_Device_Library/Core/Src/usbd_ctlreq.o
 .text.USBD_CtlSendData
                0x0800903c       0x36 ./Middlewares/ST/STM32_USB_Device_Library/Core/Src/usbd_ioreq.o
                0x0800903c                USBD_CtlSendData
 .text.USBD_CtlContinueSendData
                0x08009072       0x22 ./Middlewares/ST/STM32_USB_Device_Library/Core/Src/usbd_ioreq.o
                0x08009072                USBD_CtlContinueSendData
 .text.USBD_CtlPrepareRx
                0x08009094       0x3a ./Middlewares/ST/STM32_USB_Device_Library/Core/Src/usbd_ioreq.o
                0x08009094                USBD_CtlPrepareRx
 .text.USBD_CtlContinueRx
                0x080090ce       0x22 ./Middlewares/ST/STM32_USB_Device_Library/Core/Src/usbd_ioreq.o
                0x080090ce                USBD_CtlContinueRx
 .text.USBD_CtlSendStatus
                0x080090f0       0x26 ./Middlewares/ST/STM32_USB_Device_Library/Core/Src/usbd_ioreq.o
                0x080090f0                USBD_CtlSendStatus
 .text.USBD_CtlReceiveStatus
                0x08009116       0x26 ./Middlewares/ST/STM32_USB_Device_Library/Core/Src/usbd_ioreq.o
                0x08009116                USBD_CtlReceiveStatus
 .text.MX_USB_DEVICE_Init
                0x0800913c       0x60 ./USB_DEVICE/App/usb_device.o
                0x0800913c                MX_USB_DEVICE_Init
 .text.CDC_Init_FS
                0x0800919c       0x28 ./USB_DEVICE/App/usbd_cdc_if.o
 .text.CDC_DeInit_FS
                0x080091c4       0x10 ./USB_DEVICE/App/usbd_cdc_if.o
 .text.CDC_Control_FS
                0x080091d4       0xbc ./USB_DEVICE/App/usbd_cdc_if.o
 .text.CDC_Receive_FS
                0x08009290       0x98 ./USB_DEVICE/App/usbd_cdc_if.o
 .text.CDC_Transmit_FS
                0x08009328       0x4c ./USB_DEVICE/App/usbd_cdc_if.o
                0x08009328                CDC_Transmit_FS
 .text.CDC_TransmitCplt_FS
                0x08009374       0x22 ./USB_DEVICE/App/usbd_cdc_if.o
 *fill*         0x08009396        0x2 
 .text.USBD_FS_DeviceDescriptor
                0x08009398       0x24 ./USB_DEVICE/App/usbd_desc.o
                0x08009398                USBD_FS_DeviceDescriptor
 .text.USBD_FS_LangIDStrDescriptor
                0x080093bc       0x24 ./USB_DEVICE/App/usbd_desc.o
                0x080093bc                USBD_FS_LangIDStrDescriptor
 .text.USBD_FS_ProductStrDescriptor
                0x080093e0       0x3c ./USB_DEVICE/App/usbd_desc.o
                0x080093e0                USBD_FS_ProductStrDescriptor
 .text.USBD_FS_ManufacturerStrDescriptor
                0x0800941c       0x28 ./USB_DEVICE/App/usbd_desc.o
                0x0800941c                USBD_FS_ManufacturerStrDescriptor
 .text.USBD_FS_SerialStrDescriptor
                0x08009444       0x24 ./USB_DEVICE/App/usbd_desc.o
                0x08009444                USBD_FS_SerialStrDescriptor
 .text.USBD_FS_ConfigStrDescriptor
                0x08009468       0x3c ./USB_DEVICE/App/usbd_desc.o
                0x08009468                USBD_FS_ConfigStrDescriptor
 .text.USBD_FS_InterfaceStrDescriptor
                0x080094a4       0x3c ./USB_DEVICE/App/usbd_desc.o
                0x080094a4                USBD_FS_InterfaceStrDescriptor
 .text.USBD_FS_USR_BOSDescriptor
                0x080094e0       0x24 ./USB_DEVICE/App/usbd_desc.o
                0x080094e0                USBD_FS_USR_BOSDescriptor
 .text.Get_SerialNum
                0x08009504       0x58 ./USB_DEVICE/App/usbd_desc.o
 .text.IntToUnicode
                0x0800955c       0x7e ./USB_DEVICE/App/usbd_desc.o
 *fill*         0x080095da        0x2 
 .text.HAL_PCD_MspInit
                0x080095dc       0x78 ./USB_DEVICE/Target/usbd_conf.o
                0x080095dc                HAL_PCD_MspInit
 .text.HAL_PCD_SetupStageCallback
                0x08009654       0x24 ./USB_DEVICE/Target/usbd_conf.o
                0x08009654                HAL_PCD_SetupStageCallback
 .text.HAL_PCD_DataOutStageCallback
                0x08009678       0x36 ./USB_DEVICE/Target/usbd_conf.o
                0x08009678                HAL_PCD_DataOutStageCallback
 .text.HAL_PCD_DataInStageCallback
                0x080096ae       0x34 ./USB_DEVICE/Target/usbd_conf.o
                0x080096ae                HAL_PCD_DataInStageCallback
 .text.HAL_PCD_SOFCallback
                0x080096e2       0x1c ./USB_DEVICE/Target/usbd_conf.o
                0x080096e2                HAL_PCD_SOFCallback
 .text.HAL_PCD_ResetCallback
                0x080096fe       0x3c ./USB_DEVICE/Target/usbd_conf.o
                0x080096fe                HAL_PCD_ResetCallback
 *fill*         0x0800973a        0x2 
 .text.HAL_PCD_SuspendCallback
                0x0800973c       0x34 ./USB_DEVICE/Target/usbd_conf.o
                0x0800973c                HAL_PCD_SuspendCallback
 .text.HAL_PCD_ResumeCallback
                0x08009770       0x38 ./USB_DEVICE/Target/usbd_conf.o
                0x08009770                HAL_PCD_ResumeCallback
 .text.USBD_LL_Init
                0x080097a8       0xc4 ./USB_DEVICE/Target/usbd_conf.o
                0x080097a8                USBD_LL_Init
 .text.USBD_LL_Start
                0x0800986c       0x64 ./USB_DEVICE/Target/usbd_conf.o
                0x0800986c                USBD_LL_Start
 .text.USBD_LL_OpenEP
                0x080098d0       0x7c ./USB_DEVICE/Target/usbd_conf.o
                0x080098d0                USBD_LL_OpenEP
 .text.USBD_LL_CloseEP
                0x0800994c       0x6c ./USB_DEVICE/Target/usbd_conf.o
                0x0800994c                USBD_LL_CloseEP
 .text.USBD_LL_StallEP
                0x080099b8       0x6c ./USB_DEVICE/Target/usbd_conf.o
                0x080099b8                USBD_LL_StallEP
 .text.USBD_LL_ClearStallEP
                0x08009a24       0x6c ./USB_DEVICE/Target/usbd_conf.o
                0x08009a24                USBD_LL_ClearStallEP
 .text.USBD_LL_IsStallEP
                0x08009a90       0x5a ./USB_DEVICE/Target/usbd_conf.o
                0x08009a90                USBD_LL_IsStallEP
 *fill*         0x08009aea        0x2 
 .text.USBD_LL_SetUSBAddress
                0x08009aec       0x6c ./USB_DEVICE/Target/usbd_conf.o
                0x08009aec                USBD_LL_SetUSBAddress
 .text.USBD_LL_Transmit
                0x08009b58       0x70 ./USB_DEVICE/Target/usbd_conf.o
                0x08009b58                USBD_LL_Transmit
 .text.USBD_LL_PrepareReceive
                0x08009bc8       0x70 ./USB_DEVICE/Target/usbd_conf.o
                0x08009bc8                USBD_LL_PrepareReceive
 .text.USBD_LL_GetRxDataSize
                0x08009c38       0x26 ./USB_DEVICE/Target/usbd_conf.o
                0x08009c38                USBD_LL_GetRxDataSize
 *fill*         0x08009c5e        0x2 
 .text.HAL_PCDEx_LPM_Callback
                0x08009c60       0x6c ./USB_DEVICE/Target/usbd_conf.o
                0x08009c60                HAL_PCDEx_LPM_Callback
 .text.USBD_static_malloc
                0x08009ccc       0x1c ./USB_DEVICE/Target/usbd_conf.o
                0x08009ccc                USBD_static_malloc
 .text.USBD_static_free
                0x08009ce8       0x14 ./USB_DEVICE/Target/usbd_conf.o
                0x08009ce8                USBD_static_free
 .text.SystemClockConfig_Resume
                0x08009cfc        0xc ./USB_DEVICE/Target/usbd_conf.o
 .text.calloc   0x08009d08       0x10 C:/ST/STM32CubeIDE_1.15.1/STM32CubeIDE/plugins/com.st.stm32cube.ide.mcu.externaltools.gnu-tools-for-stm32.12.3.rel1.win32_1.0.200.202406191623/tools/bin/../lib/gcc/arm-none-eabi/12.3.1/../../../../arm-none-eabi/lib/thumb/v7e-m+fp/hard\libc_nano.a(libc_a-calloc.o)
                0x08009d08                calloc
 .text._calloc_r
                0x08009d18       0x28 C:/ST/STM32CubeIDE_1.15.1/STM32CubeIDE/plugins/com.st.stm32cube.ide.mcu.externaltools.gnu-tools-for-stm32.12.3.rel1.win32_1.0.200.202406191623/tools/bin/../lib/gcc/arm-none-eabi/12.3.1/../../../../arm-none-eabi/lib/thumb/v7e-m+fp/hard\libc_nano.a(libc_a-callocr.o)
                0x08009d18                _calloc_r
 .text.sbrk_aligned
                0x08009d40       0x44 C:/ST/STM32CubeIDE_1.15.1/STM32CubeIDE/plugins/com.st.stm32cube.ide.mcu.externaltools.gnu-tools-for-stm32.12.3.rel1.win32_1.0.200.202406191623/tools/bin/../lib/gcc/arm-none-eabi/12.3.1/../../../../arm-none-eabi/lib/thumb/v7e-m+fp/hard\libc_nano.a(libc_a-mallocr.o)
 .text._malloc_r
                0x08009d84      0x100 C:/ST/STM32CubeIDE_1.15.1/STM32CubeIDE/plugins/com.st.stm32cube.ide.mcu.externaltools.gnu-tools-for-stm32.12.3.rel1.win32_1.0.200.202406191623/tools/bin/../lib/gcc/arm-none-eabi/12.3.1/../../../../arm-none-eabi/lib/thumb/v7e-m+fp/hard\libc_nano.a(libc_a-mallocr.o)
                0x08009d84                _malloc_r
 .text.__malloc_lock
                0x08009e84        0xc C:/ST/STM32CubeIDE_1.15.1/STM32CubeIDE/plugins/com.st.stm32cube.ide.mcu.externaltools.gnu-tools-for-stm32.12.3.rel1.win32_1.0.200.202406191623/tools/bin/../lib/gcc/arm-none-eabi/12.3.1/../../../../arm-none-eabi/lib/thumb/v7e-m+fp/hard\libc_nano.a(libc_a-mlock.o)
                0x08009e84                __malloc_lock
 .text.__malloc_unlock
                0x08009e90        0xc C:/ST/STM32CubeIDE_1.15.1/STM32CubeIDE/plugins/com.st.stm32cube.ide.mcu.externaltools.gnu-tools-for-stm32.12.3.rel1.win32_1.0.200.202406191623/tools/bin/../lib/gcc/arm-none-eabi/12.3.1/../../../../arm-none-eabi/lib/thumb/v7e-m+fp/hard\libc_nano.a(libc_a-mlock.o)
                0x08009e90                __malloc_unlock
 .text.memset   0x08009e9c       0x10 C:/ST/STM32CubeIDE_1.15.1/STM32CubeIDE/plugins/com.st.stm32cube.ide.mcu.externaltools.gnu-tools-for-stm32.12.3.rel1.win32_1.0.200.202406191623/tools/bin/../lib/gcc/arm-none-eabi/12.3.1/../../../../arm-none-eabi/lib/thumb/v7e-m+fp/hard\libc_nano.a(libc_a-memset.o)
                0x08009e9c                memset
 .text._sbrk_r  0x08009eac       0x20 C:/ST/STM32CubeIDE_1.15.1/STM32CubeIDE/plugins/com.st.stm32cube.ide.mcu.externaltools.gnu-tools-for-stm32.12.3.rel1.win32_1.0.200.202406191623/tools/bin/../lib/gcc/arm-none-eabi/12.3.1/../../../../arm-none-eabi/lib/thumb/v7e-m+fp/hard\libc_nano.a(libc_a-sbrkr.o)
                0x08009eac                _sbrk_r
 .text.__errno  0x08009ecc        0xc C:/ST/STM32CubeIDE_1.15.1/STM32CubeIDE/plugins/com.st.stm32cube.ide.mcu.externaltools.gnu-tools-for-stm32.12.3.rel1.win32_1.0.200.202406191623/tools/bin/../lib/gcc/arm-none-eabi/12.3.1/../../../../arm-none-eabi/lib/thumb/v7e-m+fp/hard\libc_nano.a(libc_a-errno.o)
                0x08009ecc                __errno
 .text.__libc_init_array
                0x08009ed8       0x48 C:/ST/STM32CubeIDE_1.15.1/STM32CubeIDE/plugins/com.st.stm32cube.ide.mcu.externaltools.gnu-tools-for-stm32.12.3.rel1.win32_1.0.200.202406191623/tools/bin/../lib/gcc/arm-none-eabi/12.3.1/../../../../arm-none-eabi/lib/thumb/v7e-m+fp/hard\libc_nano.a(libc_a-init.o)
                0x08009ed8                __libc_init_array
 .text.__retarget_lock_acquire_recursive
                0x08009f20        0x2 C:/ST/STM32CubeIDE_1.15.1/STM32CubeIDE/plugins/com.st.stm32cube.ide.mcu.externaltools.gnu-tools-for-stm32.12.3.rel1.win32_1.0.200.202406191623/tools/bin/../lib/gcc/arm-none-eabi/12.3.1/../../../../arm-none-eabi/lib/thumb/v7e-m+fp/hard\libc_nano.a(libc_a-lock.o)
                0x08009f20                __retarget_lock_acquire_recursive
 .text.__retarget_lock_release_recursive
                0x08009f22        0x2 C:/ST/STM32CubeIDE_1.15.1/STM32CubeIDE/plugins/com.st.stm32cube.ide.mcu.externaltools.gnu-tools-for-stm32.12.3.rel1.win32_1.0.200.202406191623/tools/bin/../lib/gcc/arm-none-eabi/12.3.1/../../../../arm-none-eabi/lib/thumb/v7e-m+fp/hard\libc_nano.a(libc_a-lock.o)
                0x08009f22                __retarget_lock_release_recursive
 .text.memcpy   0x08009f24       0x1c C:/ST/STM32CubeIDE_1.15.1/STM32CubeIDE/plugins/com.st.stm32cube.ide.mcu.externaltools.gnu-tools-for-stm32.12.3.rel1.win32_1.0.200.202406191623/tools/bin/../lib/gcc/arm-none-eabi/12.3.1/../../../../arm-none-eabi/lib/thumb/v7e-m+fp/hard\libc_nano.a(libc_a-memcpy-stub.o)
                0x08009f24                memcpy
 *(.glue_7)
 .glue_7        0x08009f40        0x0 linker stubs
 *(.glue_7t)
 .glue_7t       0x08009f40        0x0 linker stubs
 *(.eh_frame)
 .eh_frame      0x08009f40        0x0 C:/ST/STM32CubeIDE_1.15.1/STM32CubeIDE/plugins/com.st.stm32cube.ide.mcu.externaltools.gnu-tools-for-stm32.12.3.rel1.win32_1.0.200.202406191623/tools/bin/../lib/gcc/arm-none-eabi/12.3.1/thumb/v7e-m+fp/hard/crtbegin.o
 *(.init)
 .init          0x08009f40        0x4 C:/ST/STM32CubeIDE_1.15.1/STM32CubeIDE/plugins/com.st.stm32cube.ide.mcu.externaltools.gnu-tools-for-stm32.12.3.rel1.win32_1.0.200.202406191623/tools/bin/../lib/gcc/arm-none-eabi/12.3.1/thumb/v7e-m+fp/hard/crti.o
                0x08009f40                _init
 .init          0x08009f44        0x8 C:/ST/STM32CubeIDE_1.15.1/STM32CubeIDE/plugins/com.st.stm32cube.ide.mcu.externaltools.gnu-tools-for-stm32.12.3.rel1.win32_1.0.200.202406191623/tools/bin/../lib/gcc/arm-none-eabi/12.3.1/thumb/v7e-m+fp/hard/crtn.o
 *(.fini)
 .fini          0x08009f4c        0x4 C:/ST/STM32CubeIDE_1.15.1/STM32CubeIDE/plugins/com.st.stm32cube.ide.mcu.externaltools.gnu-tools-for-stm32.12.3.rel1.win32_1.0.200.202406191623/tools/bin/../lib/gcc/arm-none-eabi/12.3.1/thumb/v7e-m+fp/hard/crti.o
                0x08009f4c                _fini
 .fini          0x08009f50        0x8 C:/ST/STM32CubeIDE_1.15.1/STM32CubeIDE/plugins/com.st.stm32cube.ide.mcu.externaltools.gnu-tools-for-stm32.12.3.rel1.win32_1.0.200.202406191623/tools/bin/../lib/gcc/arm-none-eabi/12.3.1/thumb/v7e-m+fp/hard/crtn.o
                0x08009f58                        . = ALIGN (0x4)
                0x08009f58                        _etext = .

.vfp11_veneer   0x08009f58        0x0
 .vfp11_veneer  0x08009f58        0x0 linker stubs

.v4_bx          0x08009f58        0x0
 .v4_bx         0x08009f58        0x0 linker stubs

.iplt           0x08009f58        0x0
 .iplt          0x08009f58        0x0 C:/ST/STM32CubeIDE_1.15.1/STM32CubeIDE/plugins/com.st.stm32cube.ide.mcu.externaltools.gnu-tools-for-stm32.12.3.rel1.win32_1.0.200.202406191623/tools/bin/../lib/gcc/arm-none-eabi/12.3.1/thumb/v7e-m+fp/hard/crtbegin.o

.rodata         0x08009f58       0x88
                0x08009f58                        . = ALIGN (0x4)
 *(.rodata)
 .rodata        0x08009f58       0x46 ./USB_DEVICE/App/usbd_desc.o
 *(.rodata*)
 *fill*         0x08009f9e        0x2 
 .rodata.AHBPrescTable
                0x08009fa0       0x10 ./Core/Src/system_stm32l4xx.o
                0x08009fa0                AHBPrescTable
 .rodata.MSIRangeTable
                0x08009fb0       0x30 ./Core/Src/system_stm32l4xx.o
                0x08009fb0                MSIRangeTable
                0x08009fe0                        . = ALIGN (0x4)

.ARM.extab      0x08009fe0        0x0
                0x08009fe0                        . = ALIGN (0x4)
 *(.ARM.extab* .gnu.linkonce.armextab.*)
                0x08009fe0                        . = ALIGN (0x4)

.ARM            0x08009fe0        0x0
                0x08009fe0                        . = ALIGN (0x4)
                0x08009fe0                        __exidx_start = .
 *(.ARM.exidx*)
                0x08009fe0                        __exidx_end = .
                0x08009fe0                        . = ALIGN (0x4)

.preinit_array  0x08009fe0        0x0
                0x08009fe0                        . = ALIGN (0x4)
                0x08009fe0                        PROVIDE (__preinit_array_start = .)
 *(.preinit_array*)
                0x08009fe0                        PROVIDE (__preinit_array_end = .)
                0x08009fe0                        . = ALIGN (0x4)

.init_array     0x08009fe0        0x4
                0x08009fe0                        . = ALIGN (0x4)
                0x08009fe0                        PROVIDE (__init_array_start = .)
 *(SORT_BY_NAME(.init_array.*))
 *(.init_array*)
 .init_array    0x08009fe0        0x4 C:/ST/STM32CubeIDE_1.15.1/STM32CubeIDE/plugins/com.st.stm32cube.ide.mcu.externaltools.gnu-tools-for-stm32.12.3.rel1.win32_1.0.200.202406191623/tools/bin/../lib/gcc/arm-none-eabi/12.3.1/thumb/v7e-m+fp/hard/crtbegin.o
                0x08009fe4                        PROVIDE (__init_array_end = .)
                0x08009fe4                        . = ALIGN (0x4)

.fini_array     0x08009fe4        0x4
                0x08009fe4                        . = ALIGN (0x4)
                [!provide]                        PROVIDE (__fini_array_start = .)
 *(SORT_BY_NAME(.fini_array.*))
 *(.fini_array*)
 .fini_array    0x08009fe4        0x4 C:/ST/STM32CubeIDE_1.15.1/STM32CubeIDE/plugins/com.st.stm32cube.ide.mcu.externaltools.gnu-tools-for-stm32.12.3.rel1.win32_1.0.200.202406191623/tools/bin/../lib/gcc/arm-none-eabi/12.3.1/thumb/v7e-m+fp/hard/crtbegin.o
                [!provide]                        PROVIDE (__fini_array_end = .)
                0x08009fe8                        . = ALIGN (0x4)
                0x08009fe8                        _sidata = LOADADDR (.data)

.rel.dyn        0x08009fe8        0x0
 .rel.iplt      0x08009fe8        0x0 C:/ST/STM32CubeIDE_1.15.1/STM32CubeIDE/plugins/com.st.stm32cube.ide.mcu.externaltools.gnu-tools-for-stm32.12.3.rel1.win32_1.0.200.202406191623/tools/bin/../lib/gcc/arm-none-eabi/12.3.1/thumb/v7e-m+fp/hard/crtbegin.o

.data           0x20000000      0x17c load address 0x08009fe8
                0x20000000                        . = ALIGN (0x4)
                0x20000000                        _sdata = .
 *(.data)
 *(.data*)
 .data.packet_seq_num
                0x20000000        0x1 ./Core/Src/main.o
                0x20000000                packet_seq_num
 *fill*         0x20000001        0x3 
 .data.link_sync_payload
                0x20000004       0x10 ./Core/Src/main.o
                0x20000004                link_sync_payload
 .data.target_address
                0x20000014        0x1 ./Core/Src/main.o
                0x20000014                target_address
 *fill*         0x20000015        0x3 
 .data.data     0x20000018        0x6 ./Core/Src/main.o
                0x20000018                data
 *fill*         0x2000001e        0x2 
 .data.SystemCoreClock
                0x20000020        0x4 ./Core/Src/system_stm32l4xx.o
                0x20000020                SystemCoreClock
 .data.uwTickPrio
                0x20000024        0x4 ./Drivers/STM32L4xx_HAL_Driver/Src/stm32l4xx_hal.o
                0x20000024                uwTickPrio
 .data.uwTickFreq
                0x20000028        0x1 ./Drivers/STM32L4xx_HAL_Driver/Src/stm32l4xx_hal.o
                0x20000028                uwTickFreq
 *fill*         0x20000029        0x3 
 .data.USBD_CDC_DeviceQualifierDesc
                0x2000002c        0xa ./Middlewares/ST/STM32_USB_Device_Library/Class/CDC/Src/usbd_cdc.o
 *fill*         0x20000036        0x2 
 .data.USBD_CDC
                0x20000038       0x38 ./Middlewares/ST/STM32_USB_Device_Library/Class/CDC/Src/usbd_cdc.o
                0x20000038                USBD_CDC
 .data.USBD_CDC_CfgDesc
                0x20000070       0x43 ./Middlewares/ST/STM32_USB_Device_Library/Class/CDC/Src/usbd_cdc.o
 .data.CDCInEpAdd
                0x200000b3        0x1 ./Middlewares/ST/STM32_USB_Device_Library/Class/CDC/Src/usbd_cdc.o
 .data.CDCOutEpAdd
                0x200000b4        0x1 ./Middlewares/ST/STM32_USB_Device_Library/Class/CDC/Src/usbd_cdc.o
 .data.CDCCmdEpAdd
                0x200000b5        0x1 ./Middlewares/ST/STM32_USB_Device_Library/Class/CDC/Src/usbd_cdc.o
 *fill*         0x200000b6        0x2 
 .data.USBD_Interface_fops_FS
                0x200000b8       0x14 ./USB_DEVICE/App/usbd_cdc_if.o
                0x200000b8                USBD_Interface_fops_FS
 .data.FS_Desc  0x200000cc       0x20 ./USB_DEVICE/App/usbd_desc.o
                0x200000cc                FS_Desc
 .data.USBD_FS_DeviceDesc
                0x200000ec       0x12 ./USB_DEVICE/App/usbd_desc.o
                0x200000ec                USBD_FS_DeviceDesc
 *fill*         0x200000fe        0x2 
 .data.USBD_FS_BOSDesc
                0x20000100        0xc ./USB_DEVICE/App/usbd_desc.o
                0x20000100                USBD_FS_BOSDesc
 .data.USBD_LangIDDesc
                0x2000010c        0x4 ./USB_DEVICE/App/usbd_desc.o
                0x2000010c                USBD_LangIDDesc
 .data.USBD_StringSerial
                0x20000110       0x1a ./USB_DEVICE/App/usbd_desc.o
                0x20000110                USBD_StringSerial
 *fill*         0x2000012a        0x2 
 .data._impure_ptr
                0x2000012c        0x4 C:/ST/STM32CubeIDE_1.15.1/STM32CubeIDE/plugins/com.st.stm32cube.ide.mcu.externaltools.gnu-tools-for-stm32.12.3.rel1.win32_1.0.200.202406191623/tools/bin/../lib/gcc/arm-none-eabi/12.3.1/../../../../arm-none-eabi/lib/thumb/v7e-m+fp/hard\libc_nano.a(libc_a-impure.o)
                0x2000012c                _impure_ptr
 .data._impure_data
                0x20000130       0x4c C:/ST/STM32CubeIDE_1.15.1/STM32CubeIDE/plugins/com.st.stm32cube.ide.mcu.externaltools.gnu-tools-for-stm32.12.3.rel1.win32_1.0.200.202406191623/tools/bin/../lib/gcc/arm-none-eabi/12.3.1/../../../../arm-none-eabi/lib/thumb/v7e-m+fp/hard\libc_nano.a(libc_a-impure.o)
                0x20000130                _impure_data
 *(.RamFunc)
 *(.RamFunc*)
                0x2000017c                        . = ALIGN (0x4)
                0x2000017c                        _edata = .

.igot.plt       0x2000017c        0x0 load address 0x0800a164
 .igot.plt      0x2000017c        0x0 C:/ST/STM32CubeIDE_1.15.1/STM32CubeIDE/plugins/com.st.stm32cube.ide.mcu.externaltools.gnu-tools-for-stm32.12.3.rel1.win32_1.0.200.202406191623/tools/bin/../lib/gcc/arm-none-eabi/12.3.1/thumb/v7e-m+fp/hard/crtbegin.o
                0x2000017c                        . = ALIGN (0x4)

.bss            0x2000017c     0x55b0 load address 0x0800a164
                0x2000017c                        _sbss = .
                0x2000017c                        __bss_start__ = _sbss
 *(.bss)
 .bss           0x2000017c       0x1c C:/ST/STM32CubeIDE_1.15.1/STM32CubeIDE/plugins/com.st.stm32cube.ide.mcu.externaltools.gnu-tools-for-stm32.12.3.rel1.win32_1.0.200.202406191623/tools/bin/../lib/gcc/arm-none-eabi/12.3.1/thumb/v7e-m+fp/hard/crtbegin.o
 *(.bss*)
 .bss.AccessoryPackets
                0x20000198     0x32c8 ./Core/Src/main.o
                0x20000198                AccessoryPackets
 .bss.accessoryCount
                0x20003460        0x1 ./Core/Src/main.o
                0x20003460                accessoryCount
 *fill*         0x20003461        0x1 
 .bss.cert_size_num
                0x20003462        0x2 ./Core/Src/main.o
                0x20003462                cert_size_num
 .bss.ReceiveBuffer
                0x20003464       0x40 ./Core/Src/main.o
                0x20003464                ReceiveBuffer
 .bss.iap2_link_packet_structure
                0x200034a4        0x4 ./Core/Src/main.o
                0x200034a4                iap2_link_packet_structure
 .bss.iap2_session_payload
                0x200034a8        0x4 ./Core/Src/main.o
                0x200034a8                iap2_session_payload
 .bss.parameter_payload
                0x200034ac        0x4 ./Core/Src/main.o
                0x200034ac                parameter_payload
 .bss.parsed_payload
                0x200034b0       0x20 ./Core/Src/main.o
                0x200034b0                parsed_payload
 .bss.challengeResponse
                0x200034d0       0x40 ./Core/Src/main.o
                0x200034d0                challengeResponse
 .bss.packet_ack_num
                0x20003510        0x1 ./Core/Src/main.o
                0x20003510                packet_ack_num
 *fill*         0x20003511        0x1 
 .bss.packet_size
                0x20003512        0x2 ./Core/Src/main.o
                0x20003512                packet_size
 .bss.parameter_size
                0x20003514        0x2 ./Core/Src/main.o
                0x20003514                parameter_size
 .bss.session_size
                0x20003516        0x2 ./Core/Src/main.o
                0x20003516                session_size
 .bss.accessoryState
                0x20003518        0x1 ./Core/Src/main.o
                0x20003518                accessoryState
 *fill*         0x20003519        0x1 
 .bss.received_packet_length
                0x2000351a        0x2 ./Core/Src/main.o
                0x2000351a                received_packet_length
 .bss.received_payload_length
                0x2000351c        0x2 ./Core/Src/main.o
                0x2000351c                received_payload_length
 .bss.header_checksum
                0x2000351e        0x1 ./Core/Src/main.o
                0x2000351e                header_checksum
 .bss.payload_checksum
                0x2000351f        0x1 ./Core/Src/main.o
                0x2000351f                payload_checksum
 .bss.i2c_test1
                0x20003520        0x1 ./Core/Src/main.o
                0x20003520                i2c_test1
 .bss.i2c_test2
                0x20003521        0x1 ./Core/Src/main.o
                0x20003521                i2c_test2
 *fill*         0x20003522        0x2 
 .bss.delay     0x20003524        0x4 ./Core/Src/main.o
                0x20003524                delay
 .bss.certificate_size
                0x20003528        0x2 ./Core/Src/main.o
                0x20003528                certificate_size
 *fill*         0x2000352a        0x2 
 .bss.certificate
                0x2000352c        0x4 ./Core/Src/main.o
                0x2000352c                certificate
 .bss.cert_buf  0x20003530      0x320 ./Core/Src/main.o
                0x20003530                cert_buf
 .bss.__sbrk_heap_end
                0x20003850        0x4 ./Core/Src/sysmem.o
 .bss.uwTick    0x20003854        0x4 ./Drivers/STM32L4xx_HAL_Driver/Src/stm32l4xx_hal.o
                0x20003854                uwTick
 .bss.EPcount   0x20003858        0x2 ./Drivers/STM32L4xx_HAL_Driver/Src/stm32l4xx_ll_usb.o
                0x20003858                EPcount
 *fill*         0x2000385a        0x2 
 .bss.EP        0x2000385c      0x1b8 ./Drivers/STM32L4xx_HAL_Driver/Src/stm32l4xx_ll_usb.o
                0x2000385c                EP
 .bss.count     0x20003a14        0x2 ./Middlewares/ST/STM32_USB_Device_Library/Core/Src/usbd_ctlreq.o
                0x20003a14                count
 .bss.addr2     0x20003a16        0x1 ./Middlewares/ST/STM32_USB_Device_Library/Core/Src/usbd_ctlreq.o
                0x20003a16                addr2
 *fill*         0x20003a17        0x1 
 .bss.parameters_struct
                0x20003a18      0x2dc ./Middlewares/ST/STM32_USB_Device_Library/Core/Src/usbd_ctlreq.o
                0x20003a18                parameters_struct
 .bss.requests  0x20003cf4      0x1f4 ./Middlewares/ST/STM32_USB_Device_Library/Core/Src/usbd_ctlreq.o
                0x20003cf4                requests
 .bss.cfgidx.0  0x20003ee8        0x1 ./Middlewares/ST/STM32_USB_Device_Library/Core/Src/usbd_ctlreq.o
 *fill*         0x20003ee9        0x3 
 .bss.hUsbDeviceFS
                0x20003eec      0x2dc ./USB_DEVICE/App/usb_device.o
                0x20003eec                hUsbDeviceFS
 .bss.DevicePackets
                0x200041c8      0x500 ./USB_DEVICE/App/usbd_cdc_if.o
                0x200041c8                DevicePackets
 .bss.deviceCount
                0x200046c8        0x1 ./USB_DEVICE/App/usbd_cdc_if.o
                0x200046c8                deviceCount
 *fill*         0x200046c9        0x3 
 .bss.UserRxBufferFS
                0x200046cc      0x400 ./USB_DEVICE/App/usbd_cdc_if.o
                0x200046cc                UserRxBufferFS
 .bss.UserTxBufferFS
                0x20004acc      0x400 ./USB_DEVICE/App/usbd_cdc_if.o
                0x20004acc                UserTxBufferFS
 .bss.USBD_StrDesc
                0x20004ecc      0x200 ./USB_DEVICE/App/usbd_desc.o
                0x20004ecc                USBD_StrDesc
 .bss.hpcd_USB_FS
                0x200050cc      0x2f8 ./USB_DEVICE/Target/usbd_conf.o
                0x200050cc                hpcd_USB_FS
 .bss.mem.0     0x200053c4      0x220 ./USB_DEVICE/Target/usbd_conf.o
 .bss.__malloc_sbrk_start
                0x200055e4        0x4 C:/ST/STM32CubeIDE_1.15.1/STM32CubeIDE/plugins/com.st.stm32cube.ide.mcu.externaltools.gnu-tools-for-stm32.12.3.rel1.win32_1.0.200.202406191623/tools/bin/../lib/gcc/arm-none-eabi/12.3.1/../../../../arm-none-eabi/lib/thumb/v7e-m+fp/hard\libc_nano.a(libc_a-mallocr.o)
                0x200055e4                __malloc_sbrk_start
 .bss.__malloc_free_list
                0x200055e8        0x4 C:/ST/STM32CubeIDE_1.15.1/STM32CubeIDE/plugins/com.st.stm32cube.ide.mcu.externaltools.gnu-tools-for-stm32.12.3.rel1.win32_1.0.200.202406191623/tools/bin/../lib/gcc/arm-none-eabi/12.3.1/../../../../arm-none-eabi/lib/thumb/v7e-m+fp/hard\libc_nano.a(libc_a-mallocr.o)
                0x200055e8                __malloc_free_list
 .bss.__sf      0x200055ec      0x138 C:/ST/STM32CubeIDE_1.15.1/STM32CubeIDE/plugins/com.st.stm32cube.ide.mcu.externaltools.gnu-tools-for-stm32.12.3.rel1.win32_1.0.200.202406191623/tools/bin/../lib/gcc/arm-none-eabi/12.3.1/../../../../arm-none-eabi/lib/thumb/v7e-m+fp/hard\libc_nano.a(libc_a-findfp.o)
                0x200055ec                __sf
 .bss.errno     0x20005724        0x4 C:/ST/STM32CubeIDE_1.15.1/STM32CubeIDE/plugins/com.st.stm32cube.ide.mcu.externaltools.gnu-tools-for-stm32.12.3.rel1.win32_1.0.200.202406191623/tools/bin/../lib/gcc/arm-none-eabi/12.3.1/../../../../arm-none-eabi/lib/thumb/v7e-m+fp/hard\libc_nano.a(libc_a-reent.o)
                0x20005724                errno
 .bss.__lock___malloc_recursive_mutex
                0x20005728        0x1 C:/ST/STM32CubeIDE_1.15.1/STM32CubeIDE/plugins/com.st.stm32cube.ide.mcu.externaltools.gnu-tools-for-stm32.12.3.rel1.win32_1.0.200.202406191623/tools/bin/../lib/gcc/arm-none-eabi/12.3.1/../../../../arm-none-eabi/lib/thumb/v7e-m+fp/hard\libc_nano.a(libc_a-lock.o)
                0x20005728                __lock___malloc_recursive_mutex
 *(COMMON)
                0x2000572c                        . = ALIGN (0x4)
 *fill*         0x20005729        0x3 
                0x2000572c                        _ebss = .
                0x2000572c                        __bss_end__ = _ebss

._user_heap_stack
                0x2000572c      0x604 load address 0x0800a164
                0x20005730                        . = ALIGN (0x8)
 *fill*         0x2000572c        0x4 
                [!provide]                        PROVIDE (end = .)
                0x20005730                        PROVIDE (_end = .)
                0x20005930                        . = (. + _Min_Heap_Size)
 *fill*         0x20005730      0x200 
                0x20005d30                        . = (. + _Min_Stack_Size)
 *fill*         0x20005930      0x400 
                0x20005d30                        . = ALIGN (0x8)

/DISCARD/
 libc.a(*)
 libm.a(*)
 libgcc.a(*)

.ARM.attributes
                0x00000000       0x30
 *(.ARM.attributes)
 .ARM.attributes
                0x00000000       0x22 C:/ST/STM32CubeIDE_1.15.1/STM32CubeIDE/plugins/com.st.stm32cube.ide.mcu.externaltools.gnu-tools-for-stm32.12.3.rel1.win32_1.0.200.202406191623/tools/bin/../lib/gcc/arm-none-eabi/12.3.1/thumb/v7e-m+fp/hard/crti.o
 .ARM.attributes
                0x00000022       0x34 C:/ST/STM32CubeIDE_1.15.1/STM32CubeIDE/plugins/com.st.stm32cube.ide.mcu.externaltools.gnu-tools-for-stm32.12.3.rel1.win32_1.0.200.202406191623/tools/bin/../lib/gcc/arm-none-eabi/12.3.1/thumb/v7e-m+fp/hard/crtbegin.o
 .ARM.attributes
                0x00000056       0x34 ./Core/Src/main.o
 .ARM.attributes
                0x0000008a       0x34 ./Core/Src/stm32l4xx_hal_msp.o
 .ARM.attributes
                0x000000be       0x34 ./Core/Src/stm32l4xx_it.o
 .ARM.attributes
                0x000000f2       0x34 ./Core/Src/sysmem.o
 .ARM.attributes
                0x00000126       0x34 ./Core/Src/system_stm32l4xx.o
 .ARM.attributes
                0x0000015a       0x21 ./Core/Startup/startup_stm32l433rcix.o
 .ARM.attributes
                0x0000017b       0x34 ./Drivers/STM32L4xx_HAL_Driver/Src/stm32l4xx_hal.o
 .ARM.attributes
                0x000001af       0x34 ./Drivers/STM32L4xx_HAL_Driver/Src/stm32l4xx_hal_cortex.o
 .ARM.attributes
                0x000001e3       0x34 ./Drivers/STM32L4xx_HAL_Driver/Src/stm32l4xx_hal_gpio.o
 .ARM.attributes
                0x00000217       0x34 ./Drivers/STM32L4xx_HAL_Driver/Src/stm32l4xx_hal_pcd.o
 .ARM.attributes
                0x0000024b       0x34 ./Drivers/STM32L4xx_HAL_Driver/Src/stm32l4xx_hal_pcd_ex.o
 .ARM.attributes
                0x0000027f       0x34 ./Drivers/STM32L4xx_HAL_Driver/Src/stm32l4xx_hal_pwr_ex.o
 .ARM.attributes
                0x000002b3       0x34 ./Drivers/STM32L4xx_HAL_Driver/Src/stm32l4xx_hal_rcc.o
 .ARM.attributes
                0x000002e7       0x34 ./Drivers/STM32L4xx_HAL_Driver/Src/stm32l4xx_hal_rcc_ex.o
 .ARM.attributes
                0x0000031b       0x34 ./Drivers/STM32L4xx_HAL_Driver/Src/stm32l4xx_ll_usb.o
 .ARM.attributes
                0x0000034f       0x34 ./Middlewares/ST/STM32_USB_Device_Library/Class/CDC/Src/usbd_cdc.o
 .ARM.attributes
                0x00000383       0x34 ./Middlewares/ST/STM32_USB_Device_Library/Core/Src/usbd_core.o
 .ARM.attributes
                0x000003b7       0x34 ./Middlewares/ST/STM32_USB_Device_Library/Core/Src/usbd_ctlreq.o
 .ARM.attributes
                0x000003eb       0x34 ./Middlewares/ST/STM32_USB_Device_Library/Core/Src/usbd_ioreq.o
 .ARM.attributes
                0x0000041f       0x34 ./USB_DEVICE/App/usb_device.o
 .ARM.attributes
                0x00000453       0x34 ./USB_DEVICE/App/usbd_cdc_if.o
 .ARM.attributes
                0x00000487       0x34 ./USB_DEVICE/App/usbd_desc.o
 .ARM.attributes
                0x000004bb       0x34 ./USB_DEVICE/Target/usbd_conf.o
 .ARM.attributes
                0x000004ef       0x34 C:/ST/STM32CubeIDE_1.15.1/STM32CubeIDE/plugins/com.st.stm32cube.ide.mcu.externaltools.gnu-tools-for-stm32.12.3.rel1.win32_1.0.200.202406191623/tools/bin/../lib/gcc/arm-none-eabi/12.3.1/../../../../arm-none-eabi/lib/thumb/v7e-m+fp/hard\libc_nano.a(libc_a-calloc.o)
 .ARM.attributes
                0x00000523       0x34 C:/ST/STM32CubeIDE_1.15.1/STM32CubeIDE/plugins/com.st.stm32cube.ide.mcu.externaltools.gnu-tools-for-stm32.12.3.rel1.win32_1.0.200.202406191623/tools/bin/../lib/gcc/arm-none-eabi/12.3.1/../../../../arm-none-eabi/lib/thumb/v7e-m+fp/hard\libc_nano.a(libc_a-callocr.o)
 .ARM.attributes
                0x00000557       0x34 C:/ST/STM32CubeIDE_1.15.1/STM32CubeIDE/plugins/com.st.stm32cube.ide.mcu.externaltools.gnu-tools-for-stm32.12.3.rel1.win32_1.0.200.202406191623/tools/bin/../lib/gcc/arm-none-eabi/12.3.1/../../../../arm-none-eabi/lib/thumb/v7e-m+fp/hard\libc_nano.a(libc_a-mallocr.o)
 .ARM.attributes
                0x0000058b       0x34 C:/ST/STM32CubeIDE_1.15.1/STM32CubeIDE/plugins/com.st.stm32cube.ide.mcu.externaltools.gnu-tools-for-stm32.12.3.rel1.win32_1.0.200.202406191623/tools/bin/../lib/gcc/arm-none-eabi/12.3.1/../../../../arm-none-eabi/lib/thumb/v7e-m+fp/hard\libc_nano.a(libc_a-mlock.o)
 .ARM.attributes
                0x000005bf       0x34 C:/ST/STM32CubeIDE_1.15.1/STM32CubeIDE/plugins/com.st.stm32cube.ide.mcu.externaltools.gnu-tools-for-stm32.12.3.rel1.win32_1.0.200.202406191623/tools/bin/../lib/gcc/arm-none-eabi/12.3.1/../../../../arm-none-eabi/lib/thumb/v7e-m+fp/hard\libc_nano.a(libc_a-findfp.o)
 .ARM.attributes
                0x000005f3       0x34 C:/ST/STM32CubeIDE_1.15.1/STM32CubeIDE/plugins/com.st.stm32cube.ide.mcu.externaltools.gnu-tools-for-stm32.12.3.rel1.win32_1.0.200.202406191623/tools/bin/../lib/gcc/arm-none-eabi/12.3.1/../../../../arm-none-eabi/lib/thumb/v7e-m+fp/hard\libc_nano.a(libc_a-memset.o)
 .ARM.attributes
                0x00000627       0x34 C:/ST/STM32CubeIDE_1.15.1/STM32CubeIDE/plugins/com.st.stm32cube.ide.mcu.externaltools.gnu-tools-for-stm32.12.3.rel1.win32_1.0.200.202406191623/tools/bin/../lib/gcc/arm-none-eabi/12.3.1/../../../../arm-none-eabi/lib/thumb/v7e-m+fp/hard\libc_nano.a(libc_a-reent.o)
 .ARM.attributes
                0x0000065b       0x34 C:/ST/STM32CubeIDE_1.15.1/STM32CubeIDE/plugins/com.st.stm32cube.ide.mcu.externaltools.gnu-tools-for-stm32.12.3.rel1.win32_1.0.200.202406191623/tools/bin/../lib/gcc/arm-none-eabi/12.3.1/../../../../arm-none-eabi/lib/thumb/v7e-m+fp/hard\libc_nano.a(libc_a-impure.o)
 .ARM.attributes
                0x0000068f       0x34 C:/ST/STM32CubeIDE_1.15.1/STM32CubeIDE/plugins/com.st.stm32cube.ide.mcu.externaltools.gnu-tools-for-stm32.12.3.rel1.win32_1.0.200.202406191623/tools/bin/../lib/gcc/arm-none-eabi/12.3.1/../../../../arm-none-eabi/lib/thumb/v7e-m+fp/hard\libc_nano.a(libc_a-sbrkr.o)
 .ARM.attributes
                0x000006c3       0x34 C:/ST/STM32CubeIDE_1.15.1/STM32CubeIDE/plugins/com.st.stm32cube.ide.mcu.externaltools.gnu-tools-for-stm32.12.3.rel1.win32_1.0.200.202406191623/tools/bin/../lib/gcc/arm-none-eabi/12.3.1/../../../../arm-none-eabi/lib/thumb/v7e-m+fp/hard\libc_nano.a(libc_a-errno.o)
 .ARM.attributes
                0x000006f7       0x34 C:/ST/STM32CubeIDE_1.15.1/STM32CubeIDE/plugins/com.st.stm32cube.ide.mcu.externaltools.gnu-tools-for-stm32.12.3.rel1.win32_1.0.200.202406191623/tools/bin/../lib/gcc/arm-none-eabi/12.3.1/../../../../arm-none-eabi/lib/thumb/v7e-m+fp/hard\libc_nano.a(libc_a-init.o)
 .ARM.attributes
                0x0000072b       0x34 C:/ST/STM32CubeIDE_1.15.1/STM32CubeIDE/plugins/com.st.stm32cube.ide.mcu.externaltools.gnu-tools-for-stm32.12.3.rel1.win32_1.0.200.202406191623/tools/bin/../lib/gcc/arm-none-eabi/12.3.1/../../../../arm-none-eabi/lib/thumb/v7e-m+fp/hard\libc_nano.a(libc_a-lock.o)
 .ARM.attributes
                0x0000075f       0x34 C:/ST/STM32CubeIDE_1.15.1/STM32CubeIDE/plugins/com.st.stm32cube.ide.mcu.externaltools.gnu-tools-for-stm32.12.3.rel1.win32_1.0.200.202406191623/tools/bin/../lib/gcc/arm-none-eabi/12.3.1/../../../../arm-none-eabi/lib/thumb/v7e-m+fp/hard\libc_nano.a(libc_a-memcpy-stub.o)
 .ARM.attributes
                0x00000793       0x22 C:/ST/STM32CubeIDE_1.15.1/STM32CubeIDE/plugins/com.st.stm32cube.ide.mcu.externaltools.gnu-tools-for-stm32.12.3.rel1.win32_1.0.200.202406191623/tools/bin/../lib/gcc/arm-none-eabi/12.3.1/thumb/v7e-m+fp/hard/crtn.o
OUTPUT(IOS_I2C_v3.elf elf32-littlearm)
LOAD linker stubs
LOAD C:/ST/STM32CubeIDE_1.15.1/STM32CubeIDE/plugins/com.st.stm32cube.ide.mcu.externaltools.gnu-tools-for-stm32.12.3.rel1.win32_1.0.200.202406191623/tools/bin/../lib/gcc/arm-none-eabi/12.3.1/../../../../arm-none-eabi/lib/thumb/v7e-m+fp/hard\libc.a
LOAD C:/ST/STM32CubeIDE_1.15.1/STM32CubeIDE/plugins/com.st.stm32cube.ide.mcu.externaltools.gnu-tools-for-stm32.12.3.rel1.win32_1.0.200.202406191623/tools/bin/../lib/gcc/arm-none-eabi/12.3.1/../../../../arm-none-eabi/lib/thumb/v7e-m+fp/hard\libm.a
LOAD C:/ST/STM32CubeIDE_1.15.1/STM32CubeIDE/plugins/com.st.stm32cube.ide.mcu.externaltools.gnu-tools-for-stm32.12.3.rel1.win32_1.0.200.202406191623/tools/bin/../lib/gcc/arm-none-eabi/12.3.1/thumb/v7e-m+fp/hard\libgcc.a

.debug_info     0x00000000    0x1012c
 .debug_info    0x00000000      0xf5a ./Core/Src/main.o
 .debug_info    0x00000f5a      0x2c5 ./Core/Src/stm32l4xx_hal_msp.o
 .debug_info    0x0000121f      0x63f ./Core/Src/stm32l4xx_it.o
 .debug_info    0x0000185e      0x168 ./Core/Src/sysmem.o
 .debug_info    0x000019c6      0x5bf ./Core/Src/system_stm32l4xx.o
 .debug_info    0x00001f85       0x30 ./Core/Startup/startup_stm32l433rcix.o
 .debug_info    0x00001fb5      0xa9f ./Drivers/STM32L4xx_HAL_Driver/Src/stm32l4xx_hal.o
 .debug_info    0x00002a54      0xcf2 ./Drivers/STM32L4xx_HAL_Driver/Src/stm32l4xx_hal_cortex.o
 .debug_info    0x00003746      0x757 ./Drivers/STM32L4xx_HAL_Driver/Src/stm32l4xx_hal_gpio.o
 .debug_info    0x00003e9d     0x16a0 ./Drivers/STM32L4xx_HAL_Driver/Src/stm32l4xx_hal_pcd.o
 .debug_info    0x0000553d      0x828 ./Drivers/STM32L4xx_HAL_Driver/Src/stm32l4xx_hal_pcd_ex.o
 .debug_info    0x00005d65      0x920 ./Drivers/STM32L4xx_HAL_Driver/Src/stm32l4xx_hal_pwr_ex.o
 .debug_info    0x00006685      0xbc3 ./Drivers/STM32L4xx_HAL_Driver/Src/stm32l4xx_hal_rcc.o
 .debug_info    0x00007248      0xf0c ./Drivers/STM32L4xx_HAL_Driver/Src/stm32l4xx_hal_rcc_ex.o
 .debug_info    0x00008154     0x18ba ./Drivers/STM32L4xx_HAL_Driver/Src/stm32l4xx_ll_usb.o
 .debug_info    0x00009a0e     0x12db ./Middlewares/ST/STM32_USB_Device_Library/Class/CDC/Src/usbd_cdc.o
 .debug_info    0x0000ace9      0xe12 ./Middlewares/ST/STM32_USB_Device_Library/Core/Src/usbd_core.o
 .debug_info    0x0000bafb      0xbdc ./Middlewares/ST/STM32_USB_Device_Library/Core/Src/usbd_ctlreq.o
 .debug_info    0x0000c6d7      0x762 ./Middlewares/ST/STM32_USB_Device_Library/Core/Src/usbd_ioreq.o
 .debug_info    0x0000ce39      0x70e ./USB_DEVICE/App/usb_device.o
 .debug_info    0x0000d547      0x9de ./USB_DEVICE/App/usbd_cdc_if.o
 .debug_info    0x0000df25      0x4ba ./USB_DEVICE/App/usbd_desc.o
 .debug_info    0x0000e3df     0x1d4d ./USB_DEVICE/Target/usbd_conf.o

.debug_abbrev   0x00000000     0x3020
 .debug_abbrev  0x00000000      0x35a ./Core/Src/main.o
 .debug_abbrev  0x0000035a       0xc6 ./Core/Src/stm32l4xx_hal_msp.o
 .debug_abbrev  0x00000420      0x192 ./Core/Src/stm32l4xx_it.o
 .debug_abbrev  0x000005b2       0xbc ./Core/Src/sysmem.o
 .debug_abbrev  0x0000066e      0x11a ./Core/Src/system_stm32l4xx.o
 .debug_abbrev  0x00000788       0x24 ./Core/Startup/startup_stm32l433rcix.o
 .debug_abbrev  0x000007ac      0x242 ./Drivers/STM32L4xx_HAL_Driver/Src/stm32l4xx_hal.o
 .debug_abbrev  0x000009ee      0x327 ./Drivers/STM32L4xx_HAL_Driver/Src/stm32l4xx_hal_cortex.o
 .debug_abbrev  0x00000d15      0x1cb ./Drivers/STM32L4xx_HAL_Driver/Src/stm32l4xx_hal_gpio.o
 .debug_abbrev  0x00000ee0      0x2ca ./Drivers/STM32L4xx_HAL_Driver/Src/stm32l4xx_hal_pcd.o
 .debug_abbrev  0x000011aa      0x1e8 ./Drivers/STM32L4xx_HAL_Driver/Src/stm32l4xx_hal_pcd_ex.o
 .debug_abbrev  0x00001392      0x1f9 ./Drivers/STM32L4xx_HAL_Driver/Src/stm32l4xx_hal_pwr_ex.o
 .debug_abbrev  0x0000158b      0x2cb ./Drivers/STM32L4xx_HAL_Driver/Src/stm32l4xx_hal_rcc.o
 .debug_abbrev  0x00001856      0x2a1 ./Drivers/STM32L4xx_HAL_Driver/Src/stm32l4xx_hal_rcc_ex.o
 .debug_abbrev  0x00001af7      0x23e ./Drivers/STM32L4xx_HAL_Driver/Src/stm32l4xx_ll_usb.o
 .debug_abbrev  0x00001d35      0x2c3 ./Middlewares/ST/STM32_USB_Device_Library/Class/CDC/Src/usbd_cdc.o
 .debug_abbrev  0x00001ff8      0x27c ./Middlewares/ST/STM32_USB_Device_Library/Core/Src/usbd_core.o
 .debug_abbrev  0x00002274      0x2a2 ./Middlewares/ST/STM32_USB_Device_Library/Core/Src/usbd_ctlreq.o
 .debug_abbrev  0x00002516      0x19a ./Middlewares/ST/STM32_USB_Device_Library/Core/Src/usbd_ioreq.o
 .debug_abbrev  0x000026b0      0x195 ./USB_DEVICE/App/usb_device.o
 .debug_abbrev  0x00002845      0x2c0 ./USB_DEVICE/App/usbd_cdc_if.o
 .debug_abbrev  0x00002b05      0x1e3 ./USB_DEVICE/App/usbd_desc.o
 .debug_abbrev  0x00002ce8      0x338 ./USB_DEVICE/Target/usbd_conf.o

.debug_aranges  0x00000000      0xda0
 .debug_aranges
                0x00000000       0xa8 ./Core/Src/main.o
 .debug_aranges
                0x000000a8       0x20 ./Core/Src/stm32l4xx_hal_msp.o
 .debug_aranges
                0x000000c8       0x68 ./Core/Src/stm32l4xx_it.o
 .debug_aranges
                0x00000130       0x20 ./Core/Src/sysmem.o
 .debug_aranges
                0x00000150       0x28 ./Core/Src/system_stm32l4xx.o
 .debug_aranges
                0x00000178       0x28 ./Core/Startup/startup_stm32l433rcix.o
 .debug_aranges
                0x000001a0      0x130 ./Drivers/STM32L4xx_HAL_Driver/Src/stm32l4xx_hal.o
 .debug_aranges
                0x000002d0      0x118 ./Drivers/STM32L4xx_HAL_Driver/Src/stm32l4xx_hal_cortex.o
 .debug_aranges
                0x000003e8       0x58 ./Drivers/STM32L4xx_HAL_Driver/Src/stm32l4xx_hal_gpio.o
 .debug_aranges
                0x00000440      0x138 ./Drivers/STM32L4xx_HAL_Driver/Src/stm32l4xx_hal_pcd.o
 .debug_aranges
                0x00000578       0x58 ./Drivers/STM32L4xx_HAL_Driver/Src/stm32l4xx_hal_pcd_ex.o
 .debug_aranges
                0x000005d0      0x128 ./Drivers/STM32L4xx_HAL_Driver/Src/stm32l4xx_hal_pwr_ex.o
 .debug_aranges
                0x000006f8       0x90 ./Drivers/STM32L4xx_HAL_Driver/Src/stm32l4xx_hal_rcc.o
 .debug_aranges
                0x00000788       0xf0 ./Drivers/STM32L4xx_HAL_Driver/Src/stm32l4xx_hal_rcc_ex.o
 .debug_aranges
                0x00000878       0xf8 ./Drivers/STM32L4xx_HAL_Driver/Src/stm32l4xx_ll_usb.o
 .debug_aranges
                0x00000970       0x90 ./Middlewares/ST/STM32_USB_Device_Library/Class/CDC/Src/usbd_cdc.o
 .debug_aranges
                0x00000a00       0xd8 ./Middlewares/ST/STM32_USB_Device_Library/Core/Src/usbd_core.o
 .debug_aranges
                0x00000ad8       0x90 ./Middlewares/ST/STM32_USB_Device_Library/Core/Src/usbd_ctlreq.o
 .debug_aranges
                0x00000b68       0x50 ./Middlewares/ST/STM32_USB_Device_Library/Core/Src/usbd_ioreq.o
 .debug_aranges
                0x00000bb8       0x20 ./USB_DEVICE/App/usb_device.o
 .debug_aranges
                0x00000bd8       0x48 ./USB_DEVICE/App/usbd_cdc_if.o
 .debug_aranges
                0x00000c20       0x68 ./USB_DEVICE/App/usbd_desc.o
 .debug_aranges
                0x00000c88      0x118 ./USB_DEVICE/Target/usbd_conf.o

.debug_rnglists
                0x00000000      0xa13
 .debug_rnglists
                0x00000000       0x82 ./Core/Src/main.o
 .debug_rnglists
                0x00000082       0x13 ./Core/Src/stm32l4xx_hal_msp.o
 .debug_rnglists
                0x00000095       0x49 ./Core/Src/stm32l4xx_it.o
 .debug_rnglists
                0x000000de       0x13 ./Core/Src/sysmem.o
 .debug_rnglists
                0x000000f1       0x1a ./Core/Src/system_stm32l4xx.o
 .debug_rnglists
                0x0000010b       0x19 ./Core/Startup/startup_stm32l433rcix.o
 .debug_rnglists
                0x00000124       0xdf ./Drivers/STM32L4xx_HAL_Driver/Src/stm32l4xx_hal.o
 .debug_rnglists
                0x00000203       0xce ./Drivers/STM32L4xx_HAL_Driver/Src/stm32l4xx_hal_cortex.o
 .debug_rnglists
                0x000002d1       0x3f ./Drivers/STM32L4xx_HAL_Driver/Src/stm32l4xx_hal_gpio.o
 .debug_rnglists
                0x00000310       0xee ./Drivers/STM32L4xx_HAL_Driver/Src/stm32l4xx_hal_pcd.o
 .debug_rnglists
                0x000003fe       0x3f ./Drivers/STM32L4xx_HAL_Driver/Src/stm32l4xx_hal_pcd_ex.o
 .debug_rnglists
                0x0000043d       0xdf ./Drivers/STM32L4xx_HAL_Driver/Src/stm32l4xx_hal_pwr_ex.o
 .debug_rnglists
                0x0000051c       0x6d ./Drivers/STM32L4xx_HAL_Driver/Src/stm32l4xx_hal_rcc.o
 .debug_rnglists
                0x00000589       0xba ./Drivers/STM32L4xx_HAL_Driver/Src/stm32l4xx_hal_rcc_ex.o
 .debug_rnglists
                0x00000643       0xbd ./Drivers/STM32L4xx_HAL_Driver/Src/stm32l4xx_ll_usb.o
 .debug_rnglists
                0x00000700       0x6c ./Middlewares/ST/STM32_USB_Device_Library/Class/CDC/Src/usbd_cdc.o
 .debug_rnglists
                0x0000076c       0xa1 ./Middlewares/ST/STM32_USB_Device_Library/Core/Src/usbd_core.o
 .debug_rnglists
                0x0000080d       0x72 ./Middlewares/ST/STM32_USB_Device_Library/Core/Src/usbd_ctlreq.o
 .debug_rnglists
                0x0000087f       0x37 ./Middlewares/ST/STM32_USB_Device_Library/Core/Src/usbd_ioreq.o
 .debug_rnglists
                0x000008b6       0x13 ./USB_DEVICE/App/usb_device.o
 .debug_rnglists
                0x000008c9       0x33 ./USB_DEVICE/App/usbd_cdc_if.o
 .debug_rnglists
                0x000008fc       0x49 ./USB_DEVICE/App/usbd_desc.o
 .debug_rnglists
                0x00000945       0xce ./USB_DEVICE/Target/usbd_conf.o

.debug_macro    0x00000000    0x23af8
 .debug_macro   0x00000000      0x3bd ./Core/Src/main.o
 .debug_macro   0x000003bd      0xab4 ./Core/Src/main.o
 .debug_macro   0x00000e71      0x1a1 ./Core/Src/main.o
 .debug_macro   0x00001012       0x2e ./Core/Src/main.o
 .debug_macro   0x00001040       0x28 ./Core/Src/main.o
 .debug_macro   0x00001068       0x22 ./Core/Src/main.o
 .debug_macro   0x0000108a       0x8e ./Core/Src/main.o
 .debug_macro   0x00001118       0x51 ./Core/Src/main.o
 .debug_macro   0x00001169      0x103 ./Core/Src/main.o
 .debug_macro   0x0000126c       0x6a ./Core/Src/main.o
 .debug_macro   0x000012d6      0x1df ./Core/Src/main.o
 .debug_macro   0x000014b5       0x1c ./Core/Src/main.o
 .debug_macro   0x000014d1       0x22 ./Core/Src/main.o
 .debug_macro   0x000014f3       0xfb ./Core/Src/main.o
 .debug_macro   0x000015ee     0x1011 ./Core/Src/main.o
 .debug_macro   0x000025ff      0x11f ./Core/Src/main.o
 .debug_macro   0x0000271e    0x16153 ./Core/Src/main.o
 .debug_macro   0x00018871       0x6d ./Core/Src/main.o
 .debug_macro   0x000188de     0x38e6 ./Core/Src/main.o
 .debug_macro   0x0001c1c4      0x189 ./Core/Src/main.o
 .debug_macro   0x0001c34d       0x5c ./Core/Src/main.o
 .debug_macro   0x0001c3a9     0x13b4 ./Core/Src/main.o
 .debug_macro   0x0001d75d      0x5dd ./Core/Src/main.o
 .debug_macro   0x0001dd3a      0x1b9 ./Core/Src/main.o
 .debug_macro   0x0001def3      0x130 ./Core/Src/main.o
 .debug_macro   0x0001e023      0x26b ./Core/Src/main.o
 .debug_macro   0x0001e28e      0x23d ./Core/Src/main.o
 .debug_macro   0x0001e4cb      0x241 ./Core/Src/main.o
 .debug_macro   0x0001e70c      0x375 ./Core/Src/main.o
 .debug_macro   0x0001ea81       0xd6 ./Core/Src/main.o
 .debug_macro   0x0001eb57       0xab ./Core/Src/main.o
 .debug_macro   0x0001ec02      0x22d ./Core/Src/main.o
 .debug_macro   0x0001ee2f      0x122 ./Core/Src/main.o
 .debug_macro   0x0001ef51      0x364 ./Core/Src/main.o
 .debug_macro   0x0001f2b5      0x26d ./Core/Src/main.o
 .debug_macro   0x0001f522       0x1c ./Core/Src/main.o
 .debug_macro   0x0001f53e       0x61 ./Core/Src/main.o
 .debug_macro   0x0001f59f       0x2a ./Core/Src/main.o
 .debug_macro   0x0001f5c9       0x43 ./Core/Src/main.o
 .debug_macro   0x0001f60c       0x34 ./Core/Src/main.o
 .debug_macro   0x0001f640       0x16 ./Core/Src/main.o
 .debug_macro   0x0001f656       0x35 ./Core/Src/main.o
 .debug_macro   0x0001f68b      0x369 ./Core/Src/main.o
 .debug_macro   0x0001f9f4       0x10 ./Core/Src/main.o
 .debug_macro   0x0001fa04       0x16 ./Core/Src/main.o
 .debug_macro   0x0001fa1a       0x43 ./Core/Src/main.o
 .debug_macro   0x0001fa5d       0x34 ./Core/Src/main.o
 .debug_macro   0x0001fa91       0x10 ./Core/Src/main.o
 .debug_macro   0x0001faa1       0x58 ./Core/Src/main.o
 .debug_macro   0x0001faf9       0x8e ./Core/Src/main.o
 .debug_macro   0x0001fb87       0x1c ./Core/Src/main.o
 .debug_macro   0x0001fba3      0x177 ./Core/Src/main.o
 .debug_macro   0x0001fd1a       0x16 ./Core/Src/main.o
 .debug_macro   0x0001fd30       0x16 ./Core/Src/main.o
 .debug_macro   0x0001fd46      0x146 ./Core/Src/main.o
 .debug_macro   0x0001fe8c       0x16 ./Core/Src/main.o
 .debug_macro   0x0001fea2       0x16 ./Core/Src/main.o
 .debug_macro   0x0001feb8       0x29 ./Core/Src/main.o
 .debug_macro   0x0001fee1       0x16 ./Core/Src/main.o
 .debug_macro   0x0001fef7       0x20 ./Core/Src/main.o
 .debug_macro   0x0001ff17       0x5f ./Core/Src/main.o
 .debug_macro   0x0001ff76      0x20f ./Core/Src/main.o
 .debug_macro   0x00020185       0x10 ./Core/Src/main.o
 .debug_macro   0x00020195       0x16 ./Core/Src/main.o
 .debug_macro   0x000201ab       0x95 ./Core/Src/main.o
 .debug_macro   0x00020240       0x10 ./Core/Src/main.o
 .debug_macro   0x00020250      0x1cb ./Core/Src/stm32l4xx_hal_msp.o
 .debug_macro   0x0002041b      0x1d5 ./Core/Src/stm32l4xx_it.o
 .debug_macro   0x000205f0       0xff ./Core/Src/sysmem.o
 .debug_macro   0x000206ef      0x23c ./Core/Src/sysmem.o
 .debug_macro   0x0002092b      0x1bc ./Core/Src/system_stm32l4xx.o
 .debug_macro   0x00020ae7      0x20a ./Drivers/STM32L4xx_HAL_Driver/Src/stm32l4xx_hal.o
 .debug_macro   0x00020cf1      0x1bc ./Drivers/STM32L4xx_HAL_Driver/Src/stm32l4xx_hal_cortex.o
 .debug_macro   0x00020ead      0x1c3 ./Drivers/STM32L4xx_HAL_Driver/Src/stm32l4xx_hal_gpio.o
 .debug_macro   0x00021070      0x1c8 ./Drivers/STM32L4xx_HAL_Driver/Src/stm32l4xx_hal_pcd.o
 .debug_macro   0x00021238      0x1bc ./Drivers/STM32L4xx_HAL_Driver/Src/stm32l4xx_hal_pcd_ex.o
 .debug_macro   0x000213f4      0x1e0 ./Drivers/STM32L4xx_HAL_Driver/Src/stm32l4xx_hal_pwr_ex.o
 .debug_macro   0x000215d4      0x1fe ./Drivers/STM32L4xx_HAL_Driver/Src/stm32l4xx_hal_rcc.o
 .debug_macro   0x000217d2      0x1f2 ./Drivers/STM32L4xx_HAL_Driver/Src/stm32l4xx_hal_rcc_ex.o
 .debug_macro   0x000219c4      0x1bc ./Drivers/STM32L4xx_HAL_Driver/Src/stm32l4xx_ll_usb.o
 .debug_macro   0x00021b80      0x35a ./Middlewares/ST/STM32_USB_Device_Library/Class/CDC/Src/usbd_cdc.o
 .debug_macro   0x00021eda       0x9e ./Middlewares/ST/STM32_USB_Device_Library/Class/CDC/Src/usbd_cdc.o
 .debug_macro   0x00021f78      0x10b ./Middlewares/ST/STM32_USB_Device_Library/Class/CDC/Src/usbd_cdc.o
 .debug_macro   0x00022083       0x56 ./Middlewares/ST/STM32_USB_Device_Library/Class/CDC/Src/usbd_cdc.o
 .debug_macro   0x000220d9      0x341 ./Middlewares/ST/STM32_USB_Device_Library/Core/Src/usbd_core.o
 .debug_macro   0x0002241a      0x215 ./Middlewares/ST/STM32_USB_Device_Library/Core/Src/usbd_core.o
 .debug_macro   0x0002262f      0x34b ./Middlewares/ST/STM32_USB_Device_Library/Core/Src/usbd_ctlreq.o
 .debug_macro   0x0002297a      0x347 ./Middlewares/ST/STM32_USB_Device_Library/Core/Src/usbd_ioreq.o
 .debug_macro   0x00022cc1      0x37a ./USB_DEVICE/App/usb_device.o
 .debug_macro   0x0002303b       0x22 ./USB_DEVICE/App/usb_device.o
 .debug_macro   0x0002305d       0x22 ./USB_DEVICE/App/usb_device.o
 .debug_macro   0x0002307f       0x16 ./USB_DEVICE/App/usb_device.o
 .debug_macro   0x00023095      0x365 ./USB_DEVICE/App/usbd_cdc_if.o
 .debug_macro   0x000233fa      0x384 ./USB_DEVICE/App/usbd_desc.o
 .debug_macro   0x0002377e       0x1c ./USB_DEVICE/App/usbd_desc.o
 .debug_macro   0x0002379a      0x35e ./USB_DEVICE/Target/usbd_conf.o

.debug_line     0x00000000    0x1186b
 .debug_line    0x00000000     0x1173 ./Core/Src/main.o
 .debug_line    0x00001173      0x733 ./Core/Src/stm32l4xx_hal_msp.o
 .debug_line    0x000018a6      0x80d ./Core/Src/stm32l4xx_it.o
 .debug_line    0x000020b3      0x583 ./Core/Src/sysmem.o
 .debug_line    0x00002636      0x7cd ./Core/Src/system_stm32l4xx.o
 .debug_line    0x00002e03       0x7a ./Core/Startup/startup_stm32l433rcix.o
 .debug_line    0x00002e7d      0xb28 ./Drivers/STM32L4xx_HAL_Driver/Src/stm32l4xx_hal.o
 .debug_line    0x000039a5      0xcc7 ./Drivers/STM32L4xx_HAL_Driver/Src/stm32l4xx_hal_cortex.o
 .debug_line    0x0000466c      0xb60 ./Drivers/STM32L4xx_HAL_Driver/Src/stm32l4xx_hal_gpio.o
 .debug_line    0x000051cc     0x13df ./Drivers/STM32L4xx_HAL_Driver/Src/stm32l4xx_hal_pcd.o
 .debug_line    0x000065ab      0x8cc ./Drivers/STM32L4xx_HAL_Driver/Src/stm32l4xx_hal_pcd_ex.o
 .debug_line    0x00006e77      0xc35 ./Drivers/STM32L4xx_HAL_Driver/Src/stm32l4xx_hal_pwr_ex.o
 .debug_line    0x00007aac      0xfdd ./Drivers/STM32L4xx_HAL_Driver/Src/stm32l4xx_hal_rcc.o
 .debug_line    0x00008a89     0x13cc ./Drivers/STM32L4xx_HAL_Driver/Src/stm32l4xx_hal_rcc_ex.o
 .debug_line    0x00009e55     0x10f4 ./Drivers/STM32L4xx_HAL_Driver/Src/stm32l4xx_ll_usb.o
 .debug_line    0x0000af49      0xeb8 ./Middlewares/ST/STM32_USB_Device_Library/Class/CDC/Src/usbd_cdc.o
 .debug_line    0x0000be01      0xf32 ./Middlewares/ST/STM32_USB_Device_Library/Core/Src/usbd_core.o
 .debug_line    0x0000cd33     0x11fe ./Middlewares/ST/STM32_USB_Device_Library/Core/Src/usbd_ctlreq.o
 .debug_line    0x0000df31      0xa4c ./Middlewares/ST/STM32_USB_Device_Library/Core/Src/usbd_ioreq.o
 .debug_line    0x0000e97d      0xa08 ./USB_DEVICE/App/usb_device.o
 .debug_line    0x0000f385      0xa85 ./USB_DEVICE/App/usbd_cdc_if.o
 .debug_line    0x0000fe0a      0xaec ./USB_DEVICE/App/usbd_desc.o
 .debug_line    0x000108f6      0xf75 ./USB_DEVICE/Target/usbd_conf.o

.debug_str      0x00000000    0xcb16c
 .debug_str     0x00000000    0xc7011 ./Core/Src/main.o
                              0xc73a1 (size before relaxing)
 .debug_str     0x000c7011       0x2c ./Core/Src/stm32l4xx_hal_msp.o
                              0xc24ee (size before relaxing)
 .debug_str     0x000c703d      0x405 ./Core/Src/stm32l4xx_it.o
                              0xc281a (size before relaxing)
 .debug_str     0x000c7442      0x4dc ./Core/Src/sysmem.o
                               0x60d0 (size before relaxing)
 .debug_str     0x000c791e       0xf2 ./Core/Src/system_stm32l4xx.o
                              0xc2557 (size before relaxing)
 .debug_str     0x000c7a10       0x44 ./Core/Startup/startup_stm32l433rcix.o
                                 0x83 (size before relaxing)
 .debug_str     0x000c7a54      0xa14 ./Drivers/STM32L4xx_HAL_Driver/Src/stm32l4xx_hal.o
                              0xc3019 (size before relaxing)
 .debug_str     0x000c8468      0x350 ./Drivers/STM32L4xx_HAL_Driver/Src/stm32l4xx_hal_cortex.o
                              0xc2cca (size before relaxing)
 .debug_str     0x000c87b8      0x127 ./Drivers/STM32L4xx_HAL_Driver/Src/stm32l4xx_hal_gpio.o
                              0xc26cb (size before relaxing)
 .debug_str     0x000c88df      0x5e3 ./Drivers/STM32L4xx_HAL_Driver/Src/stm32l4xx_hal_pcd.o
                              0xc2d3a (size before relaxing)
 .debug_str     0x000c8ec2      0x186 ./Drivers/STM32L4xx_HAL_Driver/Src/stm32l4xx_hal_pcd_ex.o
                              0xc290a (size before relaxing)
 .debug_str     0x000c9048      0x44e ./Drivers/STM32L4xx_HAL_Driver/Src/stm32l4xx_hal_pwr_ex.o
                              0xc29ff (size before relaxing)
 .debug_str     0x000c9496      0x38c ./Drivers/STM32L4xx_HAL_Driver/Src/stm32l4xx_hal_rcc.o
                              0xc2b57 (size before relaxing)
 .debug_str     0x000c9822      0x73b ./Drivers/STM32L4xx_HAL_Driver/Src/stm32l4xx_hal_rcc_ex.o
                              0xc2df4 (size before relaxing)
 .debug_str     0x000c9f5d      0x144 ./Drivers/STM32L4xx_HAL_Driver/Src/stm32l4xx_ll_usb.o
                              0xc28e9 (size before relaxing)
 .debug_str     0x000ca0a1      0x71b ./Middlewares/ST/STM32_USB_Device_Library/Class/CDC/Src/usbd_cdc.o
                              0xc74ee (size before relaxing)
 .debug_str     0x000ca7bc      0x356 ./Middlewares/ST/STM32_USB_Device_Library/Core/Src/usbd_core.o
                              0xc6e7d (size before relaxing)
 .debug_str     0x000cab12      0x176 ./Middlewares/ST/STM32_USB_Device_Library/Core/Src/usbd_ctlreq.o
                              0xc6d01 (size before relaxing)
 .debug_str     0x000cac88       0x51 ./Middlewares/ST/STM32_USB_Device_Library/Core/Src/usbd_ioreq.o
                              0xc6b7d (size before relaxing)
 .debug_str     0x000cacd9       0xc6 ./USB_DEVICE/App/usb_device.o
                              0xc6f30 (size before relaxing)
 .debug_str     0x000cad9f       0xbd ./USB_DEVICE/App/usbd_cdc_if.o
                              0xc6fc6 (size before relaxing)
 .debug_str     0x000cae5c      0x298 ./USB_DEVICE/App/usbd_desc.o
                              0xc6aa7 (size before relaxing)
 .debug_str     0x000cb0f4       0x78 ./USB_DEVICE/Target/usbd_conf.o
                              0xc7e35 (size before relaxing)

.comment        0x00000000       0x43
 .comment       0x00000000       0x43 ./Core/Src/main.o
                                 0x44 (size before relaxing)
 .comment       0x00000043       0x44 ./Core/Src/stm32l4xx_hal_msp.o
 .comment       0x00000043       0x44 ./Core/Src/stm32l4xx_it.o
 .comment       0x00000043       0x44 ./Core/Src/sysmem.o
 .comment       0x00000043       0x44 ./Core/Src/system_stm32l4xx.o
 .comment       0x00000043       0x44 ./Drivers/STM32L4xx_HAL_Driver/Src/stm32l4xx_hal.o
 .comment       0x00000043       0x44 ./Drivers/STM32L4xx_HAL_Driver/Src/stm32l4xx_hal_cortex.o
 .comment       0x00000043       0x44 ./Drivers/STM32L4xx_HAL_Driver/Src/stm32l4xx_hal_gpio.o
 .comment       0x00000043       0x44 ./Drivers/STM32L4xx_HAL_Driver/Src/stm32l4xx_hal_pcd.o
 .comment       0x00000043       0x44 ./Drivers/STM32L4xx_HAL_Driver/Src/stm32l4xx_hal_pcd_ex.o
 .comment       0x00000043       0x44 ./Drivers/STM32L4xx_HAL_Driver/Src/stm32l4xx_hal_pwr_ex.o
 .comment       0x00000043       0x44 ./Drivers/STM32L4xx_HAL_Driver/Src/stm32l4xx_hal_rcc.o
 .comment       0x00000043       0x44 ./Drivers/STM32L4xx_HAL_Driver/Src/stm32l4xx_hal_rcc_ex.o
 .comment       0x00000043       0x44 ./Drivers/STM32L4xx_HAL_Driver/Src/stm32l4xx_ll_usb.o
 .comment       0x00000043       0x44 ./Middlewares/ST/STM32_USB_Device_Library/Class/CDC/Src/usbd_cdc.o
 .comment       0x00000043       0x44 ./Middlewares/ST/STM32_USB_Device_Library/Core/Src/usbd_core.o
 .comment       0x00000043       0x44 ./Middlewares/ST/STM32_USB_Device_Library/Core/Src/usbd_ctlreq.o
 .comment       0x00000043       0x44 ./Middlewares/ST/STM32_USB_Device_Library/Core/Src/usbd_ioreq.o
 .comment       0x00000043       0x44 ./USB_DEVICE/App/usb_device.o
 .comment       0x00000043       0x44 ./USB_DEVICE/App/usbd_cdc_if.o
 .comment       0x00000043       0x44 ./USB_DEVICE/App/usbd_desc.o
 .comment       0x00000043       0x44 ./USB_DEVICE/Target/usbd_conf.o

.debug_frame    0x00000000     0x38a0
 .debug_frame   0x00000000      0x278 ./Core/Src/main.o