../Core/Src/main.c:176:5:main	22
../Core/Src/main.c:454:6:SystemClock_Config	4
../Core/Src/main.c:498:13:MX_GPIO_Init	1
../Core/Src/main.c:532:6:dly	2
../Core/Src/main.c:538:6:I2C_Init	1
../Core/Src/main.c:546:6:I2C_Start	1
../Core/Src/main.c:558:6:I2C_Stop	1
../Core/Src/main.c:567:9:I2C_Read_SDA	2
../Core/Src/main.c:576:9:I2C_Read_SCL	2
../Core/Src/main.c:586:7:Tx	3
../Core/Src/main.c:605:9:Rx	5
../Core/Src/main.c:629:7:I2C_Receive	5
../Core/Src/main.c:660:1:checksum_calculation	2
../Core/Src/main.c:670:10:create_packet	6
../Core/Src/main.c:713:10:create_session_payload	3
../Core/Src/main.c:736:10:create_parameter	3
../Core/Src/main.c:760:6:parse_control_session_payload	1
../Core/Src/main.c:775:6:Error_Handler	1
