2024-12-06 17:43:16,993 [INFO] Activator:176 - 


2024-12-06 17:43:16,993 [INFO] Activator:177 - !SESSION log4j initialized
2024-12-06 17:43:21,579 [INFO] LogOutputStream:77 - [STDOUT_REDIRECT] 
2024-12-06 17:43:30,000 [INFO] ApplicationProperties:184 - Using Application install path: C:\ST\STM32CubeIDE_1.16.1\STM32CubeIDE\plugins\com.st.stm32cube.common.mx_6.12.1.202409122256
2024-12-06 17:43:30,014 [INFO] DbMcusXml:78 - Set database path to: C:\ST\STM32CubeIDE_1.16.1\STM32CubeIDE\plugins\com.st.stm32cube.common.mx_6.12.1.202409122256\\db\/mcu/
2024-12-06 17:43:30,015 [INFO] ApiDb:274 - Set plugin database path to: C:\ST\STM32CubeIDE_1.16.1\STM32CubeIDE\plugins\com.st.stm32cube.common.mx_6.12.1.202409122256\\db\/plugins/boardmanager/
2024-12-06 17:43:30,057 [WARN] ApiDb:259 - Overriding images path with different value:  => C:\ST\STM32CubeIDE_1.16.1\STM32CubeIDE\plugins\com.st.stm32cube.common.mx_6.12.1.202409122256\\db\/plugins/mcufinder/images/
2024-12-06 17:43:30,061 [INFO] ApiDb:250 - Set database path to: C:\Users\Lenovo\.stmcufinder\plugins\mcufinder//mcu/
2024-12-06 17:43:30,062 [INFO] DbMcusAds:125 - Set database path to: C:\Users\Lenovo\.stmcufinder\plugins\mcufinder//mcu/
2024-12-06 17:43:30,065 [INFO] CrossReferenceDbSqlite:203 - Set database path to: C:\Users\Lenovo\.stmcufinder\plugins\mcufinder//mcu/cs/
2024-12-06 17:43:30,152 [INFO] RulesReader:64 - Compatibility file has been processed (297 Rules)
2024-12-06 17:43:30,211 [INFO] DbMcusXml:78 - Set database path to: C:\ST\STM32CubeIDE_1.16.1\STM32CubeIDE\plugins\com.st.stm32cube.common.mx_6.12.1.202409122256\\db\/mcu/
2024-12-06 17:43:30,211 [INFO] ApiDb:274 - Set plugin database path to: C:\ST\STM32CubeIDE_1.16.1\STM32CubeIDE\plugins\com.st.stm32cube.common.mx_6.12.1.202409122256\\db\/plugins/boardmanager/
2024-12-06 17:43:30,211 [INFO] ApiDb:261 - Set plugin images path to: C:\ST\STM32CubeIDE_1.16.1\STM32CubeIDE\plugins\com.st.stm32cube.common.mx_6.12.1.202409122256\\db\/plugins/mcufinder/images/
2024-12-06 17:43:30,212 [WARN] DbFile:41 - Overriding database path with different value: C:\Users\Lenovo\.stmcufinder\plugins\mcufinder/ => C:\Users\Lenovo\.stmcufinder\plugins\mcufinder
2024-12-06 17:43:30,212 [INFO] ApiDb:250 - Set database path to: C:\Users\Lenovo\.stmcufinder\plugins\mcufinder//mcu/
2024-12-06 17:43:30,212 [WARN] DbFile:41 - Overriding database path with different value: C:\Users\Lenovo\.stmcufinder\plugins\mcufinder/ => C:\Users\Lenovo\.stmcufinder\plugins\mcufinder
2024-12-06 17:43:30,212 [INFO] DbMcusAds:125 - Set database path to: C:\Users\Lenovo\.stmcufinder\plugins\mcufinder//mcu/
2024-12-06 17:43:30,212 [WARN] DbFile:41 - Overriding database path with different value: C:\Users\Lenovo\.stmcufinder\plugins\mcufinder/ => C:\Users\Lenovo\.stmcufinder\plugins\mcufinder
2024-12-06 17:43:30,212 [WARN] DbFile:41 - Overriding database path with different value: C:\Users\Lenovo\.stmcufinder\plugins\mcufinder/ => C:\Users\Lenovo\.stmcufinder\plugins\mcufinder
2024-12-06 17:43:30,212 [INFO] CrossReferenceDbSqlite:203 - Set database path to: C:\Users\Lenovo\.stmcufinder\plugins\mcufinder//mcu/cs/
2024-12-06 17:43:30,268 [INFO] MainPanel:268 - HeapMemory: 268435456
2024-12-06 17:43:30,326 [INFO] DbMcusXml:78 - Set database path to: C:\ST\STM32CubeIDE_1.16.1\STM32CubeIDE\plugins\com.st.stm32cube.common.mx_6.12.1.202409122256\\db\/mcu/
2024-12-06 17:43:30,326 [INFO] ApiDb:274 - Set plugin database path to: C:\ST\STM32CubeIDE_1.16.1\STM32CubeIDE\plugins\com.st.stm32cube.common.mx_6.12.1.202409122256\\db\/plugins/boardmanager/
2024-12-06 17:43:30,326 [INFO] ApiDb:261 - Set plugin images path to: C:\ST\STM32CubeIDE_1.16.1\STM32CubeIDE\plugins\com.st.stm32cube.common.mx_6.12.1.202409122256\\db\/plugins/mcufinder/images/
2024-12-06 17:43:30,326 [WARN] DbFile:41 - Overriding database path with different value: C:\Users\Lenovo\.stmcufinder\plugins\mcufinder/ => C:\Users\Lenovo\.stmcufinder\plugins\mcufinder
2024-12-06 17:43:30,326 [INFO] ApiDb:250 - Set database path to: C:\Users\Lenovo\.stmcufinder\plugins\mcufinder//mcu/
2024-12-06 17:43:30,326 [WARN] DbFile:41 - Overriding database path with different value: C:\Users\Lenovo\.stmcufinder\plugins\mcufinder/ => C:\Users\Lenovo\.stmcufinder\plugins\mcufinder
2024-12-06 17:43:30,326 [INFO] DbMcusAds:125 - Set database path to: C:\Users\Lenovo\.stmcufinder\plugins\mcufinder//mcu/
2024-12-06 17:43:30,327 [WARN] DbFile:41 - Overriding database path with different value: C:\Users\Lenovo\.stmcufinder\plugins\mcufinder/ => C:\Users\Lenovo\.stmcufinder\plugins\mcufinder
2024-12-06 17:43:30,327 [WARN] DbFile:41 - Overriding database path with different value: C:\Users\Lenovo\.stmcufinder\plugins\mcufinder/ => C:\Users\Lenovo\.stmcufinder\plugins\mcufinder
2024-12-06 17:43:30,327 [INFO] CrossReferenceDbSqlite:203 - Set database path to: C:\Users\Lenovo\.stmcufinder\plugins\mcufinder//mcu/cs/
2024-12-06 17:43:30,337 [INFO] ApplicationProperties:184 - Using Application install path: C:\ST\STM32CubeIDE_1.16.1\STM32CubeIDE\plugins\com.st.stm32cube.common.mx_6.12.1.202409122256
2024-12-06 17:43:30,338 [INFO] PluginManage:196 - Search for loadable plugins [exclusion list=, ]
2024-12-06 17:43:30,339 [INFO] PluginManage:310 - Check plugin analytics
2024-12-06 17:43:30,475 [INFO] AnalyticsPlugin:253 - Accepted Software Licenses: 
2024-12-06 17:43:30,475 [INFO] AnalyticsPlugin:255 - Accepted CMSIS Pack Licenses: 
2024-12-06 17:43:30,475 [INFO] AnalyticsPlugin:257 - Accepted Firmware Licenses: 
2024-12-06 17:43:30,476 [INFO] PluginManage:359 - Loaded plugin analytics (category:tool,tabindex:-1)
2024-12-06 17:43:30,476 [INFO] PluginManage:310 - Check plugin cadmodel
2024-12-06 17:43:30,479 [INFO] CADModel:105 - Init CAD model plugin
2024-12-06 17:43:30,480 [INFO] PluginManage:359 - Loaded plugin cadmodel (category:power,tabindex:5)
2024-12-06 17:43:30,480 [INFO] PluginManage:310 - Check plugin clock
2024-12-06 17:43:30,487 [INFO] PluginManage:359 - Loaded plugin clock (category:base,tabindex:2)
2024-12-06 17:43:30,488 [INFO] PluginManage:310 - Check plugin ddr
2024-12-06 17:43:30,489 [INFO] PluginManage:359 - Loaded plugin ddr (category:tool,tabindex:6)
2024-12-06 17:43:30,489 [INFO] PluginManage:310 - Check plugin filemanager
2024-12-06 17:43:30,614 [INFO] PluginManage:359 - Loaded plugin filemanager (category:base,tabindex:10)
2024-12-06 17:43:30,615 [INFO] PluginManage:310 - Check plugin ipmanager
2024-12-06 17:43:30,619 [INFO] PluginManage:359 - Loaded plugin ipmanager (category:base,tabindex:5)
2024-12-06 17:43:30,620 [INFO] PluginManage:310 - Check plugin lpbam
2024-12-06 17:43:30,625 [INFO] PluginManage:359 - Loaded plugin lpbam (category:base,tabindex:0)
2024-12-06 17:43:30,626 [INFO] PluginManage:310 - Check plugin memorymap
2024-12-06 17:43:30,635 [INFO] PluginManage:359 - Loaded plugin memorymap (category:base,tabindex:4)
2024-12-06 17:43:30,635 [INFO] PluginManage:310 - Check plugin pinoutandconfiguration
2024-12-06 17:43:30,640 [INFO] PluginManage:359 - Loaded plugin pinoutandconfiguration (category:base,tabindex:1)
2024-12-06 17:43:30,640 [INFO] PluginManage:310 - Check plugin pinoutconfig
2024-12-06 17:43:30,711 [WARN] SupportedApi:132 - Cannot load RTOS API schema: s4s-elt-must-match.1: The content of 'definitions' must match (annotation?, (simpleType | complexType)?, (unique | key | keyref)*)). A problem was found starting at: attribute.
2024-12-06 17:43:30,811 [INFO] PluginManage:359 - Loaded plugin pinoutconfig (category:base,tabindex:0)
2024-12-06 17:43:30,811 [INFO] PluginManage:310 - Check plugin power
2024-12-06 17:43:30,818 [INFO] PluginManage:359 - Loaded plugin power (category:power,tabindex:4)
2024-12-06 17:43:30,818 [INFO] PluginManage:310 - Check plugin projectmanager
2024-12-06 17:43:30,833 [INFO] PluginManage:359 - Loaded plugin projectmanager (category:projectmanager,tabindex:4)
2024-12-06 17:43:30,833 [INFO] PluginManage:310 - Check plugin rif
2024-12-06 17:43:30,838 [INFO] PluginManage:359 - Loaded plugin rif (category:base,tabindex:3)
2024-12-06 17:43:30,838 [INFO] PluginManage:310 - Check plugin thirdparty
2024-12-06 17:43:30,941 [INFO] PluginManage:359 - Loaded plugin thirdparty (category:base,tabindex:-1)
2024-12-06 17:43:30,941 [WARN] IntegrityCheckThread:84 - waiting for thirdparty lock release [integrity check]
2024-12-06 17:43:30,941 [INFO] IntegrityCheckThread:86 - entering critical section [integrity check]
2024-12-06 17:43:30,941 [INFO] PluginManage:310 - Check plugin tools
2024-12-06 17:43:30,942 [INFO] ThirdPartyUpdaterWithRetryManager:70 - Updater plugin not ready yet. [1/15]
2024-12-06 17:43:30,944 [INFO] PluginManage:359 - Loaded plugin tools (category:base,tabindex:7)
2024-12-06 17:43:30,944 [INFO] PluginManage:310 - Check plugin tutovideos
2024-12-06 17:43:31,063 [INFO] PluginManage:359 - Loaded plugin tutovideos (category:base,tabindex:-1)
2024-12-06 17:43:31,063 [INFO] PluginManage:310 - Check plugin updater
2024-12-06 17:43:31,077 [INFO] PluginManage:359 - Loaded plugin updater (category:base,tabindex:12)
2024-12-06 17:43:31,077 [INFO] PluginManage:310 - Check plugin userauth
2024-12-06 17:43:31,082 [INFO] UserAuth:113 - Init User Auth plugin
2024-12-06 17:43:31,083 [INFO] PluginManage:359 - Loaded plugin userauth (category:base,tabindex:14)
2024-12-06 17:43:31,083 [INFO] PluginManage:283 - PluginManage : Loaded plugins [18]
2024-12-06 17:43:31,235 [INFO] PinOutPanel:1561 - setPackage(No Configuration,No Configuration)
2024-12-06 17:43:31,297 [INFO] CADModel:165 - CPN selected for project level
2024-12-06 17:43:31,297 [INFO] CADModel:114 - Register for checkConnection events
2024-12-06 17:43:31,309 [INFO] IPUIPlugin:80 - create IPUIPlugin
2024-12-06 17:43:31,309 [INFO] PluginManager:220 - loadIPPluginJar : add adc
2024-12-06 17:43:31,311 [INFO] IPUIPlugin:80 - create IPUIPlugin
2024-12-06 17:43:31,311 [INFO] PluginManager:220 - loadIPPluginJar : add aes
2024-12-06 17:43:31,313 [INFO] IPUIPlugin:80 - create IPUIPlugin
2024-12-06 17:43:31,313 [INFO] PluginManager:220 - loadIPPluginJar : add can
2024-12-06 17:43:31,315 [INFO] IPUIPlugin:80 - create IPUIPlugin
2024-12-06 17:43:31,315 [INFO] PluginManager:220 - loadIPPluginJar : add comp
2024-12-06 17:43:31,317 [INFO] IPUIPlugin:80 - create IPUIPlugin
2024-12-06 17:43:31,317 [INFO] PluginManager:220 - loadIPPluginJar : add cryp
2024-12-06 17:43:31,319 [INFO] IPUIPlugin:80 - create IPUIPlugin
2024-12-06 17:43:31,319 [INFO] PluginManager:220 - loadIPPluginJar : add ddr_ctrl_phy
2024-12-06 17:43:31,321 [INFO] IPUIPlugin:80 - create IPUIPlugin
2024-12-06 17:43:31,321 [INFO] PluginManager:220 - loadIPPluginJar : add dfsdm
2024-12-06 17:43:31,324 [INFO] IPUIPlugin:80 - create IPUIPlugin
2024-12-06 17:43:31,325 [INFO] PluginManager:220 - loadIPPluginJar : add dma
2024-12-06 17:43:31,326 [INFO] IPUIPlugin:80 - create IPUIPlugin
2024-12-06 17:43:31,327 [INFO] PluginManager:220 - loadIPPluginJar : add dma3
2024-12-06 17:43:31,328 [INFO] IPUIPlugin:80 - create IPUIPlugin
2024-12-06 17:43:31,328 [INFO] PluginManager:220 - loadIPPluginJar : add extmemmanager
2024-12-06 17:43:31,330 [INFO] IPUIPlugin:80 - create IPUIPlugin
2024-12-06 17:43:31,330 [INFO] PluginManager:220 - loadIPPluginJar : add fatfs
2024-12-06 17:43:31,333 [INFO] IPUIPlugin:80 - create IPUIPlugin
2024-12-06 17:43:31,333 [INFO] PluginManager:220 - loadIPPluginJar : add fmc
2024-12-06 17:43:31,337 [INFO] IPUIPlugin:80 - create IPUIPlugin
2024-12-06 17:43:31,337 [INFO] PluginManager:220 - loadIPPluginJar : add freertos
2024-12-06 17:43:31,338 [INFO] IPUIPlugin:80 - create IPUIPlugin
2024-12-06 17:43:31,338 [INFO] PluginManager:220 - loadIPPluginJar : add genericplugin
2024-12-06 17:43:31,340 [INFO] IPUIPlugin:80 - create IPUIPlugin
2024-12-06 17:43:31,340 [INFO] PluginManager:220 - loadIPPluginJar : add gfxmmu
2024-12-06 17:43:31,345 [INFO] IPUIPlugin:80 - create IPUIPlugin
2024-12-06 17:43:31,345 [INFO] PluginManager:220 - loadIPPluginJar : add gic
2024-12-06 17:43:31,349 [INFO] IPUIPlugin:80 - create IPUIPlugin
2024-12-06 17:43:31,349 [INFO] PluginManager:220 - loadIPPluginJar : add gpio
2024-12-06 17:43:31,351 [INFO] IPUIPlugin:80 - create IPUIPlugin
2024-12-06 17:43:31,351 [INFO] PluginManager:220 - loadIPPluginJar : add gtzc
2024-12-06 17:43:31,352 [INFO] IPUIPlugin:80 - create IPUIPlugin
2024-12-06 17:43:31,352 [INFO] PluginManager:220 - loadIPPluginJar : add hash
2024-12-06 17:43:31,354 [INFO] IPUIPlugin:80 - create IPUIPlugin
2024-12-06 17:43:31,354 [INFO] PluginManager:220 - loadIPPluginJar : add i2c
2024-12-06 17:43:31,356 [INFO] IPUIPlugin:80 - create IPUIPlugin
2024-12-06 17:43:31,356 [INFO] PluginManager:220 - loadIPPluginJar : add i2s
2024-12-06 17:43:31,358 [INFO] IPUIPlugin:80 - create IPUIPlugin
2024-12-06 17:43:31,358 [INFO] PluginManager:220 - loadIPPluginJar : add i3c
2024-12-06 17:43:31,361 [INFO] IPUIPlugin:80 - create IPUIPlugin
2024-12-06 17:43:31,361 [INFO] PluginManager:220 - loadIPPluginJar : add ipddr
2024-12-06 17:43:31,366 [INFO] IPUIPlugin:80 - create IPUIPlugin
2024-12-06 17:43:31,366 [INFO] PluginManager:220 - loadIPPluginJar : add linkedlist
2024-12-06 17:43:31,368 [INFO] IPUIPlugin:80 - create IPUIPlugin
2024-12-06 17:43:31,368 [INFO] PluginManager:220 - loadIPPluginJar : add lorawan
2024-12-06 17:43:31,369 [INFO] IPUIPlugin:80 - create IPUIPlugin
2024-12-06 17:43:31,369 [INFO] PluginManager:220 - loadIPPluginJar : add ltdc
2024-12-06 17:43:31,373 [INFO] IPUIPlugin:80 - create IPUIPlugin
2024-12-06 17:43:31,373 [INFO] PluginManager:220 - loadIPPluginJar : add mdma
2024-12-06 17:43:31,376 [INFO] IPUIPlugin:80 - create IPUIPlugin
2024-12-06 17:43:31,377 [INFO] PluginManager:220 - loadIPPluginJar : add nvic
2024-12-06 17:43:31,379 [INFO] IPUIPlugin:80 - create IPUIPlugin
2024-12-06 17:43:31,379 [INFO] PluginManager:220 - loadIPPluginJar : add opamp
2024-12-06 17:43:31,382 [INFO] IPUIPlugin:80 - create IPUIPlugin
2024-12-06 17:43:31,382 [INFO] PluginManager:220 - loadIPPluginJar : add openamp
2024-12-06 17:43:31,386 [INFO] IPUIPlugin:80 - create IPUIPlugin
2024-12-06 17:43:31,386 [INFO] PluginManager:220 - loadIPPluginJar : add pdm2pcm
2024-12-06 17:43:31,391 [INFO] IPUIPlugin:80 - create IPUIPlugin
2024-12-06 17:43:31,394 [INFO] PluginManager:220 - loadIPPluginJar : add plateformsettings
2024-12-06 17:43:31,396 [INFO] IPUIPlugin:80 - create IPUIPlugin
2024-12-06 17:43:31,396 [INFO] PluginManager:220 - loadIPPluginJar : add quadspi
2024-12-06 17:43:31,397 [INFO] IPUIPlugin:80 - create IPUIPlugin
2024-12-06 17:43:31,398 [INFO] PluginManager:220 - loadIPPluginJar : add radio
2024-12-06 17:43:31,400 [INFO] IPUIPlugin:80 - create IPUIPlugin
2024-12-06 17:43:31,401 [INFO] PluginManager:220 - loadIPPluginJar : add resmgrutility
2024-12-06 17:43:31,403 [INFO] IPUIPlugin:80 - create IPUIPlugin
2024-12-06 17:43:31,403 [INFO] PluginManager:220 - loadIPPluginJar : add sai
2024-12-06 17:43:31,406 [INFO] IPUIPlugin:80 - create IPUIPlugin
2024-12-06 17:43:31,406 [INFO] PluginManager:220 - loadIPPluginJar : add spi
2024-12-06 17:43:31,411 [INFO] IPUIPlugin:80 - create IPUIPlugin
2024-12-06 17:43:31,411 [INFO] PluginManager:220 - loadIPPluginJar : add stm32_wpan
2024-12-06 17:43:31,413 [INFO] IPUIPlugin:80 - create IPUIPlugin
2024-12-06 17:43:31,413 [INFO] PluginManager:220 - loadIPPluginJar : add tim
2024-12-06 17:43:31,416 [INFO] IPUIPlugin:80 - create IPUIPlugin
2024-12-06 17:43:31,416 [INFO] PluginManager:220 - loadIPPluginJar : add touchsensing
2024-12-06 17:43:31,419 [INFO] IPUIPlugin:80 - create IPUIPlugin
2024-12-06 17:43:31,419 [INFO] PluginManager:220 - loadIPPluginJar : add tracer_emb
2024-12-06 17:43:31,421 [INFO] IPUIPlugin:80 - create IPUIPlugin
2024-12-06 17:43:31,421 [INFO] PluginManager:220 - loadIPPluginJar : add ts
2024-12-06 17:43:31,423 [INFO] IPUIPlugin:80 - create IPUIPlugin
2024-12-06 17:43:31,423 [INFO] PluginManager:220 - loadIPPluginJar : add tsc
2024-12-06 17:43:31,425 [INFO] IPUIPlugin:80 - create IPUIPlugin
2024-12-06 17:43:31,425 [INFO] PluginManager:220 - loadIPPluginJar : add ucpd
2024-12-06 17:43:31,427 [INFO] IPUIPlugin:80 - create IPUIPlugin
2024-12-06 17:43:31,427 [INFO] PluginManager:220 - loadIPPluginJar : add usart
2024-12-06 17:43:31,430 [INFO] IPUIPlugin:80 - create IPUIPlugin
2024-12-06 17:43:31,430 [INFO] PluginManager:220 - loadIPPluginJar : add usbx
2024-12-06 17:43:31,547 [INFO] CADModel:165 - CPN selected for project level
2024-12-06 17:43:31,547 [INFO] CADModel:114 - Register for checkConnection events
2024-12-06 17:43:31,548 [FATAL] Updater:334 - Updater called before beeing initialized
2024-12-06 17:43:31,548 [ERROR] CADModel:125 - Updater not yet initialized, retry later 
2024-12-06 17:43:31,651 [INFO] CADModel:165 - CPN selected for project level
2024-12-06 17:43:31,651 [INFO] CADModel:114 - Register for checkConnection events
2024-12-06 17:43:31,651 [FATAL] Updater:334 - Updater called before beeing initialized
2024-12-06 17:43:31,651 [ERROR] CADModel:125 - Updater not yet initialized, retry later 
2024-12-06 17:43:31,654 [FATAL] Updater:334 - Updater called before beeing initialized
2024-12-06 17:43:31,743 [FATAL] Updater:334 - Updater called before beeing initialized
2024-12-06 17:43:31,746 [INFO] DbMcusAds:53 - JSON generation date=Fri Sep 20 16:04:23 TRT 2024 (1726837463113)
2024-12-06 17:43:31,747 [FATAL] Updater:334 - Updater called before beeing initialized
2024-12-06 17:43:31,772 [WARN] DetailPanel:346 - Failed to get advertising image, set to default
2024-12-06 17:43:31,836 [FATAL] Updater:334 - Updater called before beeing initialized
2024-12-06 17:43:31,837 [FATAL] Updater:334 - Updater called before beeing initialized
2024-12-06 17:43:31,838 [FATAL] Updater:334 - Updater called before beeing initialized
2024-12-06 17:43:31,838 [WARN] DetailPanel:346 - Failed to get advertising image, set to default
2024-12-06 17:43:31,838 [FATAL] Updater:334 - Updater called before beeing initialized
2024-12-06 17:43:31,872 [ERROR] Updater:1164 - MainUpdater not yet initialized. External WinMGr cannot be set.
2024-12-06 17:43:31,874 [INFO] Updater:1100 - Updater Version found : 6.12.1
2024-12-06 17:43:31,887 [INFO] ApplicationProperties:184 - Using Application install path: C:\ST\STM32CubeIDE_1.16.1\STM32CubeIDE\plugins\com.st.stm32cube.common.mx_6.12.1.202409122256
2024-12-06 17:43:32,399 [INFO] MainUpdater:2873 - connection check result : 10
2024-12-06 17:43:32,400 [INFO] MainUpdater:290 - Updater Check For Update Now.
2024-12-06 17:43:32,400 [INFO] MicroXplorer:498 - Change Database Version : DB.6.0.121
2024-12-06 17:43:32,405 [INFO] McuFinderGlobals:63 - Set McuFinder mode to 2 (CubeIDE integrated)
2024-12-06 17:43:32,406 [INFO] UserAuth:179 - activating auth plugin
2024-12-06 17:43:32,408 [INFO] UserAuth:417 - Internet connection configuration mode: 1
2024-12-06 17:43:32,422 [INFO] JxBrowserEngine:152 - Initiate JxBrowser Engine with user profile folder
2024-12-06 17:43:32,566 [INFO] CheckServerUpdateThread:120 - End of CheckServer Thread
2024-12-06 17:43:32,982 [INFO] WebApp:167 - Instantiating new browser for Auth
2024-12-06 17:43:33,616 [INFO] WebApp:448 - Apply proxy settings
2024-12-06 17:43:33,616 [INFO] WebApp:533 - Chromium requires no authentication
2024-12-06 17:43:33,625 [INFO] WebApp:476 - Direct internet connection detected
2024-12-06 17:43:33,648 [INFO] WebApp:869 - Register for checkConnection events
2024-12-06 17:43:33,649 [INFO] WebApp:448 - Apply proxy settings
2024-12-06 17:43:33,649 [INFO] WebApp:533 - Chromium requires no authentication
2024-12-06 17:43:33,649 [INFO] WebApp:476 - Direct internet connection detected
2024-12-06 17:43:33,803 [INFO] WebApp:220 - Starting web application
2024-12-06 17:43:33,803 [INFO] WebApp:578 - Web application path used C:\ST\STM32CubeIDE_1.16.1\STM32CubeIDE\plugins\com.st.stm32cube.common.mx_6.12.1.202409122256\db\plugins\mcufinder\reactClient1\index.html
2024-12-06 17:43:34,074 [WARN] PackLoader:240 - Cannot read IP mode file for STMicroelectronics.FP-SNS-MOTENVWB1.1.4.0
2024-12-06 17:43:34,084 [WARN] PackLoader:240 - Cannot read IP mode file for STMicroelectronics.FP-ATR-ASTRA1.2.0.1
2024-12-06 17:43:34,094 [WARN] PackLoader:240 - Cannot read IP mode file for STMicroelectronics.X-CUBE-SMBUS.2.1.0
2024-12-06 17:43:34,103 [WARN] PackLoader:240 - Cannot read IP mode file for STMicroelectronics.X-CUBE-WB05N.1.1.0
2024-12-06 17:43:34,135 [WARN] PackLoader:240 - Cannot read IP mode file for STMicroelectronics.X-CUBE-AZRTOS-F7.1.1.0
2024-12-06 17:43:34,211 [WARN] PackLoader:240 - Cannot read IP mode file for STMicroelectronics.X-CUBE-MEMS1.11.0.0
2024-12-06 17:43:34,220 [INFO] WebApp:186 - Connection restablished
2024-12-06 17:43:34,347 [WARN] PackLoader:240 - Cannot read IP mode file for STMicroelectronics.FP-SNS-FLIGHT1.5.0.2
2024-12-06 17:43:34,354 [WARN] PackLoader:240 - Cannot read IP mode file for STMicroelectronics.X-CUBE-DISPLAY.3.0.0
2024-12-06 17:43:34,364 [WARN] PackLoader:240 - Cannot read IP mode file for STMicroelectronics.X-CUBE-BLE1.7.0.0
2024-12-06 17:43:34,371 [WARN] PackLoader:240 - Cannot read IP mode file for STMicroelectronics.X-CUBE-NFC10.1.0.0
2024-12-06 17:43:34,378 [WARN] PackLoader:240 - Cannot read IP mode file for emotas.I-CUBE-CANOPEN.1.3.0
2024-12-06 17:43:34,389 [WARN] PackLoader:240 - Cannot read IP mode file for STMicroelectronics.X-CUBE-BLEMGR.3.1.0
2024-12-06 17:43:34,396 [WARN] PackLoader:240 - Cannot read IP mode file for STMicroelectronics.FP-SNS-SMARTAG2.1.2.0
2024-12-06 17:43:34,406 [INFO] LogOutputStream:77 - [STDOUT_REDIRECT] 1 : Invalid condition id : UX_CORESTACK_Condition cause : null
2024-12-06 17:43:34,408 [INFO] LogOutputStream:77 - [STDOUT_REDIRECT] 1 : Invalid condition id : UX_CORESTACK_Condition cause : null
2024-12-06 17:43:34,409 [INFO] LogOutputStream:77 - [STDOUT_REDIRECT] 1 : Invalid condition id : UX_CORESTACK_Condition cause : null
2024-12-06 17:43:34,410 [INFO] LogOutputStream:77 - [STDOUT_REDIRECT] 1 : Invalid condition id : UX_CORESTACK_Condition cause : null
2024-12-06 17:43:34,411 [INFO] LogOutputStream:77 - [STDOUT_REDIRECT] 1 : Invalid condition id : UX_CORESTACK_Condition cause : null
2024-12-06 17:43:34,415 [WARN] PackLoader:240 - Cannot read IP mode file for STMicroelectronics.X-CUBE-AZRTOS-WL.2.0.0
2024-12-06 17:43:34,425 [WARN] PackLoader:240 - Cannot read IP mode file for STMicroelectronics.FP-SNS-MOTENV1.5.0.0
2024-12-06 17:43:34,437 [WARN] PackLoader:240 - Cannot read IP mode file for wolfSSL.I-CUBE-wolfMQTT.1.19.0
2024-12-06 17:43:34,444 [WARN] PackLoader:240 - Cannot read IP mode file for WES.I-CUBE-Cesium.1.3.0
2024-12-06 17:43:34,450 [WARN] PackLoader:240 - Cannot read IP mode file for STMicroelectronics.X-CUBE-BLE2.3.3.0
2024-12-06 17:43:34,459 [WARN] PackLoader:240 - Cannot read IP mode file for STMicroelectronics.X-CUBE-NFC9.1.0.0
2024-12-06 17:43:34,466 [WARN] PackLoader:240 - Cannot read IP mode file for STMicroelectronics.X-CUBE-TCPP.4.1.0
2024-12-06 17:43:34,485 [WARN] PackLoader:240 - Cannot read IP mode file for STMicroelectronics.X-CUBE-AZRTOS-G0.1.1.0
2024-12-06 17:43:34,497 [WARN] PackLoader:240 - Cannot read IP mode file for STMicroelectronics.X-CUBE-SAFEA1.1.2.2
2024-12-06 17:43:34,503 [WARN] PackLoader:240 - Cannot read IP mode file for STMicroelectronics.X-CUBE-NFC4.3.0.0
2024-12-06 17:43:34,513 [WARN] PackLoader:240 - Cannot read IP mode file for EmbeddedOffice.I-CUBE-FS-RTOS.1.0.1
2024-12-06 17:43:34,514 [ERROR] ConditionMgr:805 - Attr not supported : Dmpu
2024-12-06 17:43:34,515 [ERROR] ConditionMgr:805 - Attr not supported : Dmpu
2024-12-06 17:43:34,515 [ERROR] ConditionMgr:805 - Attr not supported : Dmpu
2024-12-06 17:43:34,515 [ERROR] ConditionMgr:805 - Attr not supported : Dmpu
2024-12-06 17:43:34,515 [ERROR] ConditionMgr:805 - Attr not supported : Dmpu
2024-12-06 17:43:34,515 [ERROR] ConditionMgr:805 - Attr not supported : Dmpu
2024-12-06 17:43:34,515 [ERROR] ConditionMgr:805 - Attr not supported : Dmpu
2024-12-06 17:43:34,515 [ERROR] ConditionMgr:805 - Attr not supported : Dmpu
2024-12-06 17:43:34,515 [ERROR] ConditionMgr:805 - Attr not supported : Dmpu
2024-12-06 17:43:34,515 [ERROR] ConditionMgr:805 - Attr not supported : Dmpu
2024-12-06 17:43:34,515 [ERROR] ConditionMgr:805 - Attr not supported : Dmpu
2024-12-06 17:43:34,515 [ERROR] ConditionMgr:805 - Attr not supported : Dmpu
2024-12-06 17:43:34,515 [ERROR] ConditionMgr:805 - Attr not supported : Dmpu
2024-12-06 17:43:34,515 [ERROR] ConditionMgr:805 - Attr not supported : Dmpu
2024-12-06 17:43:34,515 [ERROR] ConditionMgr:805 - Attr not supported : Dmpu
2024-12-06 17:43:34,515 [ERROR] ConditionMgr:805 - Attr not supported : Dmpu
2024-12-06 17:43:34,515 [ERROR] ConditionMgr:805 - Attr not supported : Dmpu
2024-12-06 17:43:34,516 [ERROR] ConditionMgr:805 - Attr not supported : Dmpu
2024-12-06 17:43:34,516 [ERROR] ConditionMgr:805 - Attr not supported : Dmpu
2024-12-06 17:43:34,516 [ERROR] ConditionMgr:805 - Attr not supported : Dmpu
2024-12-06 17:43:34,516 [ERROR] ConditionMgr:805 - Attr not supported : Dmpu
2024-12-06 17:43:34,516 [ERROR] ConditionMgr:805 - Attr not supported : Dmpu
2024-12-06 17:43:34,516 [ERROR] ConditionMgr:805 - Attr not supported : Dmpu
2024-12-06 17:43:34,516 [ERROR] ConditionMgr:805 - Attr not supported : Dmpu
2024-12-06 17:43:34,516 [ERROR] ConditionMgr:805 - Attr not supported : Dmpu
2024-12-06 17:43:34,516 [ERROR] ConditionMgr:805 - Attr not supported : Dmpu
2024-12-06 17:43:34,516 [ERROR] ConditionMgr:805 - Attr not supported : Dmpu
2024-12-06 17:43:34,516 [ERROR] ConditionMgr:805 - Attr not supported : Dmpu
2024-12-06 17:43:34,516 [ERROR] ConditionMgr:805 - Attr not supported : Dmpu
2024-12-06 17:43:34,516 [ERROR] ConditionMgr:805 - Attr not supported : Dmpu
2024-12-06 17:43:34,516 [ERROR] ConditionMgr:805 - Attr not supported : Dmpu
2024-12-06 17:43:34,516 [ERROR] ConditionMgr:805 - Attr not supported : Dmpu
2024-12-06 17:43:34,516 [ERROR] ConditionMgr:805 - Attr not supported : Dmpu
2024-12-06 17:43:34,516 [ERROR] ConditionMgr:805 - Attr not supported : Dmpu
2024-12-06 17:43:34,516 [ERROR] ConditionMgr:805 - Attr not supported : Dmpu
2024-12-06 17:43:34,516 [ERROR] ConditionMgr:805 - Attr not supported : Dmpu
2024-12-06 17:43:34,516 [ERROR] ConditionMgr:805 - Attr not supported : Dmpu
2024-12-06 17:43:34,516 [ERROR] ConditionMgr:805 - Attr not supported : Dmpu
2024-12-06 17:43:34,516 [ERROR] ConditionMgr:805 - Attr not supported : Dmpu
2024-12-06 17:43:34,516 [ERROR] ConditionMgr:805 - Attr not supported : Dmpu
2024-12-06 17:43:34,516 [ERROR] ConditionMgr:805 - Attr not supported : Dmpu
2024-12-06 17:43:34,516 [ERROR] ConditionMgr:805 - Attr not supported : Dmpu
2024-12-06 17:43:34,516 [ERROR] ConditionMgr:805 - Attr not supported : Dmpu
2024-12-06 17:43:34,516 [ERROR] ConditionMgr:805 - Attr not supported : Dmpu
2024-12-06 17:43:34,516 [ERROR] ConditionMgr:805 - Attr not supported : Dmpu
2024-12-06 17:43:34,516 [ERROR] ConditionMgr:805 - Attr not supported : Dmpu
2024-12-06 17:43:34,516 [ERROR] ConditionMgr:805 - Attr not supported : Dmpu
2024-12-06 17:43:34,516 [ERROR] ConditionMgr:805 - Attr not supported : Dmpu
2024-12-06 17:43:34,517 [ERROR] ConditionMgr:805 - Attr not supported : Dmpu
2024-12-06 17:43:34,517 [ERROR] ConditionMgr:805 - Attr not supported : Dmpu
2024-12-06 17:43:34,517 [ERROR] ConditionMgr:805 - Attr not supported : Dmpu
2024-12-06 17:43:34,517 [ERROR] ConditionMgr:805 - Attr not supported : Dmpu
2024-12-06 17:43:34,517 [ERROR] ConditionMgr:805 - Attr not supported : Dmpu
2024-12-06 17:43:34,517 [ERROR] ConditionMgr:805 - Attr not supported : Dmpu
2024-12-06 17:43:34,517 [ERROR] ConditionMgr:805 - Attr not supported : Dmpu
2024-12-06 17:43:34,517 [ERROR] ConditionMgr:805 - Attr not supported : Dmpu
2024-12-06 17:43:34,517 [ERROR] ConditionMgr:805 - Attr not supported : Dmpu
2024-12-06 17:43:34,517 [ERROR] ConditionMgr:805 - Attr not supported : Dmpu
2024-12-06 17:43:34,517 [ERROR] ConditionMgr:805 - Attr not supported : Dmpu
2024-12-06 17:43:34,517 [ERROR] ConditionMgr:805 - Attr not supported : Dmpu
2024-12-06 17:43:34,517 [ERROR] ConditionMgr:805 - Attr not supported : Dmpu
2024-12-06 17:43:34,517 [ERROR] ConditionMgr:805 - Attr not supported : Dmpu
2024-12-06 17:43:34,517 [ERROR] ConditionMgr:805 - Attr not supported : Dmpu
2024-12-06 17:43:34,517 [ERROR] ConditionMgr:805 - Attr not supported : Dmpu
2024-12-06 17:43:34,524 [WARN] PackLoader:240 - Cannot read IP mode file for RealThread.X-CUBE-RT-Thread_Nano.4.1.1
2024-12-06 17:43:34,529 [WARN] PackLoader:240 - Cannot read IP mode file for STMicroelectronics.FP-ATR-SIGFOX1.3.2.0
2024-12-06 17:43:34,533 [WARN] PackLoader:240 - Cannot read IP mode file for wolfSSL.I-CUBE-wolfSSL.5.7.2
2024-12-06 17:43:34,538 [WARN] ConditionMgr:438 - getConditionDescription Invalid condition id : Cortex-A Device cause : null
2024-12-06 17:43:34,550 [WARN] ConditionMgr:1039 - genDependencies : Invalid condition id : Cortex-A Device cause : null
2024-12-06 17:43:34,550 [WARN] ConditionMgr:1039 - genDependencies : Invalid condition id : Cortex-A Device cause : null
2024-12-06 17:43:34,551 [WARN] ConditionMgr:1039 - genDependencies : Invalid condition id : Cortex-A Device cause : null
2024-12-06 17:43:34,559 [WARN] PackLoader:240 - Cannot read IP mode file for STMicroelectronics.X-CUBE-EEPRMA1.5.1.0
2024-12-06 17:43:34,571 [WARN] PackLoader:240 - Cannot read IP mode file for ITTIA_DB.I-CUBE-ITTIADB.8.9.0
2024-12-06 17:43:34,595 [WARN] PackLoader:240 - Cannot read IP mode file for SEGGER.I-CUBE-embOS.1.3.1
2024-12-06 17:43:34,655 [WARN] PackLoader:240 - Cannot read IP mode file for STMicroelectronics.X-CUBE-ALGOBUILD.1.4.0
2024-12-06 17:43:34,660 [WARN] PackLoader:240 - Cannot read IP mode file for STMicroelectronics.X-CUBE-AI.9.1.0
2024-12-06 17:43:34,674 [WARN] PackLoader:240 - Cannot read IP mode file for STMicroelectronics.X-CUBE-AZRTOS-F4.1.1.0
2024-12-06 17:43:34,679 [WARN] PackLoader:240 - Cannot read IP mode file for STMicroelectronics.X-CUBE-ISPU.2.1.0
2024-12-06 17:43:34,685 [WARN] PackLoader:240 - Cannot read IP mode file for STMicroelectronics.X-CUBE-FREERTOS.1.2.0
2024-12-06 17:43:34,699 [WARN] PackLoader:240 - Cannot read IP mode file for STMicroelectronics.X-CUBE-AZRTOS-L5.2.0.0
2024-12-06 17:43:34,708 [WARN] PackLoader:240 - Cannot read IP mode file for STMicroelectronics.X-CUBE-NFC6.3.1.0
2024-12-06 17:43:34,714 [WARN] PackLoader:240 - Cannot read IP mode file for STMicroelectronics.X-CUBE-DPower.1.2.0
2024-12-06 17:43:34,717 [WARN] PackLoader:240 - Cannot read IP mode file for STMicroelectronics.X-CUBE-AI.9.0.0
2024-12-06 17:43:34,722 [WARN] PackLoader:240 - Cannot read IP mode file for STMicroelectronics.X-CUBE-NFC7.1.0.1
2024-12-06 17:43:34,741 [WARN] ConditionMgr:438 - getConditionDescription Invalid condition id : LAN8742 Phy interface Condition cause : null
2024-12-06 17:43:34,742 [WARN] PackLoader:240 - Cannot read IP mode file for STMicroelectronics.X-CUBE-AZRTOS-L4.2.0.0
2024-12-06 17:43:34,743 [WARN] ConditionMgr:1039 - genDependencies : Invalid condition id : LAN8742 Phy interface Condition cause : null
2024-12-06 17:43:34,743 [WARN] ConditionMgr:1039 - genDependencies : Invalid condition id : LAN8742 Phy interface Condition cause : null
2024-12-06 17:43:34,743 [WARN] ConditionMgr:1039 - genDependencies : Invalid condition id : LAN8742 Phy interface Condition cause : null
2024-12-06 17:43:34,752 [WARN] PackLoader:240 - Cannot read IP mode file for STMicroelectronics.X-CUBE-SFXS2LP1.4.0.0
2024-12-06 17:43:34,781 [WARN] PackLoader:240 - Cannot read IP mode file for STMicroelectronics.X-CUBE-AZRTOS-H7.3.3.0
2024-12-06 17:43:34,794 [WARN] PackLoader:240 - Cannot read IP mode file for STMicroelectronics.X-CUBE-IPS.3.0.0
2024-12-06 17:43:34,808 [WARN] ConditionMgr:438 - getConditionDescription Invalid condition id : UX DEVICE CLASS RTOS Condition cause : null
2024-12-06 17:43:34,808 [WARN] ConditionMgr:438 - getConditionDescription Invalid condition id : UX DEVICE CLASS RTOS Condition cause : null
2024-12-06 17:43:34,809 [WARN] PackLoader:240 - Cannot read IP mode file for STMicroelectronics.X-CUBE-AZRTOS-WB.2.0.0
2024-12-06 17:43:34,809 [WARN] ConditionMgr:1039 - genDependencies : Invalid condition id : UX DEVICE CLASS RTOS Condition cause : null
2024-12-06 17:43:34,809 [WARN] ConditionMgr:1039 - genDependencies : Invalid condition id : UX DEVICE CLASS RTOS Condition cause : null
2024-12-06 17:43:34,810 [WARN] ConditionMgr:1039 - genDependencies : Invalid condition id : UX DEVICE CLASS RTOS Condition cause : null
2024-12-06 17:43:34,810 [WARN] ConditionMgr:1039 - genDependencies : Invalid condition id : UX DEVICE CLASS RTOS Condition cause : null
2024-12-06 17:43:34,810 [WARN] ConditionMgr:1039 - genDependencies : Invalid condition id : UX DEVICE CLASS RTOS Condition cause : null
2024-12-06 17:43:34,814 [WARN] PackLoader:240 - Cannot read IP mode file for STMicroelectronics.X-CUBE-GNSS1.7.0.0
2024-12-06 17:43:34,819 [WARN] PackLoader:240 - Cannot read IP mode file for STMicroelectronics.FP-SNS-STBOX1.2.0.0
2024-12-06 17:43:34,827 [WARN] PackLoader:240 - Cannot read IP mode file for STMicroelectronics.X-CUBE-SUBG2.5.0.0
2024-12-06 17:43:34,835 [WARN] PackLoader:240 - Cannot read IP mode file for Cesanta.I-CUBE-Mongoose.7.13.0
2024-12-06 17:43:34,846 [WARN] PackLoader:240 - Cannot read IP mode file for STMicroelectronics.X-CUBE-AZRTOS-G4.2.0.0
2024-12-06 17:43:34,852 [WARN] PackLoader:240 - Cannot read IP mode file for STMicroelectronics.X-CUBE-ALS.1.0.2
2024-12-06 17:43:34,858 [WARN] PackLoader:240 - Cannot read IP mode file for STMicroelectronics.X-CUBE-TOUCHGFX.4.24.0
2024-12-06 17:43:34,862 [WARN] PackLoader:240 - Cannot read IP mode file for STMicroelectronics.X-CUBE-TOUCHGFX.4.24.1
2024-12-06 17:43:34,866 [WARN] PackLoader:240 - Cannot read IP mode file for wolfSSL.I-CUBE-wolfTPM.3.4.0
2024-12-06 17:43:34,872 [WARN] PackLoader:240 - Cannot read IP mode file for portGmbH.I-Cube-SoM-uGOAL.1.1.0
2024-12-06 17:43:34,905 [WARN] PackLoader:240 - Cannot read IP mode file for STMicroelectronics.X-CUBE-AZRTOS-H7RS.1.0.0
2024-12-06 17:43:34,909 [WARN] PackLoader:240 - Cannot read IP mode file for STMicroelectronics.FP-ATR-ASTRA1.2.0.0
2024-12-06 17:43:34,917 [WARN] PackLoader:240 - Cannot read IP mode file for STMicroelectronics.X-CUBE-TOF1.3.4.2
2024-12-06 17:43:34,945 [WARN] PackLoader:240 - Cannot read IP mode file for Infineon.AIROC-Wi-Fi-Bluetooth-STM32.1.6.1
2024-12-06 17:43:34,952 [WARN] PackLoader:240 - Cannot read IP mode file for wolfSSL.I-CUBE-wolfSSH.1.4.17
2024-12-06 17:43:34,953 [INFO] ThirdParty:978 - Integrity check success = true
2024-12-06 17:43:34,953 [INFO] IntegrityCheckThread:100 - exiting critical section [integrity check]
2024-12-06 17:43:34,953 [INFO] IntegrityCheckThread:103 - End integrity checks thread
2024-12-06 17:43:49,509 [ERROR] LogOutputStream:75 - [STDERR_REDIRECT] 
