2024-09-25 09:40:30,356 [INFO] Activator:176 - 


2024-09-25 09:40:30,370 [INFO] Activator:177 - !SESSION log4j initialized
2024-09-25 09:40:34,095 [INFO] LogOutputStream:77 - [STDOUT_REDIRECT] 
2024-09-25 09:40:42,548 [INFO] ApplicationProperties:184 - Using Application install path: C:\ST\STM32CubeIDE_1.16.1\STM32CubeIDE\plugins\com.st.stm32cube.common.mx_6.12.1.202409122256
2024-09-25 09:40:42,561 [INFO] DbMcusXml:78 - Set database path to: C:\ST\STM32CubeIDE_1.16.1\STM32CubeIDE\plugins\com.st.stm32cube.common.mx_6.12.1.202409122256\\db\/mcu/
2024-09-25 09:40:42,561 [INFO] ApiDb:274 - Set plugin database path to: C:\ST\STM32CubeIDE_1.16.1\STM32CubeIDE\plugins\com.st.stm32cube.common.mx_6.12.1.202409122256\\db\/plugins/boardmanager/
2024-09-25 09:40:42,562 [WARN] ApiDb:259 - Overriding images path with different value:  => C:\ST\STM32CubeIDE_1.16.1\STM32CubeIDE\plugins\com.st.stm32cube.common.mx_6.12.1.202409122256\\db\/plugins/mcufinder/images/
2024-09-25 09:40:42,566 [INFO] ApiDb:250 - Set database path to: C:\Users\Lenovo\.stmcufinder\plugins\mcufinder//mcu/
2024-09-25 09:40:42,568 [INFO] DbMcusAds:125 - Set database path to: C:\Users\Lenovo\.stmcufinder\plugins\mcufinder//mcu/
2024-09-25 09:40:42,569 [INFO] CrossReferenceDbSqlite:203 - Set database path to: C:\Users\Lenovo\.stmcufinder\plugins\mcufinder//mcu/cs/
2024-09-25 09:40:42,657 [INFO] RulesReader:64 - Compatibility file has been processed (297 Rules)
2024-09-25 09:40:42,742 [INFO] DbMcusXml:78 - Set database path to: C:\ST\STM32CubeIDE_1.16.1\STM32CubeIDE\plugins\com.st.stm32cube.common.mx_6.12.1.202409122256\\db\/mcu/
2024-09-25 09:40:42,742 [INFO] ApiDb:274 - Set plugin database path to: C:\ST\STM32CubeIDE_1.16.1\STM32CubeIDE\plugins\com.st.stm32cube.common.mx_6.12.1.202409122256\\db\/plugins/boardmanager/
2024-09-25 09:40:42,743 [INFO] ApiDb:261 - Set plugin images path to: C:\ST\STM32CubeIDE_1.16.1\STM32CubeIDE\plugins\com.st.stm32cube.common.mx_6.12.1.202409122256\\db\/plugins/mcufinder/images/
2024-09-25 09:40:42,743 [WARN] DbFile:41 - Overriding database path with different value: C:\Users\Lenovo\.stmcufinder\plugins\mcufinder/ => C:\Users\Lenovo\.stmcufinder\plugins\mcufinder
2024-09-25 09:40:42,743 [INFO] ApiDb:250 - Set database path to: C:\Users\Lenovo\.stmcufinder\plugins\mcufinder//mcu/
2024-09-25 09:40:42,743 [WARN] DbFile:41 - Overriding database path with different value: C:\Users\Lenovo\.stmcufinder\plugins\mcufinder/ => C:\Users\Lenovo\.stmcufinder\plugins\mcufinder
2024-09-25 09:40:42,743 [INFO] DbMcusAds:125 - Set database path to: C:\Users\Lenovo\.stmcufinder\plugins\mcufinder//mcu/
2024-09-25 09:40:42,743 [WARN] DbFile:41 - Overriding database path with different value: C:\Users\Lenovo\.stmcufinder\plugins\mcufinder/ => C:\Users\Lenovo\.stmcufinder\plugins\mcufinder
2024-09-25 09:40:42,743 [WARN] DbFile:41 - Overriding database path with different value: C:\Users\Lenovo\.stmcufinder\plugins\mcufinder/ => C:\Users\Lenovo\.stmcufinder\plugins\mcufinder
2024-09-25 09:40:42,743 [INFO] CrossReferenceDbSqlite:203 - Set database path to: C:\Users\Lenovo\.stmcufinder\plugins\mcufinder//mcu/cs/
2024-09-25 09:40:42,823 [INFO] MainPanel:268 - HeapMemory: 268435456
2024-09-25 09:40:42,883 [INFO] DbMcusXml:78 - Set database path to: C:\ST\STM32CubeIDE_1.16.1\STM32CubeIDE\plugins\com.st.stm32cube.common.mx_6.12.1.202409122256\\db\/mcu/
2024-09-25 09:40:42,883 [INFO] ApiDb:274 - Set plugin database path to: C:\ST\STM32CubeIDE_1.16.1\STM32CubeIDE\plugins\com.st.stm32cube.common.mx_6.12.1.202409122256\\db\/plugins/boardmanager/
2024-09-25 09:40:42,884 [INFO] ApiDb:261 - Set plugin images path to: C:\ST\STM32CubeIDE_1.16.1\STM32CubeIDE\plugins\com.st.stm32cube.common.mx_6.12.1.202409122256\\db\/plugins/mcufinder/images/
2024-09-25 09:40:42,884 [WARN] DbFile:41 - Overriding database path with different value: C:\Users\Lenovo\.stmcufinder\plugins\mcufinder/ => C:\Users\Lenovo\.stmcufinder\plugins\mcufinder
2024-09-25 09:40:42,884 [INFO] ApiDb:250 - Set database path to: C:\Users\Lenovo\.stmcufinder\plugins\mcufinder//mcu/
2024-09-25 09:40:42,884 [WARN] DbFile:41 - Overriding database path with different value: C:\Users\Lenovo\.stmcufinder\plugins\mcufinder/ => C:\Users\Lenovo\.stmcufinder\plugins\mcufinder
2024-09-25 09:40:42,884 [INFO] DbMcusAds:125 - Set database path to: C:\Users\Lenovo\.stmcufinder\plugins\mcufinder//mcu/
2024-09-25 09:40:42,884 [WARN] DbFile:41 - Overriding database path with different value: C:\Users\Lenovo\.stmcufinder\plugins\mcufinder/ => C:\Users\Lenovo\.stmcufinder\plugins\mcufinder
2024-09-25 09:40:42,884 [WARN] DbFile:41 - Overriding database path with different value: C:\Users\Lenovo\.stmcufinder\plugins\mcufinder/ => C:\Users\Lenovo\.stmcufinder\plugins\mcufinder
2024-09-25 09:40:42,884 [INFO] CrossReferenceDbSqlite:203 - Set database path to: C:\Users\Lenovo\.stmcufinder\plugins\mcufinder//mcu/cs/
2024-09-25 09:40:42,900 [INFO] ApplicationProperties:184 - Using Application install path: C:\ST\STM32CubeIDE_1.16.1\STM32CubeIDE\plugins\com.st.stm32cube.common.mx_6.12.1.202409122256
2024-09-25 09:40:42,901 [INFO] PluginManage:196 - Search for loadable plugins [exclusion list=, ]
2024-09-25 09:40:42,902 [INFO] PluginManage:310 - Check plugin analytics
2024-09-25 09:40:43,035 [INFO] AnalyticsPlugin:253 - Accepted Software Licenses: STM32CubeMX.6.12.0
2024-09-25 09:40:43,035 [INFO] AnalyticsPlugin:255 - Accepted CMSIS Pack Licenses: 
2024-09-25 09:40:43,035 [INFO] AnalyticsPlugin:257 - Accepted Firmware Licenses: FW.F4.1.28.0
2024-09-25 09:40:43,038 [INFO] PluginManage:359 - Loaded plugin analytics (category:tool,tabindex:-1)
2024-09-25 09:40:43,038 [INFO] PluginManage:310 - Check plugin cadmodel
2024-09-25 09:40:43,042 [INFO] CADModel:105 - Init CAD model plugin
2024-09-25 09:40:43,042 [INFO] PluginManage:359 - Loaded plugin cadmodel (category:power,tabindex:5)
2024-09-25 09:40:43,042 [INFO] PluginManage:310 - Check plugin clock
2024-09-25 09:40:43,048 [INFO] PluginManage:359 - Loaded plugin clock (category:base,tabindex:2)
2024-09-25 09:40:43,048 [INFO] PluginManage:310 - Check plugin ddr
2024-09-25 09:40:43,050 [INFO] PluginManage:359 - Loaded plugin ddr (category:tool,tabindex:6)
2024-09-25 09:40:43,050 [INFO] PluginManage:310 - Check plugin filemanager
2024-09-25 09:40:43,168 [INFO] PluginManage:359 - Loaded plugin filemanager (category:base,tabindex:10)
2024-09-25 09:40:43,168 [INFO] PluginManage:310 - Check plugin ipmanager
2024-09-25 09:40:43,175 [INFO] PluginManage:359 - Loaded plugin ipmanager (category:base,tabindex:5)
2024-09-25 09:40:43,175 [INFO] PluginManage:310 - Check plugin lpbam
2024-09-25 09:40:43,181 [INFO] PluginManage:359 - Loaded plugin lpbam (category:base,tabindex:0)
2024-09-25 09:40:43,181 [INFO] PluginManage:310 - Check plugin memorymap
2024-09-25 09:40:43,188 [INFO] PluginManage:359 - Loaded plugin memorymap (category:base,tabindex:4)
2024-09-25 09:40:43,188 [INFO] PluginManage:310 - Check plugin pinoutandconfiguration
2024-09-25 09:40:43,194 [INFO] PluginManage:359 - Loaded plugin pinoutandconfiguration (category:base,tabindex:1)
2024-09-25 09:40:43,194 [INFO] PluginManage:310 - Check plugin pinoutconfig
2024-09-25 09:40:43,255 [WARN] SupportedApi:132 - Cannot load RTOS API schema: s4s-elt-must-match.1: The content of 'definitions' must match (annotation?, (simpleType | complexType)?, (unique | key | keyref)*)). A problem was found starting at: attribute.
2024-09-25 09:40:43,345 [INFO] PluginManage:359 - Loaded plugin pinoutconfig (category:base,tabindex:0)
2024-09-25 09:40:43,345 [INFO] PluginManage:310 - Check plugin power
2024-09-25 09:40:43,351 [INFO] PluginManage:359 - Loaded plugin power (category:power,tabindex:4)
2024-09-25 09:40:43,351 [INFO] PluginManage:310 - Check plugin projectmanager
2024-09-25 09:40:43,361 [INFO] PluginManage:359 - Loaded plugin projectmanager (category:projectmanager,tabindex:4)
2024-09-25 09:40:43,361 [INFO] PluginManage:310 - Check plugin rif
2024-09-25 09:40:43,364 [INFO] PluginManage:359 - Loaded plugin rif (category:base,tabindex:3)
2024-09-25 09:40:43,364 [INFO] PluginManage:310 - Check plugin thirdparty
2024-09-25 09:40:43,438 [INFO] PluginManage:359 - Loaded plugin thirdparty (category:base,tabindex:-1)
2024-09-25 09:40:43,438 [WARN] IntegrityCheckThread:84 - waiting for thirdparty lock release [integrity check]
2024-09-25 09:40:43,439 [INFO] PluginManage:310 - Check plugin tools
2024-09-25 09:40:43,439 [INFO] IntegrityCheckThread:86 - entering critical section [integrity check]
2024-09-25 09:40:43,439 [INFO] ThirdPartyUpdaterWithRetryManager:70 - Updater plugin not ready yet. [1/15]
2024-09-25 09:40:43,441 [INFO] PluginManage:359 - Loaded plugin tools (category:base,tabindex:7)
2024-09-25 09:40:43,441 [INFO] PluginManage:310 - Check plugin tutovideos
2024-09-25 09:40:43,557 [INFO] PluginManage:359 - Loaded plugin tutovideos (category:base,tabindex:-1)
2024-09-25 09:40:43,558 [INFO] PluginManage:310 - Check plugin updater
2024-09-25 09:40:43,569 [INFO] PluginManage:359 - Loaded plugin updater (category:base,tabindex:12)
2024-09-25 09:40:43,569 [INFO] PluginManage:310 - Check plugin userauth
2024-09-25 09:40:43,573 [INFO] UserAuth:113 - Init User Auth plugin
2024-09-25 09:40:43,573 [INFO] PluginManage:359 - Loaded plugin userauth (category:base,tabindex:14)
2024-09-25 09:40:43,574 [INFO] PluginManage:283 - PluginManage : Loaded plugins [18]
2024-09-25 09:40:43,744 [INFO] PinOutPanel:1561 - setPackage(No Configuration,No Configuration)
2024-09-25 09:40:43,838 [INFO] CADModel:165 - CPN selected for project level
2024-09-25 09:40:43,838 [INFO] CADModel:114 - Register for checkConnection events
2024-09-25 09:40:43,853 [INFO] IPUIPlugin:80 - create IPUIPlugin
2024-09-25 09:40:43,853 [INFO] PluginManager:220 - loadIPPluginJar : add adc
2024-09-25 09:40:43,857 [INFO] IPUIPlugin:80 - create IPUIPlugin
2024-09-25 09:40:43,857 [INFO] PluginManager:220 - loadIPPluginJar : add aes
2024-09-25 09:40:43,859 [INFO] IPUIPlugin:80 - create IPUIPlugin
2024-09-25 09:40:43,859 [INFO] PluginManager:220 - loadIPPluginJar : add can
2024-09-25 09:40:43,860 [INFO] IPUIPlugin:80 - create IPUIPlugin
2024-09-25 09:40:43,860 [INFO] PluginManager:220 - loadIPPluginJar : add comp
2024-09-25 09:40:43,862 [INFO] IPUIPlugin:80 - create IPUIPlugin
2024-09-25 09:40:43,862 [INFO] PluginManager:220 - loadIPPluginJar : add cryp
2024-09-25 09:40:43,864 [INFO] IPUIPlugin:80 - create IPUIPlugin
2024-09-25 09:40:43,864 [INFO] PluginManager:220 - loadIPPluginJar : add ddr_ctrl_phy
2024-09-25 09:40:43,866 [INFO] IPUIPlugin:80 - create IPUIPlugin
2024-09-25 09:40:43,866 [INFO] PluginManager:220 - loadIPPluginJar : add dfsdm
2024-09-25 09:40:43,870 [INFO] IPUIPlugin:80 - create IPUIPlugin
2024-09-25 09:40:43,871 [INFO] PluginManager:220 - loadIPPluginJar : add dma
2024-09-25 09:40:43,873 [INFO] IPUIPlugin:80 - create IPUIPlugin
2024-09-25 09:40:43,873 [INFO] PluginManager:220 - loadIPPluginJar : add dma3
2024-09-25 09:40:43,874 [INFO] IPUIPlugin:80 - create IPUIPlugin
2024-09-25 09:40:43,875 [INFO] PluginManager:220 - loadIPPluginJar : add extmemmanager
2024-09-25 09:40:43,875 [INFO] IPUIPlugin:80 - create IPUIPlugin
2024-09-25 09:40:43,875 [INFO] PluginManager:220 - loadIPPluginJar : add fatfs
2024-09-25 09:40:43,878 [INFO] IPUIPlugin:80 - create IPUIPlugin
2024-09-25 09:40:43,878 [INFO] PluginManager:220 - loadIPPluginJar : add fmc
2024-09-25 09:40:43,882 [INFO] IPUIPlugin:80 - create IPUIPlugin
2024-09-25 09:40:43,882 [INFO] PluginManager:220 - loadIPPluginJar : add freertos
2024-09-25 09:40:43,884 [INFO] IPUIPlugin:80 - create IPUIPlugin
2024-09-25 09:40:43,884 [INFO] PluginManager:220 - loadIPPluginJar : add genericplugin
2024-09-25 09:40:43,885 [INFO] IPUIPlugin:80 - create IPUIPlugin
2024-09-25 09:40:43,885 [INFO] PluginManager:220 - loadIPPluginJar : add gfxmmu
2024-09-25 09:40:43,888 [INFO] IPUIPlugin:80 - create IPUIPlugin
2024-09-25 09:40:43,888 [INFO] PluginManager:220 - loadIPPluginJar : add gic
2024-09-25 09:40:43,891 [INFO] IPUIPlugin:80 - create IPUIPlugin
2024-09-25 09:40:43,891 [INFO] PluginManager:220 - loadIPPluginJar : add gpio
2024-09-25 09:40:43,892 [INFO] IPUIPlugin:80 - create IPUIPlugin
2024-09-25 09:40:43,892 [INFO] PluginManager:220 - loadIPPluginJar : add gtzc
2024-09-25 09:40:43,893 [INFO] IPUIPlugin:80 - create IPUIPlugin
2024-09-25 09:40:43,894 [INFO] PluginManager:220 - loadIPPluginJar : add hash
2024-09-25 09:40:43,895 [INFO] IPUIPlugin:80 - create IPUIPlugin
2024-09-25 09:40:43,895 [INFO] PluginManager:220 - loadIPPluginJar : add i2c
2024-09-25 09:40:43,896 [INFO] IPUIPlugin:80 - create IPUIPlugin
2024-09-25 09:40:43,896 [INFO] PluginManager:220 - loadIPPluginJar : add i2s
2024-09-25 09:40:43,898 [INFO] IPUIPlugin:80 - create IPUIPlugin
2024-09-25 09:40:43,898 [INFO] PluginManager:220 - loadIPPluginJar : add i3c
2024-09-25 09:40:43,900 [INFO] IPUIPlugin:80 - create IPUIPlugin
2024-09-25 09:40:43,900 [INFO] PluginManager:220 - loadIPPluginJar : add ipddr
2024-09-25 09:40:43,905 [INFO] IPUIPlugin:80 - create IPUIPlugin
2024-09-25 09:40:43,905 [INFO] PluginManager:220 - loadIPPluginJar : add linkedlist
2024-09-25 09:40:43,907 [INFO] IPUIPlugin:80 - create IPUIPlugin
2024-09-25 09:40:43,907 [INFO] PluginManager:220 - loadIPPluginJar : add lorawan
2024-09-25 09:40:43,908 [INFO] IPUIPlugin:80 - create IPUIPlugin
2024-09-25 09:40:43,908 [INFO] PluginManager:220 - loadIPPluginJar : add ltdc
2024-09-25 09:40:43,911 [INFO] IPUIPlugin:80 - create IPUIPlugin
2024-09-25 09:40:43,911 [INFO] PluginManager:220 - loadIPPluginJar : add mdma
2024-09-25 09:40:43,913 [INFO] IPUIPlugin:80 - create IPUIPlugin
2024-09-25 09:40:43,913 [INFO] PluginManager:220 - loadIPPluginJar : add nvic
2024-09-25 09:40:43,915 [INFO] IPUIPlugin:80 - create IPUIPlugin
2024-09-25 09:40:43,915 [INFO] PluginManager:220 - loadIPPluginJar : add opamp
2024-09-25 09:40:43,917 [INFO] IPUIPlugin:80 - create IPUIPlugin
2024-09-25 09:40:43,917 [INFO] PluginManager:220 - loadIPPluginJar : add openamp
2024-09-25 09:40:43,918 [INFO] IPUIPlugin:80 - create IPUIPlugin
2024-09-25 09:40:43,918 [INFO] PluginManager:220 - loadIPPluginJar : add pdm2pcm
2024-09-25 09:40:43,923 [INFO] IPUIPlugin:80 - create IPUIPlugin
2024-09-25 09:40:43,924 [INFO] PluginManager:220 - loadIPPluginJar : add plateformsettings
2024-09-25 09:40:43,925 [INFO] IPUIPlugin:80 - create IPUIPlugin
2024-09-25 09:40:43,926 [INFO] PluginManager:220 - loadIPPluginJar : add quadspi
2024-09-25 09:40:43,927 [INFO] IPUIPlugin:80 - create IPUIPlugin
2024-09-25 09:40:43,927 [INFO] PluginManager:220 - loadIPPluginJar : add radio
2024-09-25 09:40:43,929 [INFO] IPUIPlugin:80 - create IPUIPlugin
2024-09-25 09:40:43,929 [INFO] PluginManager:220 - loadIPPluginJar : add resmgrutility
2024-09-25 09:40:43,930 [INFO] IPUIPlugin:80 - create IPUIPlugin
2024-09-25 09:40:43,931 [INFO] PluginManager:220 - loadIPPluginJar : add sai
2024-09-25 09:40:43,932 [INFO] IPUIPlugin:80 - create IPUIPlugin
2024-09-25 09:40:43,932 [INFO] PluginManager:220 - loadIPPluginJar : add spi
2024-09-25 09:40:43,935 [INFO] IPUIPlugin:80 - create IPUIPlugin
2024-09-25 09:40:43,935 [INFO] PluginManager:220 - loadIPPluginJar : add stm32_wpan
2024-09-25 09:40:43,936 [INFO] IPUIPlugin:80 - create IPUIPlugin
2024-09-25 09:40:43,936 [INFO] PluginManager:220 - loadIPPluginJar : add tim
2024-09-25 09:40:43,939 [INFO] IPUIPlugin:80 - create IPUIPlugin
2024-09-25 09:40:43,939 [INFO] PluginManager:220 - loadIPPluginJar : add touchsensing
2024-09-25 09:40:43,941 [INFO] IPUIPlugin:80 - create IPUIPlugin
2024-09-25 09:40:43,941 [INFO] PluginManager:220 - loadIPPluginJar : add tracer_emb
2024-09-25 09:40:43,942 [INFO] IPUIPlugin:80 - create IPUIPlugin
2024-09-25 09:40:43,942 [INFO] PluginManager:220 - loadIPPluginJar : add ts
2024-09-25 09:40:43,943 [INFO] IPUIPlugin:80 - create IPUIPlugin
2024-09-25 09:40:43,943 [INFO] PluginManager:220 - loadIPPluginJar : add tsc
2024-09-25 09:40:43,944 [INFO] IPUIPlugin:80 - create IPUIPlugin
2024-09-25 09:40:43,944 [INFO] PluginManager:220 - loadIPPluginJar : add ucpd
2024-09-25 09:40:43,947 [INFO] IPUIPlugin:80 - create IPUIPlugin
2024-09-25 09:40:43,947 [INFO] PluginManager:220 - loadIPPluginJar : add usart
2024-09-25 09:40:43,950 [INFO] IPUIPlugin:80 - create IPUIPlugin
2024-09-25 09:40:43,950 [INFO] PluginManager:220 - loadIPPluginJar : add usbx
2024-09-25 09:40:44,078 [INFO] CADModel:165 - CPN selected for project level
2024-09-25 09:40:44,078 [INFO] CADModel:114 - Register for checkConnection events
2024-09-25 09:40:44,078 [FATAL] Updater:334 - Updater called before beeing initialized
2024-09-25 09:40:44,078 [ERROR] CADModel:125 - Updater not yet initialized, retry later 
2024-09-25 09:40:44,172 [INFO] CADModel:165 - CPN selected for project level
2024-09-25 09:40:44,172 [INFO] CADModel:114 - Register for checkConnection events
2024-09-25 09:40:44,172 [FATAL] Updater:334 - Updater called before beeing initialized
2024-09-25 09:40:44,172 [ERROR] CADModel:125 - Updater not yet initialized, retry later 
2024-09-25 09:40:44,174 [FATAL] Updater:334 - Updater called before beeing initialized
2024-09-25 09:40:44,273 [FATAL] Updater:334 - Updater called before beeing initialized
2024-09-25 09:40:44,276 [INFO] DbMcusAds:53 - JSON generation date=Fri Sep 20 16:04:23 TRT 2024 (1726837463113)
2024-09-25 09:40:44,276 [FATAL] Updater:334 - Updater called before beeing initialized
2024-09-25 09:40:44,302 [WARN] DetailPanel:346 - Failed to get advertising image, set to default
2024-09-25 09:40:44,366 [FATAL] Updater:334 - Updater called before beeing initialized
2024-09-25 09:40:44,367 [FATAL] Updater:334 - Updater called before beeing initialized
2024-09-25 09:40:44,367 [FATAL] Updater:334 - Updater called before beeing initialized
2024-09-25 09:40:44,367 [WARN] DetailPanel:346 - Failed to get advertising image, set to default
2024-09-25 09:40:44,368 [FATAL] Updater:334 - Updater called before beeing initialized
2024-09-25 09:40:44,414 [ERROR] Updater:1164 - MainUpdater not yet initialized. External WinMGr cannot be set.
2024-09-25 09:40:44,416 [INFO] Updater:1100 - Updater Version found : 6.12.1
2024-09-25 09:40:44,438 [INFO] ApplicationProperties:184 - Using Application install path: C:\ST\STM32CubeIDE_1.16.1\STM32CubeIDE\plugins\com.st.stm32cube.common.mx_6.12.1.202409122256
2024-09-25 09:40:44,681 [INFO] MainUpdater:2873 - connection check result : 10
2024-09-25 09:40:44,681 [INFO] MainUpdater:290 - Updater Check For Update Now.
2024-09-25 09:40:44,681 [INFO] MicroXplorer:498 - Change Database Version : DB.6.0.121
2024-09-25 09:40:44,686 [INFO] McuFinderGlobals:63 - Set McuFinder mode to 2 (CubeIDE integrated)
2024-09-25 09:40:44,686 [INFO] UserAuth:179 - activating auth plugin
2024-09-25 09:40:44,688 [INFO] UserAuth:417 - Internet connection configuration mode: 1
2024-09-25 09:40:44,701 [INFO] JxBrowserEngine:152 - Initiate JxBrowser Engine with user profile folder
2024-09-25 09:40:44,854 [INFO] CheckServerUpdateThread:120 - End of CheckServer Thread
2024-09-25 09:40:45,158 [INFO] WebApp:167 - Instantiating new browser for Auth
2024-09-25 09:40:45,687 [INFO] WebApp:448 - Apply proxy settings
2024-09-25 09:40:45,687 [INFO] WebApp:533 - Chromium requires no authentication
2024-09-25 09:40:45,695 [INFO] WebApp:476 - Direct internet connection detected
2024-09-25 09:40:45,710 [INFO] WebApp:869 - Register for checkConnection events
2024-09-25 09:40:45,710 [INFO] WebApp:448 - Apply proxy settings
2024-09-25 09:40:45,710 [INFO] WebApp:533 - Chromium requires no authentication
2024-09-25 09:40:45,711 [INFO] WebApp:476 - Direct internet connection detected
2024-09-25 09:40:45,822 [INFO] WebApp:220 - Starting web application
2024-09-25 09:40:45,823 [INFO] WebApp:578 - Web application path used C:\ST\STM32CubeIDE_1.16.1\STM32CubeIDE\plugins\com.st.stm32cube.common.mx_6.12.1.202409122256\db\plugins\mcufinder\reactClient1\index.html
2024-09-25 09:40:46,064 [INFO] WebApp:186 - Connection restablished
2024-09-25 09:40:46,600 [WARN] PackLoader:240 - Cannot read IP mode file for STMicroelectronics.FP-SNS-MOTENVWB1.1.4.0
2024-09-25 09:40:46,610 [WARN] PackLoader:240 - Cannot read IP mode file for STMicroelectronics.X-CUBE-SMBUS.2.1.0
2024-09-25 09:40:46,641 [WARN] PackLoader:240 - Cannot read IP mode file for STMicroelectronics.X-CUBE-AZRTOS-F7.1.1.0
2024-09-25 09:40:46,700 [WARN] PackLoader:240 - Cannot read IP mode file for STMicroelectronics.X-CUBE-MEMS1.11.0.0
2024-09-25 09:40:46,817 [WARN] PackLoader:240 - Cannot read IP mode file for STMicroelectronics.FP-SNS-FLIGHT1.5.0.2
2024-09-25 09:40:46,823 [WARN] PackLoader:240 - Cannot read IP mode file for STMicroelectronics.X-CUBE-DISPLAY.3.0.0
2024-09-25 09:40:46,829 [WARN] PackLoader:240 - Cannot read IP mode file for STMicroelectronics.X-CUBE-BLE1.7.0.0
2024-09-25 09:40:46,833 [WARN] PackLoader:240 - Cannot read IP mode file for emotas.I-CUBE-CANOPEN.1.3.0
2024-09-25 09:40:46,840 [WARN] PackLoader:240 - Cannot read IP mode file for STMicroelectronics.X-CUBE-BLEMGR.3.1.0
2024-09-25 09:40:46,847 [WARN] PackLoader:240 - Cannot read IP mode file for STMicroelectronics.FP-SNS-SMARTAG2.1.2.0
2024-09-25 09:40:46,858 [INFO] LogOutputStream:77 - [STDOUT_REDIRECT] 1 : Invalid condition id : UX_CORESTACK_Condition cause : null
2024-09-25 09:40:46,859 [INFO] LogOutputStream:77 - [STDOUT_REDIRECT] 1 : Invalid condition id : UX_CORESTACK_Condition cause : null
2024-09-25 09:40:46,860 [INFO] LogOutputStream:77 - [STDOUT_REDIRECT] 1 : Invalid condition id : UX_CORESTACK_Condition cause : null
2024-09-25 09:40:46,861 [INFO] LogOutputStream:77 - [STDOUT_REDIRECT] 1 : Invalid condition id : UX_CORESTACK_Condition cause : null
2024-09-25 09:40:46,862 [INFO] LogOutputStream:77 - [STDOUT_REDIRECT] 1 : Invalid condition id : UX_CORESTACK_Condition cause : null
2024-09-25 09:40:46,865 [WARN] PackLoader:240 - Cannot read IP mode file for STMicroelectronics.X-CUBE-AZRTOS-WL.2.0.0
2024-09-25 09:40:46,870 [WARN] PackLoader:240 - Cannot read IP mode file for STMicroelectronics.FP-SNS-MOTENV1.5.0.0
2024-09-25 09:40:46,876 [WARN] PackLoader:240 - Cannot read IP mode file for wolfSSL.I-CUBE-wolfMQTT.1.19.0
2024-09-25 09:40:46,883 [WARN] PackLoader:240 - Cannot read IP mode file for WES.I-CUBE-Cesium.1.3.0
2024-09-25 09:40:46,887 [WARN] PackLoader:240 - Cannot read IP mode file for STMicroelectronics.X-CUBE-BLE2.3.3.0
2024-09-25 09:40:46,891 [WARN] PackLoader:240 - Cannot read IP mode file for STMicroelectronics.X-CUBE-TCPP.4.1.0
2024-09-25 09:40:46,906 [WARN] PackLoader:240 - Cannot read IP mode file for STMicroelectronics.X-CUBE-AZRTOS-G0.1.1.0
2024-09-25 09:40:46,915 [WARN] PackLoader:240 - Cannot read IP mode file for STMicroelectronics.X-CUBE-SAFEA1.1.2.2
2024-09-25 09:40:46,922 [WARN] PackLoader:240 - Cannot read IP mode file for STMicroelectronics.X-CUBE-NFC4.3.0.0
2024-09-25 09:40:46,932 [WARN] PackLoader:240 - Cannot read IP mode file for EmbeddedOffice.I-CUBE-FS-RTOS.1.0.1
2024-09-25 09:40:46,932 [ERROR] ConditionMgr:805 - Attr not supported : Dmpu
2024-09-25 09:40:46,932 [ERROR] ConditionMgr:805 - Attr not supported : Dmpu
2024-09-25 09:40:46,932 [ERROR] ConditionMgr:805 - Attr not supported : Dmpu
2024-09-25 09:40:46,933 [ERROR] ConditionMgr:805 - Attr not supported : Dmpu
2024-09-25 09:40:46,933 [ERROR] ConditionMgr:805 - Attr not supported : Dmpu
2024-09-25 09:40:46,933 [ERROR] ConditionMgr:805 - Attr not supported : Dmpu
2024-09-25 09:40:46,933 [ERROR] ConditionMgr:805 - Attr not supported : Dmpu
2024-09-25 09:40:46,933 [ERROR] ConditionMgr:805 - Attr not supported : Dmpu
2024-09-25 09:40:46,933 [ERROR] ConditionMgr:805 - Attr not supported : Dmpu
2024-09-25 09:40:46,933 [ERROR] ConditionMgr:805 - Attr not supported : Dmpu
2024-09-25 09:40:46,933 [ERROR] ConditionMgr:805 - Attr not supported : Dmpu
2024-09-25 09:40:46,933 [ERROR] ConditionMgr:805 - Attr not supported : Dmpu
2024-09-25 09:40:46,934 [ERROR] ConditionMgr:805 - Attr not supported : Dmpu
2024-09-25 09:40:46,934 [ERROR] ConditionMgr:805 - Attr not supported : Dmpu
2024-09-25 09:40:46,934 [ERROR] ConditionMgr:805 - Attr not supported : Dmpu
2024-09-25 09:40:46,934 [ERROR] ConditionMgr:805 - Attr not supported : Dmpu
2024-09-25 09:40:46,934 [ERROR] ConditionMgr:805 - Attr not supported : Dmpu
2024-09-25 09:40:46,934 [ERROR] ConditionMgr:805 - Attr not supported : Dmpu
2024-09-25 09:40:46,934 [ERROR] ConditionMgr:805 - Attr not supported : Dmpu
2024-09-25 09:40:46,934 [ERROR] ConditionMgr:805 - Attr not supported : Dmpu
2024-09-25 09:40:46,934 [ERROR] ConditionMgr:805 - Attr not supported : Dmpu
2024-09-25 09:40:46,934 [ERROR] ConditionMgr:805 - Attr not supported : Dmpu
2024-09-25 09:40:46,934 [ERROR] ConditionMgr:805 - Attr not supported : Dmpu
2024-09-25 09:40:46,934 [ERROR] ConditionMgr:805 - Attr not supported : Dmpu
2024-09-25 09:40:46,934 [ERROR] ConditionMgr:805 - Attr not supported : Dmpu
2024-09-25 09:40:46,934 [ERROR] ConditionMgr:805 - Attr not supported : Dmpu
2024-09-25 09:40:46,934 [ERROR] ConditionMgr:805 - Attr not supported : Dmpu
2024-09-25 09:40:46,934 [ERROR] ConditionMgr:805 - Attr not supported : Dmpu
2024-09-25 09:40:46,935 [ERROR] ConditionMgr:805 - Attr not supported : Dmpu
2024-09-25 09:40:46,935 [ERROR] ConditionMgr:805 - Attr not supported : Dmpu
2024-09-25 09:40:46,935 [ERROR] ConditionMgr:805 - Attr not supported : Dmpu
2024-09-25 09:40:46,935 [ERROR] ConditionMgr:805 - Attr not supported : Dmpu
2024-09-25 09:40:46,935 [ERROR] ConditionMgr:805 - Attr not supported : Dmpu
2024-09-25 09:40:46,935 [ERROR] ConditionMgr:805 - Attr not supported : Dmpu
2024-09-25 09:40:46,935 [ERROR] ConditionMgr:805 - Attr not supported : Dmpu
2024-09-25 09:40:46,935 [ERROR] ConditionMgr:805 - Attr not supported : Dmpu
2024-09-25 09:40:46,935 [ERROR] ConditionMgr:805 - Attr not supported : Dmpu
2024-09-25 09:40:46,935 [ERROR] ConditionMgr:805 - Attr not supported : Dmpu
2024-09-25 09:40:46,935 [ERROR] ConditionMgr:805 - Attr not supported : Dmpu
2024-09-25 09:40:46,935 [ERROR] ConditionMgr:805 - Attr not supported : Dmpu
2024-09-25 09:40:46,935 [ERROR] ConditionMgr:805 - Attr not supported : Dmpu
2024-09-25 09:40:46,935 [ERROR] ConditionMgr:805 - Attr not supported : Dmpu
2024-09-25 09:40:46,935 [ERROR] ConditionMgr:805 - Attr not supported : Dmpu
2024-09-25 09:40:46,936 [ERROR] ConditionMgr:805 - Attr not supported : Dmpu
2024-09-25 09:40:46,936 [ERROR] ConditionMgr:805 - Attr not supported : Dmpu
2024-09-25 09:40:46,936 [ERROR] ConditionMgr:805 - Attr not supported : Dmpu
2024-09-25 09:40:46,936 [ERROR] ConditionMgr:805 - Attr not supported : Dmpu
2024-09-25 09:40:46,936 [ERROR] ConditionMgr:805 - Attr not supported : Dmpu
2024-09-25 09:40:46,936 [ERROR] ConditionMgr:805 - Attr not supported : Dmpu
2024-09-25 09:40:46,936 [ERROR] ConditionMgr:805 - Attr not supported : Dmpu
2024-09-25 09:40:46,936 [ERROR] ConditionMgr:805 - Attr not supported : Dmpu
2024-09-25 09:40:46,936 [ERROR] ConditionMgr:805 - Attr not supported : Dmpu
2024-09-25 09:40:46,936 [ERROR] ConditionMgr:805 - Attr not supported : Dmpu
2024-09-25 09:40:46,936 [ERROR] ConditionMgr:805 - Attr not supported : Dmpu
2024-09-25 09:40:46,936 [ERROR] ConditionMgr:805 - Attr not supported : Dmpu
2024-09-25 09:40:46,936 [ERROR] ConditionMgr:805 - Attr not supported : Dmpu
2024-09-25 09:40:46,936 [ERROR] ConditionMgr:805 - Attr not supported : Dmpu
2024-09-25 09:40:46,936 [ERROR] ConditionMgr:805 - Attr not supported : Dmpu
2024-09-25 09:40:46,936 [ERROR] ConditionMgr:805 - Attr not supported : Dmpu
2024-09-25 09:40:46,937 [ERROR] ConditionMgr:805 - Attr not supported : Dmpu
2024-09-25 09:40:46,937 [ERROR] ConditionMgr:805 - Attr not supported : Dmpu
2024-09-25 09:40:46,937 [ERROR] ConditionMgr:805 - Attr not supported : Dmpu
2024-09-25 09:40:46,937 [ERROR] ConditionMgr:805 - Attr not supported : Dmpu
2024-09-25 09:40:46,938 [ERROR] ConditionMgr:805 - Attr not supported : Dmpu
2024-09-25 09:40:46,943 [WARN] PackLoader:240 - Cannot read IP mode file for RealThread.X-CUBE-RT-Thread_Nano.4.1.1
2024-09-25 09:40:46,947 [WARN] PackLoader:240 - Cannot read IP mode file for STMicroelectronics.FP-ATR-SIGFOX1.3.2.0
2024-09-25 09:40:46,953 [WARN] PackLoader:240 - Cannot read IP mode file for wolfSSL.I-CUBE-wolfSSL.5.7.2
2024-09-25 09:40:46,963 [WARN] PackLoader:240 - Cannot read IP mode file for STMicroelectronics.X-CUBE-EEPRMA1.5.1.0
2024-09-25 09:40:46,978 [WARN] PackLoader:240 - Cannot read IP mode file for ITTIA_DB.I-CUBE-ITTIADB.8.9.0
2024-09-25 09:40:47,018 [WARN] PackLoader:240 - Cannot read IP mode file for SEGGER.I-CUBE-embOS.1.3.1
2024-09-25 09:40:47,118 [WARN] PackLoader:240 - Cannot read IP mode file for STMicroelectronics.X-CUBE-ALGOBUILD.1.4.0
2024-09-25 09:40:47,133 [WARN] PackLoader:240 - Cannot read IP mode file for STMicroelectronics.X-CUBE-AZRTOS-F4.1.1.0
2024-09-25 09:40:47,139 [WARN] PackLoader:240 - Cannot read IP mode file for STMicroelectronics.X-CUBE-ISPU.2.1.0
2024-09-25 09:40:47,144 [WARN] PackLoader:240 - Cannot read IP mode file for STMicroelectronics.X-CUBE-FREERTOS.1.2.0
2024-09-25 09:40:47,159 [WARN] PackLoader:240 - Cannot read IP mode file for STMicroelectronics.X-CUBE-AZRTOS-L5.2.0.0
2024-09-25 09:40:47,164 [WARN] PackLoader:240 - Cannot read IP mode file for STMicroelectronics.X-CUBE-NFC6.3.1.0
2024-09-25 09:40:47,168 [WARN] PackLoader:240 - Cannot read IP mode file for STMicroelectronics.X-CUBE-DPower.1.2.0
2024-09-25 09:40:47,171 [WARN] PackLoader:240 - Cannot read IP mode file for STMicroelectronics.X-CUBE-AI.9.0.0
2024-09-25 09:40:47,178 [WARN] PackLoader:240 - Cannot read IP mode file for STMicroelectronics.X-CUBE-NFC7.1.0.1
2024-09-25 09:40:47,189 [WARN] ConditionMgr:438 - getConditionDescription Invalid condition id : LAN8742 Phy interface Condition cause : null
2024-09-25 09:40:47,190 [WARN] PackLoader:240 - Cannot read IP mode file for STMicroelectronics.X-CUBE-AZRTOS-L4.2.0.0
2024-09-25 09:40:47,191 [WARN] ConditionMgr:1039 - genDependencies : Invalid condition id : LAN8742 Phy interface Condition cause : null
2024-09-25 09:40:47,192 [WARN] ConditionMgr:1039 - genDependencies : Invalid condition id : LAN8742 Phy interface Condition cause : null
2024-09-25 09:40:47,192 [WARN] ConditionMgr:1039 - genDependencies : Invalid condition id : LAN8742 Phy interface Condition cause : null
2024-09-25 09:40:47,201 [WARN] PackLoader:240 - Cannot read IP mode file for STMicroelectronics.X-CUBE-SFXS2LP1.4.0.0
2024-09-25 09:40:47,217 [WARN] PackLoader:240 - Cannot read IP mode file for STMicroelectronics.X-CUBE-AZRTOS-H7.3.3.0
2024-09-25 09:40:47,227 [WARN] ConditionMgr:438 - getConditionDescription Invalid condition id : UX DEVICE CLASS RTOS Condition cause : null
2024-09-25 09:40:47,227 [WARN] ConditionMgr:438 - getConditionDescription Invalid condition id : UX DEVICE CLASS RTOS Condition cause : null
2024-09-25 09:40:47,229 [WARN] PackLoader:240 - Cannot read IP mode file for STMicroelectronics.X-CUBE-AZRTOS-WB.2.0.0
2024-09-25 09:40:47,229 [WARN] ConditionMgr:1039 - genDependencies : Invalid condition id : UX DEVICE CLASS RTOS Condition cause : null
2024-09-25 09:40:47,230 [WARN] ConditionMgr:1039 - genDependencies : Invalid condition id : UX DEVICE CLASS RTOS Condition cause : null
2024-09-25 09:40:47,230 [WARN] ConditionMgr:1039 - genDependencies : Invalid condition id : UX DEVICE CLASS RTOS Condition cause : null
2024-09-25 09:40:47,230 [WARN] ConditionMgr:1039 - genDependencies : Invalid condition id : UX DEVICE CLASS RTOS Condition cause : null
2024-09-25 09:40:47,230 [WARN] ConditionMgr:1039 - genDependencies : Invalid condition id : UX DEVICE CLASS RTOS Condition cause : null
2024-09-25 09:40:47,234 [WARN] PackLoader:240 - Cannot read IP mode file for STMicroelectronics.X-CUBE-GNSS1.7.0.0
2024-09-25 09:40:47,239 [WARN] PackLoader:240 - Cannot read IP mode file for STMicroelectronics.FP-SNS-STBOX1.2.0.0
2024-09-25 09:40:47,246 [WARN] PackLoader:240 - Cannot read IP mode file for STMicroelectronics.X-CUBE-SUBG2.5.0.0
2024-09-25 09:40:47,252 [WARN] PackLoader:240 - Cannot read IP mode file for Cesanta.I-CUBE-Mongoose.7.13.0
2024-09-25 09:40:47,260 [WARN] PackLoader:240 - Cannot read IP mode file for STMicroelectronics.X-CUBE-AZRTOS-G4.2.0.0
2024-09-25 09:40:47,264 [WARN] PackLoader:240 - Cannot read IP mode file for STMicroelectronics.X-CUBE-ALS.1.0.2
2024-09-25 09:40:47,268 [WARN] PackLoader:240 - Cannot read IP mode file for STMicroelectronics.X-CUBE-TOUCHGFX.4.24.0
2024-09-25 09:40:47,270 [WARN] PackLoader:240 - Cannot read IP mode file for STMicroelectronics.X-CUBE-TOUCHGFX.4.24.1
2024-09-25 09:40:47,273 [WARN] PackLoader:240 - Cannot read IP mode file for wolfSSL.I-CUBE-wolfTPM.3.4.0
2024-09-25 09:40:47,276 [WARN] PackLoader:240 - Cannot read IP mode file for portGmbH.I-Cube-SoM-uGOAL.1.1.0
2024-09-25 09:40:47,287 [WARN] PackLoader:240 - Cannot read IP mode file for STMicroelectronics.X-CUBE-AZRTOS-H7RS.1.0.0
2024-09-25 09:40:47,291 [WARN] PackLoader:240 - Cannot read IP mode file for STMicroelectronics.FP-ATR-ASTRA1.2.0.0
2024-09-25 09:40:47,298 [WARN] PackLoader:240 - Cannot read IP mode file for STMicroelectronics.X-CUBE-TOF1.3.4.2
2024-09-25 09:40:47,318 [WARN] PackLoader:240 - Cannot read IP mode file for Infineon.AIROC-Wi-Fi-Bluetooth-STM32.1.6.1
2024-09-25 09:40:47,323 [WARN] PackLoader:240 - Cannot read IP mode file for wolfSSL.I-CUBE-wolfSSH.1.4.17
2024-09-25 09:40:47,324 [INFO] ThirdParty:978 - Integrity check success = true
2024-09-25 09:40:47,324 [INFO] IntegrityCheckThread:100 - exiting critical section [integrity check]
2024-09-25 09:40:47,324 [INFO] IntegrityCheckThread:103 - End integrity checks thread
2024-09-25 09:41:22,539 [ERROR] LogOutputStream:75 - [STDERR_REDIRECT] 
